K:/dev/work/object-spectrum/ethos/firmware/examples/stm32wl-openbl-apps/Middlewares/ST/OpenBootloader/Modules/SPI/openbl_spi_cmd.c:54:25:OPENBL_SPI_GetCommandsList	8	static
K:/dev/work/object-spectrum/ethos/firmware/examples/stm32wl-openbl-apps/Middlewares/ST/OpenBootloader/Modules/SPI/openbl_spi_cmd.c:89:6:OPENBL_SPI_SetCommandsList	16	static
K:/dev/work/object-spectrum/ethos/firmware/examples/stm32wl-openbl-apps/Middlewares/ST/OpenBootloader/Modules/SPI/openbl_spi_cmd.c:99:6:OPENBL_SPI_GetCommand	16	static
K:/dev/work/object-spectrum/ethos/firmware/examples/stm32wl-openbl-apps/Middlewares/ST/OpenBootloader/Modules/SPI/openbl_spi_cmd.c:125:6:OPENBL_SPI_GetVersion	8	static
K:/dev/work/object-spectrum/ethos/firmware/examples/stm32wl-openbl-apps/Middlewares/ST/OpenBootloader/Modules/SPI/openbl_spi_cmd.c:141:6:OPENBL_SPI_GetID	8	static
K:/dev/work/object-spectrum/ethos/firmware/examples/stm32wl-openbl-apps/Middlewares/ST/OpenBootloader/Modules/SPI/openbl_spi_cmd.c:160:6:OPENBL_SPI_ReadMemory	24	static
K:/dev/work/object-spectrum/ethos/firmware/examples/stm32wl-openbl-apps/Middlewares/ST/OpenBootloader/Modules/SPI/openbl_spi_cmd.c:217:6:OPENBL_SPI_WriteMemory	32	static
K:/dev/work/object-spectrum/ethos/firmware/examples/stm32wl-openbl-apps/Middlewares/ST/OpenBootloader/Modules/SPI/openbl_spi_cmd.c:291:6:OPENBL_SPI_Go	16	static
K:/dev/work/object-spectrum/ethos/firmware/examples/stm32wl-openbl-apps/Middlewares/ST/OpenBootloader/Modules/SPI/openbl_spi_cmd.c:334:6:OPENBL_SPI_ReadoutProtect	8	static
K:/dev/work/object-spectrum/ethos/firmware/examples/stm32wl-openbl-apps/Middlewares/ST/OpenBootloader/Modules/SPI/openbl_spi_cmd.c:362:6:OPENBL_SPI_ReadoutUnprotect	8	static
K:/dev/work/object-spectrum/ethos/firmware/examples/stm32wl-openbl-apps/Middlewares/ST/OpenBootloader/Modules/SPI/openbl_spi_cmd.c:379:6:OPENBL_SPI_EraseMemory	48	static
K:/dev/work/object-spectrum/ethos/firmware/examples/stm32wl-openbl-apps/Middlewares/ST/OpenBootloader/Modules/SPI/openbl_spi_cmd.c:527:6:OPENBL_SPI_WriteProtect	24	static
K:/dev/work/object-spectrum/ethos/firmware/examples/stm32wl-openbl-apps/Middlewares/ST/OpenBootloader/Modules/SPI/openbl_spi_cmd.c:602:6:OPENBL_SPI_WriteUnprotect	16	static
K:/dev/work/object-spectrum/ethos/firmware/examples/stm32wl-openbl-apps/Middlewares/ST/OpenBootloader/Modules/SPI/openbl_spi_cmd.c:631:9:OPENBL_SPI_GetAddress	24	static
K:/dev/work/object-spectrum/ethos/firmware/examples/stm32wl-openbl-apps/Middlewares/ST/OpenBootloader/Modules/SPI/openbl_spi_cmd.c:672:6:OPENBL_SPI_SpecialCommand	24	static
K:/dev/work/object-spectrum/ethos/firmware/examples/stm32wl-openbl-apps/Middlewares/ST/OpenBootloader/Modules/SPI/openbl_spi_cmd.c:755:6:OPENBL_SPI_ExtendedSpecialCommand	24	static
K:/dev/work/object-spectrum/ethos/firmware/examples/stm32wl-openbl-apps/Middlewares/ST/OpenBootloader/Modules/SPI/openbl_spi_cmd.c:882:16:OPENBL_SPI_ConstructCommandsTable	24	static
K:/dev/work/object-spectrum/ethos/firmware/examples/stm32wl-openbl-apps/Middlewares/ST/OpenBootloader/Modules/SPI/openbl_spi_cmd.c:973:16:OPENBL_SPI_GetSpecialCmdOpCode	24	static
