Archive member included to satisfy reference by file (symbol)

K:/dev/tools/STM32CubeIDE_1.11.0/STM32CubeIDE/plugins/com.st.stm32cube.ide.mcu.externaltools.gnu-tools-for-stm32.11.3.rel1.win32_1.1.100.202309141235/tools/bin/../lib/gcc/arm-none-eabi/11.3.1/../../../../arm-none-eabi/lib/thumb/v7e-m/nofp\libc_nano.a(libc_a-exit.o)
                              K:/dev/tools/STM32CubeIDE_1.11.0/STM32CubeIDE/plugins/com.st.stm32cube.ide.mcu.externaltools.gnu-tools-for-stm32.11.3.rel1.win32_1.1.100.202309141235/tools/bin/../lib/gcc/arm-none-eabi/11.3.1/../../../../arm-none-eabi/lib/thumb/v7e-m/nofp/crt0.o (exit)
K:/dev/tools/STM32CubeIDE_1.11.0/STM32CubeIDE/plugins/com.st.stm32cube.ide.mcu.externaltools.gnu-tools-for-stm32.11.3.rel1.win32_1.1.100.202309141235/tools/bin/../lib/gcc/arm-none-eabi/11.3.1/../../../../arm-none-eabi/lib/thumb/v7e-m/nofp\libc_nano.a(libc_a-findfp.o)
                              K:/dev/tools/STM32CubeIDE_1.11.0/STM32CubeIDE/plugins/com.st.stm32cube.ide.mcu.externaltools.gnu-tools-for-stm32.11.3.rel1.win32_1.1.100.202309141235/tools/bin/../lib/gcc/arm-none-eabi/11.3.1/../../../../arm-none-eabi/lib/thumb/v7e-m/nofp\libc_nano.a(libc_a-exit.o) (__stdio_exit_handler)
K:/dev/tools/STM32CubeIDE_1.11.0/STM32CubeIDE/plugins/com.st.stm32cube.ide.mcu.externaltools.gnu-tools-for-stm32.11.3.rel1.win32_1.1.100.202309141235/tools/bin/../lib/gcc/arm-none-eabi/11.3.1/../../../../arm-none-eabi/lib/thumb/v7e-m/nofp\libc_nano.a(libc_a-fwalk.o)
                              K:/dev/tools/STM32CubeIDE_1.11.0/STM32CubeIDE/plugins/com.st.stm32cube.ide.mcu.externaltools.gnu-tools-for-stm32.11.3.rel1.win32_1.1.100.202309141235/tools/bin/../lib/gcc/arm-none-eabi/11.3.1/../../../../arm-none-eabi/lib/thumb/v7e-m/nofp\libc_nano.a(libc_a-findfp.o) (_fwalk_sglue)
K:/dev/tools/STM32CubeIDE_1.11.0/STM32CubeIDE/plugins/com.st.stm32cube.ide.mcu.externaltools.gnu-tools-for-stm32.11.3.rel1.win32_1.1.100.202309141235/tools/bin/../lib/gcc/arm-none-eabi/11.3.1/../../../../arm-none-eabi/lib/thumb/v7e-m/nofp\libc_nano.a(libc_a-stdio.o)
                              K:/dev/tools/STM32CubeIDE_1.11.0/STM32CubeIDE/plugins/com.st.stm32cube.ide.mcu.externaltools.gnu-tools-for-stm32.11.3.rel1.win32_1.1.100.202309141235/tools/bin/../lib/gcc/arm-none-eabi/11.3.1/../../../../arm-none-eabi/lib/thumb/v7e-m/nofp\libc_nano.a(libc_a-findfp.o) (__sread)
K:/dev/tools/STM32CubeIDE_1.11.0/STM32CubeIDE/plugins/com.st.stm32cube.ide.mcu.externaltools.gnu-tools-for-stm32.11.3.rel1.win32_1.1.100.202309141235/tools/bin/../lib/gcc/arm-none-eabi/11.3.1/../../../../arm-none-eabi/lib/thumb/v7e-m/nofp\libc_nano.a(libc_a-memset.o)
                              K:/dev/tools/STM32CubeIDE_1.11.0/STM32CubeIDE/plugins/com.st.stm32cube.ide.mcu.externaltools.gnu-tools-for-stm32.11.3.rel1.win32_1.1.100.202309141235/tools/bin/../lib/gcc/arm-none-eabi/11.3.1/../../../../arm-none-eabi/lib/thumb/v7e-m/nofp/crt0.o (memset)
K:/dev/tools/STM32CubeIDE_1.11.0/STM32CubeIDE/plugins/com.st.stm32cube.ide.mcu.externaltools.gnu-tools-for-stm32.11.3.rel1.win32_1.1.100.202309141235/tools/bin/../lib/gcc/arm-none-eabi/11.3.1/../../../../arm-none-eabi/lib/thumb/v7e-m/nofp\libc_nano.a(libc_a-closer.o)
                              K:/dev/tools/STM32CubeIDE_1.11.0/STM32CubeIDE/plugins/com.st.stm32cube.ide.mcu.externaltools.gnu-tools-for-stm32.11.3.rel1.win32_1.1.100.202309141235/tools/bin/../lib/gcc/arm-none-eabi/11.3.1/../../../../arm-none-eabi/lib/thumb/v7e-m/nofp\libc_nano.a(libc_a-stdio.o) (_close_r)
K:/dev/tools/STM32CubeIDE_1.11.0/STM32CubeIDE/plugins/com.st.stm32cube.ide.mcu.externaltools.gnu-tools-for-stm32.11.3.rel1.win32_1.1.100.202309141235/tools/bin/../lib/gcc/arm-none-eabi/11.3.1/../../../../arm-none-eabi/lib/thumb/v7e-m/nofp\libc_nano.a(libc_a-reent.o)
                              K:/dev/tools/STM32CubeIDE_1.11.0/STM32CubeIDE/plugins/com.st.stm32cube.ide.mcu.externaltools.gnu-tools-for-stm32.11.3.rel1.win32_1.1.100.202309141235/tools/bin/../lib/gcc/arm-none-eabi/11.3.1/../../../../arm-none-eabi/lib/thumb/v7e-m/nofp\libc_nano.a(libc_a-closer.o) (errno)
K:/dev/tools/STM32CubeIDE_1.11.0/STM32CubeIDE/plugins/com.st.stm32cube.ide.mcu.externaltools.gnu-tools-for-stm32.11.3.rel1.win32_1.1.100.202309141235/tools/bin/../lib/gcc/arm-none-eabi/11.3.1/../../../../arm-none-eabi/lib/thumb/v7e-m/nofp\libc_nano.a(libc_a-impure.o)
                              K:/dev/tools/STM32CubeIDE_1.11.0/STM32CubeIDE/plugins/com.st.stm32cube.ide.mcu.externaltools.gnu-tools-for-stm32.11.3.rel1.win32_1.1.100.202309141235/tools/bin/../lib/gcc/arm-none-eabi/11.3.1/../../../../arm-none-eabi/lib/thumb/v7e-m/nofp\libc_nano.a(libc_a-reent.o) (_impure_ptr)
K:/dev/tools/STM32CubeIDE_1.11.0/STM32CubeIDE/plugins/com.st.stm32cube.ide.mcu.externaltools.gnu-tools-for-stm32.11.3.rel1.win32_1.1.100.202309141235/tools/bin/../lib/gcc/arm-none-eabi/11.3.1/../../../../arm-none-eabi/lib/thumb/v7e-m/nofp\libc_nano.a(libc_a-lseekr.o)
[...]
Memory Configuration

Name             Origin             Length             Attributes
ROM              0x0000000008000000 0x0000000000007000 xr
RAM1             0x0000000020000000 0x0000000000001800 xrw
RAM2             0x0000000020008000 0x0000000000001800 xrw
*default*        0x0000000000000000 0xffffffffffffffff

Linker script and memory map

LOAD K:/dev/tools/STM32CubeIDE_1.11.0/STM32CubeIDE/plugins/com.st.stm32cube.ide.mcu.externaltools.gnu-tools-for-stm32.11.3.rel1.win32_1.1.100.202309141235/tools/bin/../lib/gcc/arm-none-eabi/11.3.1/thumb/v7e-m/nofp/crti.o
LOAD K:/dev/tools/STM32CubeIDE_1.11.0/STM32CubeIDE/plugins/com.st.stm32cube.ide.mcu.externaltools.gnu-tools-for-stm32.11.3.rel1.win32_1.1.100.202309141235/tools/bin/../lib/gcc/arm-none-eabi/11.3.1/thumb/v7e-m/nofp/crtbegin.o
LOAD K:/dev/tools/STM32CubeIDE_1.11.0/STM32CubeIDE/plugins/com.st.stm32cube.ide.mcu.externaltools.gnu-tools-for-stm32.11.3.rel1.win32_1.1.100.202309141235/tools/bin/../lib/gcc/arm-none-eabi/11.3.1/../../../../arm-none-eabi/lib/thumb/v7e-m/nofp/crt0.o
LOAD ./Application/Core/main.o
LOAD ./Application/Core/stm32wlxx_it.o
LOAD ./Application/Core/syscalls.o
LOAD ./Application/Core/sysmem.o
LOAD ./Application/OpenBootloader/App/app_openbootloader.o
LOAD ./Application/OpenBootloader/Target/common_interface.o
LOAD ./Application/OpenBootloader/Target/engibytes_interface.o
LOAD ./Application/OpenBootloader/Target/flash_interface.o
LOAD ./Application/OpenBootloader/Target/iwdg_interface.o
LOAD ./Application/OpenBootloader/Target/optionbytes_interface.o
LOAD ./Application/OpenBootloader/Target/otp_interface.o
LOAD ./Application/OpenBootloader/Target/ram_interface.o
LOAD ./Application/OpenBootloader/Target/spi_interface.o
LOAD ./Application/OpenBootloader/Target/systemmemory_interface.o
LOAD ./Application/OpenBootloader/Target/usart_interface.o
LOAD ./Application/Startup/startup_stm32wl55jcix.o
LOAD ./Drivers/CMSIS/system_stm32wlxx.o
LOAD ./Drivers/STM32WLxx_HAL_Driver/stm32wlxx_hal.o
LOAD ./Drivers/STM32WLxx_HAL_Driver/stm32wlxx_hal_cortex.o
LOAD ./Drivers/STM32WLxx_HAL_Driver/stm32wlxx_hal_dma.o
LOAD ./Drivers/STM32WLxx_HAL_Driver/stm32wlxx_hal_dma_ex.o
LOAD ./Drivers/STM32WLxx_HAL_Driver/stm32wlxx_hal_exti.o
LOAD ./Drivers/STM32WLxx_HAL_Driver/stm32wlxx_hal_flash.o
LOAD ./Drivers/STM32WLxx_HAL_Driver/stm32wlxx_hal_flash_ex.o
LOAD ./Drivers/STM32WLxx_HAL_Driver/stm32wlxx_hal_gpio.o
LOAD ./Drivers/STM32WLxx_HAL_Driver/stm32wlxx_hal_iwdg.o
LOAD ./Drivers/STM32WLxx_HAL_Driver/stm32wlxx_hal_pwr.o
LOAD ./Drivers/STM32WLxx_HAL_Driver/stm32wlxx_hal_pwr_ex.o
LOAD ./Drivers/STM32WLxx_HAL_Driver/stm32wlxx_hal_rcc.o
LOAD ./Drivers/STM32WLxx_HAL_Driver/stm32wlxx_hal_rcc_ex.o
LOAD ./Drivers/STM32WLxx_HAL_Driver/stm32wlxx_hal_spi.o
LOAD ./Drivers/STM32WLxx_HAL_Driver/stm32wlxx_hal_spi_ex.o
LOAD ./Drivers/STM32WLxx_HAL_Driver/stm32wlxx_hal_usart.o
LOAD ./Drivers/STM32WLxx_HAL_Driver/stm32wlxx_hal_usart_ex.o
LOAD ./Drivers/STM32WLxx_HAL_Driver/stm32wlxx_ll_gpio.o
LOAD ./Drivers/STM32WLxx_HAL_Driver/stm32wlxx_ll_rcc.o
LOAD ./Drivers/STM32WLxx_HAL_Driver/stm32wlxx_ll_spi.o
LOAD ./Drivers/STM32WLxx_HAL_Driver/stm32wlxx_ll_usart.o
LOAD ./Middlewares/Core/openbl_core.o
LOAD ./Middlewares/Modules/MEM/openbl_mem.o
LOAD ./Middlewares/Modules/SPI/openbl_spi_cmd.o
LOAD ./Middlewares/Modules/USART/openbl_usart_cmd.o
START GROUP
LOAD K:/dev/tools/STM32CubeIDE_1.11.0/STM32CubeIDE/plugins/com.st.stm32cube.ide.mcu.externaltools.gnu-tools-for-stm32.11.3.rel1.win32_1.1.100.202309141235/tools/bin/../lib/gcc/arm-none-eabi/11.3.1/../../../../arm-none-eabi/lib/thumb/v7e-m/nofp\libc_nano.a
LOAD K:/dev/tools/STM32CubeIDE_1.11.0/STM32CubeIDE/plugins/com.st.stm32cube.ide.mcu.externaltools.gnu-tools-for-stm32.11.3.rel1.win32_1.1.100.202309141235/tools/bin/../lib/gcc/arm-none-eabi/11.3.1/../../../../arm-none-eabi/lib/thumb/v7e-m/nofp\libm.a
END GROUP
START GROUP
LOAD K:/dev/tools/STM32CubeIDE_1.11.0/STM32CubeIDE/plugins/com.st.stm32cube.ide.mcu.externaltools.gnu-tools-for-stm32.11.3.rel1.win32_1.1.100.202309141235/tools/bin/../lib/gcc/arm-none-eabi/11.3.1/thumb/v7e-m/nofp\libgcc.a
LOAD K:/dev/tools/STM32CubeIDE_1.11.0/STM32CubeIDE/plugins/com.st.stm32cube.ide.mcu.externaltools.gnu-tools-for-stm32.11.3.rel1.win32_1.1.100.202309141235/tools/bin/../lib/gcc/arm-none-eabi/11.3.1/../../../../arm-none-eabi/lib/thumb/v7e-m/nofp\libc_nano.a
END GROUP
START GROUP
LOAD K:/dev/tools/STM32CubeIDE_1.11.0/STM32CubeIDE/plugins/com.st.stm32cube.ide.mcu.externaltools.gnu-tools-for-stm32.11.3.rel1.win32_1.1.100.202309141235/tools/bin/../lib/gcc/arm-none-eabi/11.3.1/thumb/v7e-m/nofp\libgcc.a
LOAD K:/dev/tools/STM32CubeIDE_1.11.0/STM32CubeIDE/plugins/com.st.stm32cube.ide.mcu.externaltools.gnu-tools-for-stm32.11.3.rel1.win32_1.1.100.202309141235/tools/bin/../lib/gcc/arm-none-eabi/11.3.1/../../../../arm-none-eabi/lib/thumb/v7e-m/nofp\libc_nano.a
LOAD K:/dev/tools/STM32CubeIDE_1.11.0/STM32CubeIDE/plugins/com.st.stm32cube.ide.mcu.externaltools.gnu-tools-for-stm32.11.3.rel1.win32_1.1.100.202309141235/tools/bin/../lib/gcc/arm-none-eabi/11.3.1/../../../../arm-none-eabi/lib/thumb/v7e-m/nofp\libnosys.a
END GROUP
START GROUP
LOAD K:/dev/tools/STM32CubeIDE_1.11.0/STM32CubeIDE/plugins/com.st.stm32cube.ide.mcu.externaltools.gnu-tools-for-stm32.11.3.rel1.win32_1.1.100.202309141235/tools/bin/../lib/gcc/arm-none-eabi/11.3.1/thumb/v7e-m/nofp\libgcc.a
LOAD K:/dev/tools/STM32CubeIDE_1.11.0/STM32CubeIDE/plugins/com.st.stm32cube.ide.mcu.externaltools.gnu-tools-for-stm32.11.3.rel1.win32_1.1.100.202309141235/tools/bin/../lib/gcc/arm-none-eabi/11.3.1/../../../../arm-none-eabi/lib/thumb/v7e-m/nofp\libc_nano.a
LOAD K:/dev/tools/STM32CubeIDE_1.11.0/STM32CubeIDE/plugins/com.st.stm32cube.ide.mcu.externaltools.gnu-tools-for-stm32.11.3.rel1.win32_1.1.100.202309141235/tools/bin/../lib/gcc/arm-none-eabi/11.3.1/../../../../arm-none-eabi/lib/thumb/v7e-m/nofp\libnosys.a
END GROUP
LOAD K:/dev/tools/STM32CubeIDE_1.11.0/STM32CubeIDE/plugins/com.st.stm32cube.ide.mcu.externaltools.gnu-tools-for-stm32.11.3.rel1.win32_1.1.100.202309141235/tools/bin/../lib/gcc/arm-none-eabi/11.3.1/thumb/v7e-m/nofp/crtend.o
LOAD K:/dev/tools/STM32CubeIDE_1.11.0/STM32CubeIDE/plugins/com.st.stm32cube.ide.mcu.externaltools.gnu-tools-for-stm32.11.3.rel1.win32_1.1.100.202309141235/tools/bin/../lib/gcc/arm-none-eabi/11.3.1/thumb/v7e-m/nofp/crtn.o
                0x0000000020001800                _estack = (ORIGIN (RAM1) + LENGTH (RAM1))
                0x0000000000000200                _Min_Heap_Size = 0x200
                0x0000000000000400                _Min_Stack_Size = 0x400

.isr_vector     0x0000000008000000      0x138
                0x0000000008000000                . = ALIGN (0x8)
 *(.isr_vector)
 .isr_vector    0x0000000008000000      0x138 ./Application/Startup/startup_stm32wl55jcix.o
                0x0000000008000000                g_pfnVectors
                0x0000000008000138                . = ALIGN (0x8)

.text           0x0000000008000138     0x6808
                0x0000000008000138                . = ALIGN (0x8)
 *(.text)
 .text          0x0000000008000138       0x40 K:/dev/tools/STM32CubeIDE_1.11.0/STM32CubeIDE/plugins/com.st.stm32cube.ide.mcu.externaltools.gnu-tools-for-stm32.11.3.rel1.win32_1.1.100.202309141235/tools/bin/../lib/gcc/arm-none-eabi/11.3.1/thumb/v7e-m/nofp/crtbegin.o
 *(.text*)
 .text.main     0x0000000008000178       0x16 ./Application/Core/main.o
                0x0000000008000178                main
 *fill*         0x000000000800018e        0x2 
 .text.SystemClock_Config
                0x0000000008000190       0xc4 ./Application/Core/main.o
 .text.System_DeInit
                0x0000000008000254       0x28 ./Application/Core/main.o
                0x0000000008000254                System_DeInit
 .text.Error_Handler
                0x000000000800027c        0x6 ./Application/Core/main.o
                0x000000000800027c                Error_Handler
 .text.NMI_Handler
                0x0000000008000282        0x6 ./Application/Core/stm32wlxx_it.o
                0x0000000008000282                NMI_Handler
 .text.HardFault_Handler
                0x0000000008000288        0x6 ./Application/Core/stm32wlxx_it.o
                0x0000000008000288                HardFault_Handler
 .text.MemManage_Handler
                0x000000000800028e        0x6 ./Application/Core/stm32wlxx_it.o
                0x000000000800028e                MemManage_Handler
 .text.BusFault_Handler
                0x0000000008000294        0x6 ./Application/Core/stm32wlxx_it.o
                0x0000000008000294                BusFault_Handler
 .text.UsageFault_Handler
                0x000000000800029a        0x6 ./Application/Core/stm32wlxx_it.o
                0x000000000800029a                UsageFault_Handler
 .text.SVC_Handler
                0x00000000080002a0        0xc ./Application/Core/stm32wlxx_it.o
                0x00000000080002a0                SVC_Handler
 .text.DebugMon_Handler
                0x00000000080002ac        0xc ./Application/Core/stm32wlxx_it.o
                0x00000000080002ac                DebugMon_Handler
 .text.PendSV_Handler
                0x00000000080002b8        0xc ./Application/Core/stm32wlxx_it.o
                0x00000000080002b8                PendSV_Handler
 .text.SysTick_Handler
                0x00000000080002c4        0xc ./Application/Core/stm32wlxx_it.o
                0x00000000080002c4                SysTick_Handler
 .text.SPI1_IRQHandler
                0x00000000080002d0        0xc ./Application/Core/stm32wlxx_it.o
                0x00000000080002d0                SPI1_IRQHandler
 .text.OpenBootloader_Init
                0x00000000080002dc       0xa0 ./Application/OpenBootloader/App/app_openbootloader.o
                0x00000000080002dc                OpenBootloader_Init
 .text.OpenBootloader_DeInit
                0x000000000800037c        0xc ./Application/OpenBootloader/App/app_openbootloader.o
                0x000000000800037c                OpenBootloader_DeInit
 .text.OpenBootloader_ProtocolDetection
                0x0000000008000388       0x38 ./Application/OpenBootloader/App/app_openbootloader.o
                0x0000000008000388                OpenBootloader_ProtocolDetection
 .text.Common_SetMsp
                0x00000000080003c0       0x1e ./Application/OpenBootloader/Target/common_interface.o
                0x00000000080003c0                Common_SetMsp
 .text.Common_EnableIrq
                0x00000000080003de       0x10 ./Application/OpenBootloader/Target/common_interface.o
                0x00000000080003de                Common_EnableIrq
 .text.Common_GetProtectionStatus
                0x00000000080003ee       0x24 ./Application/OpenBootloader/Target/common_interface.o
                0x00000000080003ee                Common_GetProtectionStatus
 *fill*         0x0000000008000412        0x2 
 .text.Common_SetPostProcessingCallback
                0x0000000008000414       0x1c ./Application/OpenBootloader/Target/common_interface.o
                0x0000000008000414                Common_SetPostProcessingCallback
 .text.Common_StartPostProcessing
                0x0000000008000430       0x20 ./Application/OpenBootloader/Target/common_interface.o
                0x0000000008000430                Common_StartPostProcessing
 .text.OPENBL_EB_Read
                0x0000000008000450       0x16 ./Application/OpenBootloader/Target/engibytes_interface.o
                0x0000000008000450                OPENBL_EB_Read
 .text.OPENBL_FLASH_Unlock
                0x0000000008000466        0xc ./Application/OpenBootloader/Target/flash_interface.o
                0x0000000008000466                OPENBL_FLASH_Unlock
 .text.OPENBL_FLASH_Lock
                0x0000000008000472        0xc ./Application/OpenBootloader/Target/flash_interface.o
                0x0000000008000472                OPENBL_FLASH_Lock
 .text.OPENBL_FLASH_OB_Unlock
                0x000000000800047e       0x10 ./Application/OpenBootloader/Target/flash_interface.o
                0x000000000800047e                OPENBL_FLASH_OB_Unlock
 .text.OPENBL_FLASH_Read
                0x000000000800048e       0x16 ./Application/OpenBootloader/Target/flash_interface.o
                0x000000000800048e                OPENBL_FLASH_Read
 .text.OPENBL_FLASH_Write
                0x00000000080004a4       0xea ./Application/OpenBootloader/Target/flash_interface.o
                0x00000000080004a4                OPENBL_FLASH_Write
 .text.OPENBL_FLASH_JumpToAddress
                0x000000000800058e       0x2e ./Application/OpenBootloader/Target/flash_interface.o
                0x000000000800058e                OPENBL_FLASH_JumpToAddress
 .text.OPENBL_FLASH_GetReadOutProtectionLevel
                0x00000000080005bc       0x18 ./Application/OpenBootloader/Target/flash_interface.o
                0x00000000080005bc                OPENBL_FLASH_GetReadOutProtectionLevel
 .text.OPENBL_FLASH_SetReadOutProtectionLevel
                0x00000000080005d4       0x50 ./Application/OpenBootloader/Target/flash_interface.o
                0x00000000080005d4                OPENBL_FLASH_SetReadOutProtectionLevel
 .text.OPENBL_FLASH_SetWriteProtection
                0x0000000008000624       0x4c ./Application/OpenBootloader/Target/flash_interface.o
                0x0000000008000624                OPENBL_FLASH_SetWriteProtection
 .text.OPENBL_FLASH_Erase
                0x0000000008000670       0xb8 ./Application/OpenBootloader/Target/flash_interface.o
                0x0000000008000670                OPENBL_FLASH_Erase
 .text.OPENBL_FLASH_Program
                0x0000000008000728       0x38 ./Application/OpenBootloader/Target/flash_interface.o
 .text.OPENBL_FLASH_EnableWriteProtection
                0x0000000008000760       0x84 ./Application/OpenBootloader/Target/flash_interface.o
 .text.OPENBL_FLASH_DisableWriteProtection
                0x00000000080007e4       0x60 ./Application/OpenBootloader/Target/flash_interface.o
 .text.OPENBL_IWDG_Configuration
                0x0000000008000844       0x48 ./Application/OpenBootloader/Target/iwdg_interface.o
                0x0000000008000844                OPENBL_IWDG_Configuration
 .text.OPENBL_IWDG_Refresh
                0x000000000800088c       0x1c ./Application/OpenBootloader/Target/iwdg_interface.o
                0x000000000800088c                OPENBL_IWDG_Refresh
 .text.__NVIC_SystemReset
                0x00000000080008a8       0x2c ./Application/OpenBootloader/Target/optionbytes_interface.o
 .text.OPENBL_OB_Launch
                0x00000000080008d4       0x14 ./Application/OpenBootloader/Target/optionbytes_interface.o
                0x00000000080008d4                OPENBL_OB_Launch
 .text.OPENBL_OB_Read
                0x00000000080008e8       0x16 ./Application/OpenBootloader/Target/optionbytes_interface.o
                0x00000000080008e8                OPENBL_OB_Read
 *fill*         0x00000000080008fe        0x2 
 .text.OPENBL_OB_Write
                0x0000000008000900      0x184 ./Application/OpenBootloader/Target/optionbytes_interface.o
                0x0000000008000900                OPENBL_OB_Write
 .text.OPENBL_OTP_Read
                0x0000000008000a84       0x16 ./Application/OpenBootloader/Target/otp_interface.o
                0x0000000008000a84                OPENBL_OTP_Read
 .text.OPENBL_OTP_Write
                0x0000000008000a9a       0xc6 ./Application/OpenBootloader/Target/otp_interface.o
                0x0000000008000a9a                OPENBL_OTP_Write
 .text.OPENBL_OTP_Program
                0x0000000008000b60       0x38 ./Application/OpenBootloader/Target/otp_interface.o
 .text.OPENBL_RAM_Read
                0x0000000008000b98       0x16 ./Application/OpenBootloader/Target/ram_interface.o
                0x0000000008000b98                OPENBL_RAM_Read
 .text.OPENBL_RAM_Write
                0x0000000008000bae       0x54 ./Application/OpenBootloader/Target/ram_interface.o
                0x0000000008000bae                OPENBL_RAM_Write
 .text.OPENBL_RAM_JumpToAddress
                0x0000000008000c02       0x2e ./Application/OpenBootloader/Target/ram_interface.o
                0x0000000008000c02                OPENBL_RAM_JumpToAddress
 .text.LL_AHB2_GRP1_EnableClock
                0x0000000008000c30       0x30 ./Application/OpenBootloader/Target/spi_interface.o
 .text.LL_APB2_GRP1_EnableClock
                0x0000000008000c60       0x30 ./Application/OpenBootloader/Target/spi_interface.o
 .text.LL_APB2_GRP1_DisableClock
                0x0000000008000c90       0x24 ./Application/OpenBootloader/Target/spi_interface.o
 .text.LL_SPI_Enable
                0x0000000008000cb4       0x1e ./Application/OpenBootloader/Target/spi_interface.o
 .text.LL_SPI_Disable
                0x0000000008000cd2       0x1e ./Application/OpenBootloader/Target/spi_interface.o
 .text.LL_SPI_SetRxFIFOThreshold
                0x0000000008000cf0       0x24 ./Application/OpenBootloader/Target/spi_interface.o
 .text.LL_SPI_IsActiveFlag_RXNE
                0x0000000008000d14       0x24 ./Application/OpenBootloader/Target/spi_interface.o
 .text.LL_SPI_EnableIT_RXNE
                0x0000000008000d38       0x1e ./Application/OpenBootloader/Target/spi_interface.o
 .text.LL_SPI_ReceiveData8
                0x0000000008000d56       0x1a ./Application/OpenBootloader/Target/spi_interface.o
 .text.OPENBL_SPI_Init
                0x0000000008000d70       0x74 ./Application/OpenBootloader/Target/spi_interface.o
 .text.OPENBL_SPI_Configuration
                0x0000000008000de4       0x90 ./Application/OpenBootloader/Target/spi_interface.o
                0x0000000008000de4                OPENBL_SPI_Configuration
 .text.OPENBL_SPI_DeInit
                0x0000000008000e74       0x28 ./Application/OpenBootloader/Target/spi_interface.o
                0x0000000008000e74                OPENBL_SPI_DeInit
 .text.OPENBL_SPI_ProtocolDetection
                0x0000000008000e9c       0x54 ./Application/OpenBootloader/Target/spi_interface.o
                0x0000000008000e9c                OPENBL_SPI_ProtocolDetection
 .text.OPENBL_SPI_GetCommandOpcode
                0x0000000008000ef0       0x44 ./Application/OpenBootloader/Target/spi_interface.o
                0x0000000008000ef0                OPENBL_SPI_GetCommandOpcode
 .text.OPENBL_SPI_SendAcknowledgeByte
                0x0000000008000f34       0x32 ./Application/OpenBootloader/Target/spi_interface.o
                0x0000000008000f34                OPENBL_SPI_SendAcknowledgeByte
 *fill*         0x0000000008000f66        0x2 
 .text.OPENBL_SPI_EnableBusyState
                0x0000000008000f68       0x18 ./Application/OpenBootloader/Target/spi_interface.o
                0x0000000008000f68                OPENBL_SPI_EnableBusyState
 .text.OPENBL_SPI_DisableBusyState
                0x0000000008000f80       0x18 ./Application/OpenBootloader/Target/spi_interface.o
                0x0000000008000f80                OPENBL_SPI_DisableBusyState
 .text.OPENBL_SPI_SpecialCommandProcess
                0x0000000008000f98       0x48 ./Application/OpenBootloader/Target/spi_interface.o
                0x0000000008000f98                OPENBL_SPI_SpecialCommandProcess
 .text.OPENBL_ICP_Read
                0x0000000008000fe0       0x16 ./Application/OpenBootloader/Target/systemmemory_interface.o
                0x0000000008000fe0                OPENBL_ICP_Read
 .text.LL_AHB2_GRP1_EnableClock
                0x0000000008000ff6       0x30 ./Application/OpenBootloader/Target/usart_interface.o
 .text.LL_APB2_GRP1_EnableClock
                0x0000000008001026       0x30 ./Application/OpenBootloader/Target/usart_interface.o
 .text.LL_APB2_GRP1_DisableClock
                0x0000000008001056       0x24 ./Application/OpenBootloader/Target/usart_interface.o
 .text.LL_USART_Enable
                0x000000000800107a       0x1e ./Application/OpenBootloader/Target/usart_interface.o
 .text.LL_USART_Disable
                0x0000000008001098       0x1e ./Application/OpenBootloader/Target/usart_interface.o
 .text.LL_USART_EnableAutoBaudRate
                0x00000000080010b6       0x1e ./Application/OpenBootloader/Target/usart_interface.o
 .text.LL_USART_SetAutoBaudRateMode
                0x00000000080010d4       0x24 ./Application/OpenBootloader/Target/usart_interface.o
 .text.LL_USART_IsActiveFlag_RXNE_RXFNE
                0x00000000080010f8       0x24 ./Application/OpenBootloader/Target/usart_interface.o
 .text.LL_USART_IsActiveFlag_TC
                0x000000000800111c       0x24 ./Application/OpenBootloader/Target/usart_interface.o
 .text.LL_USART_ReceiveData8
                0x0000000008001140       0x18 ./Application/OpenBootloader/Target/usart_interface.o
 .text.LL_USART_TransmitData8
                0x0000000008001158       0x1c ./Application/OpenBootloader/Target/usart_interface.o
 .text.OPENBL_USART_Init
                0x0000000008001174       0x58 ./Application/OpenBootloader/Target/usart_interface.o
 .text.OPENBL_USART_Configuration
                0x00000000080011cc       0x58 ./Application/OpenBootloader/Target/usart_interface.o
                0x00000000080011cc                OPENBL_USART_Configuration
 .text.OPENBL_USART_DeInit
                0x0000000008001224       0x28 ./Application/OpenBootloader/Target/usart_interface.o
                0x0000000008001224                OPENBL_USART_DeInit
 .text.OPENBL_USART_ProtocolDetection
                0x000000000800124c       0x44 ./Application/OpenBootloader/Target/usart_interface.o
                0x000000000800124c                OPENBL_USART_ProtocolDetection
 .text.OPENBL_USART_GetCommandOpcode
                0x0000000008001290       0x2e ./Application/OpenBootloader/Target/usart_interface.o
                0x0000000008001290                OPENBL_USART_GetCommandOpcode
 *fill*         0x00000000080012be        0x2 
 .text.OPENBL_USART_ReadByte
                0x00000000080012c0       0x28 ./Application/OpenBootloader/Target/usart_interface.o
                0x00000000080012c0                OPENBL_USART_ReadByte
 .text.OPENBL_USART_SendByte
                0x00000000080012e8       0x30 ./Application/OpenBootloader/Target/usart_interface.o
                0x00000000080012e8                OPENBL_USART_SendByte
 .text.OPENBL_USART_SpecialCommandProcess
                0x0000000008001318       0x48 ./Application/OpenBootloader/Target/usart_interface.o
                0x0000000008001318                OPENBL_USART_SpecialCommandProcess
 .text.Reset_Handler
                0x0000000008001360       0x50 ./Application/Startup/startup_stm32wl55jcix.o
                0x0000000008001360                Reset_Handler
 .text.Default_Handler
                0x00000000080013b0        0x2 ./Application/Startup/startup_stm32wl55jcix.o
                0x00000000080013b0                RTC_Alarm_IRQHandler
                0x00000000080013b0                EXTI2_IRQHandler
                0x00000000080013b0                TIM1_CC_IRQHandler
                0x00000000080013b0                EXTI3_IRQHandler
                0x00000000080013b0                LPTIM2_IRQHandler
                0x00000000080013b0                I2C3_ER_IRQHandler
                0x00000000080013b0                LPTIM3_IRQHandler
                0x00000000080013b0                EXTI0_IRQHandler
                0x00000000080013b0                I2C2_EV_IRQHandler
                0x00000000080013b0                TAMP_STAMP_LSECSS_SSRU_IRQHandler
                0x00000000080013b0                DMA2_Channel2_IRQHandler
                0x00000000080013b0                DMA1_Channel4_IRQHandler
                0x00000000080013b0                PKA_IRQHandler
                0x00000000080013b0                TIM17_IRQHandler
                0x00000000080013b0                DMA1_Channel7_IRQHandler
                0x00000000080013b0                SUBGHZSPI_IRQHandler
                0x00000000080013b0                IPCC_C1_TX_IRQHandler
                0x00000000080013b0                DMA2_Channel1_IRQHandler
                0x00000000080013b0                I2C1_EV_IRQHandler
                0x00000000080013b0                SUBGHZ_Radio_IRQHandler
                0x00000000080013b0                DMAMUX1_OVR_IRQHandler
                0x00000000080013b0                DMA1_Channel6_IRQHandler
                0x00000000080013b0                TIM16_IRQHandler
                0x00000000080013b0                DMA2_Channel4_IRQHandler
                0x00000000080013b0                RCC_IRQHandler
                0x00000000080013b0                TIM1_TRG_COM_IRQHandler
                0x00000000080013b0                DMA1_Channel1_IRQHandler
                0x00000000080013b0                Default_Handler
                0x00000000080013b0                DMA2_Channel7_IRQHandler
                0x00000000080013b0                EXTI15_10_IRQHandler
                0x00000000080013b0                IPCC_C1_RX_IRQHandler
                0x00000000080013b0                ADC_IRQHandler
                0x00000000080013b0                C2SEV_PWR_C2H_IRQHandler
                0x00000000080013b0                I2C3_EV_IRQHandler
                0x00000000080013b0                EXTI9_5_IRQHandler
                0x00000000080013b0                RTC_WKUP_IRQHandler
                0x00000000080013b0                PVD_PVM_IRQHandler
                0x00000000080013b0                SPI2_IRQHandler
                0x00000000080013b0                DMA2_Channel5_IRQHandler
                0x00000000080013b0                DMA1_Channel5_IRQHandler
                0x00000000080013b0                EXTI4_IRQHandler
                0x00000000080013b0                RNG_IRQHandler
                0x00000000080013b0                DMA1_Channel3_IRQHandler
                0x00000000080013b0                COMP_IRQHandler
                0x00000000080013b0                HSEM_IRQHandler
                0x00000000080013b0                TIM1_UP_IRQHandler
                0x00000000080013b0                WWDG_IRQHandler
                0x00000000080013b0                LPUART1_IRQHandler
                0x00000000080013b0                DMA2_Channel6_IRQHandler
                0x00000000080013b0                TIM2_IRQHandler
                0x00000000080013b0                TIM1_BRK_IRQHandler
                0x00000000080013b0                DAC_IRQHandler
                0x00000000080013b0                EXTI1_IRQHandler
                0x00000000080013b0                AES_IRQHandler
                0x00000000080013b0                USART2_IRQHandler
                0x00000000080013b0                I2C2_ER_IRQHandler
                0x00000000080013b0                DMA1_Channel2_IRQHandler
                0x00000000080013b0                FLASH_IRQHandler
                0x00000000080013b0                USART1_IRQHandler
                0x00000000080013b0                I2C1_ER_IRQHandler
                0x00000000080013b0                LPTIM1_IRQHandler
                0x00000000080013b0                DMA2_Channel3_IRQHandler
 .text.SystemInit
                0x00000000080013b2        0xc ./Drivers/CMSIS/system_stm32wlxx.o
                0x00000000080013b2                SystemInit
 *fill*         0x00000000080013be        0x2 
 .text.HAL_Init
                0x00000000080013c0       0x40 ./Drivers/STM32WLxx_HAL_Driver/stm32wlxx_hal.o
                0x00000000080013c0                HAL_Init
 .text.HAL_MspInit
                0x0000000008001400        0xc ./Drivers/STM32WLxx_HAL_Driver/stm32wlxx_hal.o
                0x0000000008001400                HAL_MspInit
 .text.HAL_InitTick
                0x000000000800140c       0x74 ./Drivers/STM32WLxx_HAL_Driver/stm32wlxx_hal.o
                0x000000000800140c                HAL_InitTick
 .text.HAL_IncTick
                0x0000000008001480       0x24 ./Drivers/STM32WLxx_HAL_Driver/stm32wlxx_hal.o
                0x0000000008001480                HAL_IncTick
 .text.HAL_GetTick
                0x00000000080014a4       0x14 ./Drivers/STM32WLxx_HAL_Driver/stm32wlxx_hal.o
                0x00000000080014a4                HAL_GetTick
 .text.__NVIC_SetPriorityGrouping
                0x00000000080014b8       0x48 ./Drivers/STM32WLxx_HAL_Driver/stm32wlxx_hal_cortex.o
 .text.__NVIC_GetPriorityGrouping
                0x0000000008001500       0x1c ./Drivers/STM32WLxx_HAL_Driver/stm32wlxx_hal_cortex.o
 .text.__NVIC_EnableIRQ
                0x000000000800151c       0x38 ./Drivers/STM32WLxx_HAL_Driver/stm32wlxx_hal_cortex.o
 .text.__NVIC_DisableIRQ
                0x0000000008001554       0x48 ./Drivers/STM32WLxx_HAL_Driver/stm32wlxx_hal_cortex.o
 .text.__NVIC_SetPriority
                0x000000000800159c       0x54 ./Drivers/STM32WLxx_HAL_Driver/stm32wlxx_hal_cortex.o
 .text.NVIC_EncodePriority
                0x00000000080015f0       0x64 ./Drivers/STM32WLxx_HAL_Driver/stm32wlxx_hal_cortex.o
 .text.SysTick_Config
                0x0000000008001654       0x44 ./Drivers/STM32WLxx_HAL_Driver/stm32wlxx_hal_cortex.o
 .text.HAL_NVIC_SetPriorityGrouping
                0x0000000008001698       0x16 ./Drivers/STM32WLxx_HAL_Driver/stm32wlxx_hal_cortex.o
                0x0000000008001698                HAL_NVIC_SetPriorityGrouping
 .text.HAL_NVIC_SetPriority
                0x00000000080016ae       0x34 ./Drivers/STM32WLxx_HAL_Driver/stm32wlxx_hal_cortex.o
                0x00000000080016ae                HAL_NVIC_SetPriority
 .text.HAL_NVIC_EnableIRQ
                0x00000000080016e2       0x1c ./Drivers/STM32WLxx_HAL_Driver/stm32wlxx_hal_cortex.o
                0x00000000080016e2                HAL_NVIC_EnableIRQ
 .text.HAL_NVIC_DisableIRQ
                0x00000000080016fe       0x1c ./Drivers/STM32WLxx_HAL_Driver/stm32wlxx_hal_cortex.o
                0x00000000080016fe                HAL_NVIC_DisableIRQ
 .text.HAL_SYSTICK_Config
                0x000000000800171a       0x18 ./Drivers/STM32WLxx_HAL_Driver/stm32wlxx_hal_cortex.o
                0x000000000800171a                HAL_SYSTICK_Config
 *fill*         0x0000000008001732        0x2 
 .text.HAL_FLASH_Program
                0x0000000008001734       0x88 ./Drivers/STM32WLxx_HAL_Driver/stm32wlxx_hal_flash.o
                0x0000000008001734                HAL_FLASH_Program
 .text.HAL_FLASH_Unlock
                0x00000000080017bc       0x44 ./Drivers/STM32WLxx_HAL_Driver/stm32wlxx_hal_flash.o
                0x00000000080017bc                HAL_FLASH_Unlock
 .text.HAL_FLASH_Lock
                0x0000000008001800       0x34 ./Drivers/STM32WLxx_HAL_Driver/stm32wlxx_hal_flash.o
                0x0000000008001800                HAL_FLASH_Lock
 .text.HAL_FLASH_OB_Unlock
                0x0000000008001834       0x4c ./Drivers/STM32WLxx_HAL_Driver/stm32wlxx_hal_flash.o
                0x0000000008001834                HAL_FLASH_OB_Unlock
 .text.HAL_FLASH_OB_Lock
                0x0000000008001880       0x38 ./Drivers/STM32WLxx_HAL_Driver/stm32wlxx_hal_flash.o
                0x0000000008001880                HAL_FLASH_OB_Lock
 .text.HAL_FLASH_OB_Launch
                0x00000000080018b8       0x20 ./Drivers/STM32WLxx_HAL_Driver/stm32wlxx_hal_flash.o
                0x00000000080018b8                HAL_FLASH_OB_Launch
 .text.FLASH_WaitForLastOperation
                0x00000000080018d8       0xc4 ./Drivers/STM32WLxx_HAL_Driver/stm32wlxx_hal_flash.o
                0x00000000080018d8                FLASH_WaitForLastOperation
 .text.FLASH_Program_DoubleWord
                0x000000000800199c       0x4c ./Drivers/STM32WLxx_HAL_Driver/stm32wlxx_hal_flash.o
 .text.FLASH_Program_Fast
                0x00000000080019e8       0x7c ./Drivers/STM32WLxx_HAL_Driver/stm32wlxx_hal_flash.o
 .text.HAL_FLASHEx_Erase
                0x0000000008001a64       0xb0 ./Drivers/STM32WLxx_HAL_Driver/stm32wlxx_hal_flash_ex.o
                0x0000000008001a64                HAL_FLASHEx_Erase
 .text.HAL_FLASHEx_OBProgram
                0x0000000008001b14      0x138 ./Drivers/STM32WLxx_HAL_Driver/stm32wlxx_hal_flash_ex.o
                0x0000000008001b14                HAL_FLASHEx_OBProgram
 .text.HAL_FLASHEx_OBGetConfig
                0x0000000008001c4c       0xe0 ./Drivers/STM32WLxx_HAL_Driver/stm32wlxx_hal_flash_ex.o
                0x0000000008001c4c                HAL_FLASHEx_OBGetConfig
 .text.FLASH_MassErase
                0x0000000008001d2c       0x20 ./Drivers/STM32WLxx_HAL_Driver/stm32wlxx_hal_flash_ex.o
 .text.FLASH_PageErase
                0x0000000008001d4c       0x30 ./Drivers/STM32WLxx_HAL_Driver/stm32wlxx_hal_flash_ex.o
                0x0000000008001d4c                FLASH_PageErase
 .text.FLASH_FlushCaches
                0x0000000008001d7c       0x88 ./Drivers/STM32WLxx_HAL_Driver/stm32wlxx_hal_flash_ex.o
 .text.FLASH_AcknowledgePageErase
                0x0000000008001e04       0x20 ./Drivers/STM32WLxx_HAL_Driver/stm32wlxx_hal_flash_ex.o
 .text.FLASH_OB_WRPConfig
                0x0000000008001e24       0x50 ./Drivers/STM32WLxx_HAL_Driver/stm32wlxx_hal_flash_ex.o
 .text.FLASH_OB_OptrConfig
                0x0000000008001e74       0x3c ./Drivers/STM32WLxx_HAL_Driver/stm32wlxx_hal_flash_ex.o
 .text.FLASH_OB_PCROP1AConfig
                0x0000000008001eb0       0x68 ./Drivers/STM32WLxx_HAL_Driver/stm32wlxx_hal_flash_ex.o
 .text.FLASH_OB_PCROP1BConfig
                0x0000000008001f18       0x38 ./Drivers/STM32WLxx_HAL_Driver/stm32wlxx_hal_flash_ex.o
 .text.FLASH_OB_IPCCBufferAddrConfig
                0x0000000008001f50       0x24 ./Drivers/STM32WLxx_HAL_Driver/stm32wlxx_hal_flash_ex.o
 .text.FLASH_OB_SecureConfig
                0x0000000008001f74      0x18c ./Drivers/STM32WLxx_HAL_Driver/stm32wlxx_hal_flash_ex.o
 .text.FLASH_OB_GetWRP
                0x0000000008002100       0x58 ./Drivers/STM32WLxx_HAL_Driver/stm32wlxx_hal_flash_ex.o
 .text.FLASH_OB_GetRDP
                0x0000000008002158       0x30 ./Drivers/STM32WLxx_HAL_Driver/stm32wlxx_hal_flash_ex.o
 .text.FLASH_OB_GetUser
                0x0000000008002188       0x30 ./Drivers/STM32WLxx_HAL_Driver/stm32wlxx_hal_flash_ex.o
 .text.FLASH_OB_GetPCROP
                0x00000000080021b8       0x78 ./Drivers/STM32WLxx_HAL_Driver/stm32wlxx_hal_flash_ex.o
 .text.FLASH_OB_GetIPCCBufferAddr
                0x0000000008002230       0x24 ./Drivers/STM32WLxx_HAL_Driver/stm32wlxx_hal_flash_ex.o
 .text.FLASH_OB_GetSecureMemoryConfig
                0x0000000008002254       0xd0 ./Drivers/STM32WLxx_HAL_Driver/stm32wlxx_hal_flash_ex.o
 .text.FLASH_OB_GetC2BootResetConfig
                0x0000000008002324       0x60 ./Drivers/STM32WLxx_HAL_Driver/stm32wlxx_hal_flash_ex.o
 .text.FLASH_OB_GetSUBGHZSPISecureAccess
                0x0000000008002384       0x1c ./Drivers/STM32WLxx_HAL_Driver/stm32wlxx_hal_flash_ex.o
 .text.FLASH_OB_GetC2DebugAccessMode
                0x00000000080023a0       0x1c ./Drivers/STM32WLxx_HAL_Driver/stm32wlxx_hal_flash_ex.o
 .text.FLASH_OB_ProceedWriteOperation
                0x00000000080023bc       0x40 ./Drivers/STM32WLxx_HAL_Driver/stm32wlxx_hal_flash_ex.o
 .text.FLASH_OB_ConfigSecureMode
                0x00000000080023fc       0x40 ./Drivers/STM32WLxx_HAL_Driver/stm32wlxx_hal_flash_ex.o
 .text.FLASH_OB_GetSecureMode
                0x000000000800243c       0x28 ./Drivers/STM32WLxx_HAL_Driver/stm32wlxx_hal_flash_ex.o
 .text.HAL_GPIO_Init
                0x0000000008002464      0x2c0 ./Drivers/STM32WLxx_HAL_Driver/stm32wlxx_hal_gpio.o
                0x0000000008002464                HAL_GPIO_Init
 .text.HAL_IWDG_Refresh
                0x0000000008002724       0x1e ./Drivers/STM32WLxx_HAL_Driver/stm32wlxx_hal_iwdg.o
                0x0000000008002724                HAL_IWDG_Refresh
 *fill*         0x0000000008002742        0x2 
 .text.HAL_PWR_EnableBkUpAccess
                0x0000000008002744       0x1c ./Drivers/STM32WLxx_HAL_Driver/stm32wlxx_hal_pwr.o
                0x0000000008002744                HAL_PWR_EnableBkUpAccess
 .text.HAL_PWREx_GetVoltageRange
                0x0000000008002760       0x18 ./Drivers/STM32WLxx_HAL_Driver/stm32wlxx_hal_pwr_ex.o
                0x0000000008002760                HAL_PWREx_GetVoltageRange
 .text.LL_PWR_IsEnabledBkUpAccess
                0x0000000008002778       0x24 ./Drivers/STM32WLxx_HAL_Driver/stm32wlxx_hal_rcc.o
 .text.LL_RCC_HSE_EnableTcxo
                0x000000000800279c       0x1c ./Drivers/STM32WLxx_HAL_Driver/stm32wlxx_hal_rcc.o
 .text.LL_RCC_HSE_DisableTcxo
                0x00000000080027b8       0x1c ./Drivers/STM32WLxx_HAL_Driver/stm32wlxx_hal_rcc.o
 .text.LL_RCC_HSE_IsEnabledDiv2
                0x00000000080027d4       0x22 ./Drivers/STM32WLxx_HAL_Driver/stm32wlxx_hal_rcc.o
 .text.LL_RCC_HSE_Enable
                0x00000000080027f6       0x1c ./Drivers/STM32WLxx_HAL_Driver/stm32wlxx_hal_rcc.o
 .text.LL_RCC_HSE_Disable
                0x0000000008002812       0x1c ./Drivers/STM32WLxx_HAL_Driver/stm32wlxx_hal_rcc.o
 .text.LL_RCC_HSE_IsReady
                0x000000000800282e       0x22 ./Drivers/STM32WLxx_HAL_Driver/stm32wlxx_hal_rcc.o
 .text.LL_RCC_HSI_Enable
                0x0000000008002850       0x1c ./Drivers/STM32WLxx_HAL_Driver/stm32wlxx_hal_rcc.o
 .text.LL_RCC_HSI_Disable
                0x000000000800286c       0x1c ./Drivers/STM32WLxx_HAL_Driver/stm32wlxx_hal_rcc.o
 .text.LL_RCC_HSI_IsReady
                0x0000000008002888       0x22 ./Drivers/STM32WLxx_HAL_Driver/stm32wlxx_hal_rcc.o
 .text.LL_RCC_HSI_SetCalibTrimming
                0x00000000080028aa       0x28 ./Drivers/STM32WLxx_HAL_Driver/stm32wlxx_hal_rcc.o
 .text.LL_RCC_LSE_IsReady
                0x00000000080028d2       0x22 ./Drivers/STM32WLxx_HAL_Driver/stm32wlxx_hal_rcc.o
 .text.LL_RCC_LSI_Enable
                0x00000000080028f4       0x20 ./Drivers/STM32WLxx_HAL_Driver/stm32wlxx_hal_rcc.o
 .text.LL_RCC_LSI_Disable
                0x0000000008002914       0x20 ./Drivers/STM32WLxx_HAL_Driver/stm32wlxx_hal_rcc.o
 .text.LL_RCC_LSI_IsReady
                0x0000000008002934       0x22 ./Drivers/STM32WLxx_HAL_Driver/stm32wlxx_hal_rcc.o
 .text.LL_RCC_MSI_Enable
                0x0000000008002956       0x1c ./Drivers/STM32WLxx_HAL_Driver/stm32wlxx_hal_rcc.o
 .text.LL_RCC_MSI_Disable
                0x0000000008002972       0x1c ./Drivers/STM32WLxx_HAL_Driver/stm32wlxx_hal_rcc.o
 .text.LL_RCC_MSI_IsReady
                0x000000000800298e       0x20 ./Drivers/STM32WLxx_HAL_Driver/stm32wlxx_hal_rcc.o
 .text.LL_RCC_MSI_IsEnabledRangeSelect
                0x00000000080029ae       0x20 ./Drivers/STM32WLxx_HAL_Driver/stm32wlxx_hal_rcc.o
 .text.LL_RCC_MSI_SetRange
                0x00000000080029ce       0x26 ./Drivers/STM32WLxx_HAL_Driver/stm32wlxx_hal_rcc.o
 .text.LL_RCC_MSI_GetRange
                0x00000000080029f4       0x16 ./Drivers/STM32WLxx_HAL_Driver/stm32wlxx_hal_rcc.o
 .text.LL_RCC_MSI_GetRangeAfterStandby
                0x0000000008002a0a       0x18 ./Drivers/STM32WLxx_HAL_Driver/stm32wlxx_hal_rcc.o
 .text.LL_RCC_MSI_SetCalibTrimming
                0x0000000008002a22       0x28 ./Drivers/STM32WLxx_HAL_Driver/stm32wlxx_hal_rcc.o
 .text.LL_RCC_SetSysClkSource
                0x0000000008002a4a       0x26 ./Drivers/STM32WLxx_HAL_Driver/stm32wlxx_hal_rcc.o
 .text.LL_RCC_GetSysClkSource
                0x0000000008002a70       0x16 ./Drivers/STM32WLxx_HAL_Driver/stm32wlxx_hal_rcc.o
 .text.LL_RCC_SetAHBPrescaler
                0x0000000008002a86       0x26 ./Drivers/STM32WLxx_HAL_Driver/stm32wlxx_hal_rcc.o
 .text.LL_C2_RCC_SetAHBPrescaler
                0x0000000008002aac       0x2a ./Drivers/STM32WLxx_HAL_Driver/stm32wlxx_hal_rcc.o
 .text.LL_RCC_SetAHB3Prescaler
                0x0000000008002ad6       0x2c ./Drivers/STM32WLxx_HAL_Driver/stm32wlxx_hal_rcc.o
 .text.LL_RCC_SetAPB1Prescaler
                0x0000000008002b02       0x26 ./Drivers/STM32WLxx_HAL_Driver/stm32wlxx_hal_rcc.o
 .text.LL_RCC_SetAPB2Prescaler
                0x0000000008002b28       0x26 ./Drivers/STM32WLxx_HAL_Driver/stm32wlxx_hal_rcc.o
 .text.LL_RCC_GetAHBPrescaler
                0x0000000008002b4e       0x16 ./Drivers/STM32WLxx_HAL_Driver/stm32wlxx_hal_rcc.o
 .text.LL_RCC_GetAHB3Prescaler
                0x0000000008002b64       0x1a ./Drivers/STM32WLxx_HAL_Driver/stm32wlxx_hal_rcc.o
 .text.LL_RCC_PLL_Enable
                0x0000000008002b7e       0x1c ./Drivers/STM32WLxx_HAL_Driver/stm32wlxx_hal_rcc.o
 .text.LL_RCC_PLL_Disable
                0x0000000008002b9a       0x1c ./Drivers/STM32WLxx_HAL_Driver/stm32wlxx_hal_rcc.o
 .text.LL_RCC_PLL_IsReady
                0x0000000008002bb6       0x22 ./Drivers/STM32WLxx_HAL_Driver/stm32wlxx_hal_rcc.o
 .text.LL_RCC_PLL_GetN
                0x0000000008002bd8       0x18 ./Drivers/STM32WLxx_HAL_Driver/stm32wlxx_hal_rcc.o
 .text.LL_RCC_PLL_GetR
                0x0000000008002bf0       0x16 ./Drivers/STM32WLxx_HAL_Driver/stm32wlxx_hal_rcc.o
 .text.LL_RCC_PLL_GetDivider
                0x0000000008002c06       0x16 ./Drivers/STM32WLxx_HAL_Driver/stm32wlxx_hal_rcc.o
 .text.LL_RCC_PLL_GetMainSource
                0x0000000008002c1c       0x16 ./Drivers/STM32WLxx_HAL_Driver/stm32wlxx_hal_rcc.o
 .text.LL_RCC_IsActiveFlag_HPRE
                0x0000000008002c32       0x22 ./Drivers/STM32WLxx_HAL_Driver/stm32wlxx_hal_rcc.o
 .text.LL_RCC_IsActiveFlag_C2HPRE
                0x0000000008002c54       0x24 ./Drivers/STM32WLxx_HAL_Driver/stm32wlxx_hal_rcc.o
 .text.LL_RCC_IsActiveFlag_SHDHPRE
                0x0000000008002c78       0x24 ./Drivers/STM32WLxx_HAL_Driver/stm32wlxx_hal_rcc.o
 .text.LL_RCC_IsActiveFlag_PPRE1
                0x0000000008002c9c       0x22 ./Drivers/STM32WLxx_HAL_Driver/stm32wlxx_hal_rcc.o
 .text.LL_RCC_IsActiveFlag_PPRE2
                0x0000000008002cbe       0x22 ./Drivers/STM32WLxx_HAL_Driver/stm32wlxx_hal_rcc.o
 .text.HAL_RCC_DeInit
                0x0000000008002ce0      0x12c ./Drivers/STM32WLxx_HAL_Driver/stm32wlxx_hal_rcc.o
                0x0000000008002ce0                HAL_RCC_DeInit
 .text.HAL_RCC_OscConfig
                0x0000000008002e0c      0x738 ./Drivers/STM32WLxx_HAL_Driver/stm32wlxx_hal_rcc.o
                0x0000000008002e0c                HAL_RCC_OscConfig
 .text.HAL_RCC_ClockConfig
                0x0000000008003544      0x284 ./Drivers/STM32WLxx_HAL_Driver/stm32wlxx_hal_rcc.o
                0x0000000008003544                HAL_RCC_ClockConfig
 .text.HAL_RCC_GetSysClockFreq
                0x00000000080037c8      0x140 ./Drivers/STM32WLxx_HAL_Driver/stm32wlxx_hal_rcc.o
                0x00000000080037c8                HAL_RCC_GetSysClockFreq
 .text.HAL_RCC_GetHCLKFreq
                0x0000000008003908       0x28 ./Drivers/STM32WLxx_HAL_Driver/stm32wlxx_hal_rcc.o
                0x0000000008003908                HAL_RCC_GetHCLKFreq
 .text.RCC_SetFlashLatencyFromMSIRange
                0x0000000008003930       0x60 ./Drivers/STM32WLxx_HAL_Driver/stm32wlxx_hal_rcc.o
 .text.RCC_SetFlashLatency
                0x0000000008003990      0x104 ./Drivers/STM32WLxx_HAL_Driver/stm32wlxx_hal_rcc.o
 .text.LL_RCC_HSE_IsEnabledDiv2
                0x0000000008003a94       0x22 ./Drivers/STM32WLxx_HAL_Driver/stm32wlxx_ll_rcc.o
 .text.LL_RCC_HSI_IsReady
                0x0000000008003ab6       0x22 ./Drivers/STM32WLxx_HAL_Driver/stm32wlxx_ll_rcc.o
 .text.LL_RCC_LSE_IsReady
                0x0000000008003ad8       0x22 ./Drivers/STM32WLxx_HAL_Driver/stm32wlxx_ll_rcc.o
 .text.LL_RCC_MSI_IsEnabledRangeSelect
                0x0000000008003afa       0x20 ./Drivers/STM32WLxx_HAL_Driver/stm32wlxx_ll_rcc.o
 .text.LL_RCC_MSI_GetRange
                0x0000000008003b1a       0x16 ./Drivers/STM32WLxx_HAL_Driver/stm32wlxx_ll_rcc.o
 .text.LL_RCC_MSI_GetRangeAfterStandby
                0x0000000008003b30       0x18 ./Drivers/STM32WLxx_HAL_Driver/stm32wlxx_ll_rcc.o
 .text.LL_RCC_GetSysClkSource
                0x0000000008003b48       0x16 ./Drivers/STM32WLxx_HAL_Driver/stm32wlxx_ll_rcc.o
 .text.LL_RCC_GetAHBPrescaler
                0x0000000008003b5e       0x16 ./Drivers/STM32WLxx_HAL_Driver/stm32wlxx_ll_rcc.o
 .text.LL_RCC_GetAPB1Prescaler
                0x0000000008003b74       0x16 ./Drivers/STM32WLxx_HAL_Driver/stm32wlxx_ll_rcc.o
 .text.LL_RCC_GetAPB2Prescaler
                0x0000000008003b8a       0x16 ./Drivers/STM32WLxx_HAL_Driver/stm32wlxx_ll_rcc.o
 .text.LL_RCC_GetUSARTClockSource
                0x0000000008003ba0       0x24 ./Drivers/STM32WLxx_HAL_Driver/stm32wlxx_ll_rcc.o
 .text.LL_RCC_PLL_GetN
                0x0000000008003bc4       0x18 ./Drivers/STM32WLxx_HAL_Driver/stm32wlxx_ll_rcc.o
 .text.LL_RCC_PLL_GetR
                0x0000000008003bdc       0x16 ./Drivers/STM32WLxx_HAL_Driver/stm32wlxx_ll_rcc.o
 .text.LL_RCC_PLL_GetDivider
                0x0000000008003bf2       0x16 ./Drivers/STM32WLxx_HAL_Driver/stm32wlxx_ll_rcc.o
 .text.LL_RCC_PLL_GetMainSource
                0x0000000008003c08       0x16 ./Drivers/STM32WLxx_HAL_Driver/stm32wlxx_ll_rcc.o
 *fill*         0x0000000008003c1e        0x2 
 .text.LL_RCC_GetUSARTClockFreq
                0x0000000008003c20      0x108 ./Drivers/STM32WLxx_HAL_Driver/stm32wlxx_ll_rcc.o
                0x0000000008003c20                LL_RCC_GetUSARTClockFreq
 .text.RCC_GetSystemClockFreq
                0x0000000008003d28      0x150 ./Drivers/STM32WLxx_HAL_Driver/stm32wlxx_ll_rcc.o
 .text.RCC_GetHCLK1ClockFreq
                0x0000000008003e78       0x2c ./Drivers/STM32WLxx_HAL_Driver/stm32wlxx_ll_rcc.o
 .text.RCC_GetPCLK1ClockFreq
                0x0000000008003ea4       0x28 ./Drivers/STM32WLxx_HAL_Driver/stm32wlxx_ll_rcc.o
 .text.RCC_GetPCLK2ClockFreq
                0x0000000008003ecc       0x28 ./Drivers/STM32WLxx_HAL_Driver/stm32wlxx_ll_rcc.o
 .text.RCC_PLL_GetFreqDomain_SYS
                0x0000000008003ef4      0x148 ./Drivers/STM32WLxx_HAL_Driver/stm32wlxx_ll_rcc.o
 .text.LL_APB1_GRP1_ForceReset
                0x000000000800403c       0x22 ./Drivers/STM32WLxx_HAL_Driver/stm32wlxx_ll_spi.o
 .text.LL_APB1_GRP1_ReleaseReset
                0x000000000800405e       0x24 ./Drivers/STM32WLxx_HAL_Driver/stm32wlxx_ll_spi.o
 .text.LL_APB2_GRP1_ForceReset
                0x0000000008004082       0x22 ./Drivers/STM32WLxx_HAL_Driver/stm32wlxx_ll_spi.o
 .text.LL_APB2_GRP1_ReleaseReset
                0x00000000080040a4       0x24 ./Drivers/STM32WLxx_HAL_Driver/stm32wlxx_ll_spi.o
 .text.LL_SPI_IsEnabled
                0x00000000080040c8       0x24 ./Drivers/STM32WLxx_HAL_Driver/stm32wlxx_ll_spi.o
 .text.LL_SPI_SetRxFIFOThreshold
                0x00000000080040ec       0x24 ./Drivers/STM32WLxx_HAL_Driver/stm32wlxx_ll_spi.o
 .text.LL_SPI_SetCRCPolynomial
                0x0000000008004110       0x1e ./Drivers/STM32WLxx_HAL_Driver/stm32wlxx_ll_spi.o
 *fill*         0x000000000800412e        0x2 
 .text.LL_SPI_DeInit
                0x0000000008004130       0x58 ./Drivers/STM32WLxx_HAL_Driver/stm32wlxx_ll_spi.o
                0x0000000008004130                LL_SPI_DeInit
 .text.LL_SPI_Init
                0x0000000008004188       0xbc ./Drivers/STM32WLxx_HAL_Driver/stm32wlxx_ll_spi.o
                0x0000000008004188                LL_SPI_Init
 .text.LL_APB1_GRP1_ForceReset
                0x0000000008004244       0x22 ./Drivers/STM32WLxx_HAL_Driver/stm32wlxx_ll_usart.o
 .text.LL_APB1_GRP1_ReleaseReset
                0x0000000008004266       0x24 ./Drivers/STM32WLxx_HAL_Driver/stm32wlxx_ll_usart.o
 .text.LL_APB2_GRP1_ForceReset
                0x000000000800428a       0x22 ./Drivers/STM32WLxx_HAL_Driver/stm32wlxx_ll_usart.o
 .text.LL_APB2_GRP1_ReleaseReset
                0x00000000080042ac       0x24 ./Drivers/STM32WLxx_HAL_Driver/stm32wlxx_ll_usart.o
 .text.LL_USART_IsEnabled
                0x00000000080042d0       0x24 ./Drivers/STM32WLxx_HAL_Driver/stm32wlxx_ll_usart.o
 .text.LL_USART_SetPrescaler
                0x00000000080042f4       0x26 ./Drivers/STM32WLxx_HAL_Driver/stm32wlxx_ll_usart.o
 .text.LL_USART_SetStopBitsLength
                0x000000000800431a       0x24 ./Drivers/STM32WLxx_HAL_Driver/stm32wlxx_ll_usart.o
 .text.LL_USART_SetHWFlowCtrl
                0x000000000800433e       0x24 ./Drivers/STM32WLxx_HAL_Driver/stm32wlxx_ll_usart.o
 *fill*         0x0000000008004362        0x2 
 .text.LL_USART_SetBaudRate
                0x0000000008004364       0x9c ./Drivers/STM32WLxx_HAL_Driver/stm32wlxx_ll_usart.o
 .text.LL_USART_DeInit
                0x0000000008004400       0x58 ./Drivers/STM32WLxx_HAL_Driver/stm32wlxx_ll_usart.o
                0x0000000008004400                LL_USART_DeInit
 .text.LL_USART_Init
                0x0000000008004458       0xc8 ./Drivers/STM32WLxx_HAL_Driver/stm32wlxx_ll_usart.o
                0x0000000008004458                LL_USART_Init
 .text.OPENBL_Init
                0x0000000008004520       0x48 ./Middlewares/Core/openbl_core.o
                0x0000000008004520                OPENBL_Init
 .text.OPENBL_DeInit
                0x0000000008004568        0xc ./Middlewares/Core/openbl_core.o
                0x0000000008004568                OPENBL_DeInit
 .text.OPENBL_InterfacesDeInit
                0x0000000008004574       0x48 ./Middlewares/Core/openbl_core.o
                0x0000000008004574                OPENBL_InterfacesDeInit
 .text.OPENBL_RegisterInterface
                0x00000000080045bc       0x58 ./Middlewares/Core/openbl_core.o
                0x00000000080045bc                OPENBL_RegisterInterface
 .text.OPENBL_InterfaceDetection
                0x0000000008004614       0x68 ./Middlewares/Core/openbl_core.o
                0x0000000008004614                OPENBL_InterfaceDetection
 .text.OPENBL_CommandProcess
                0x000000000800467c      0x744 ./Middlewares/Core/openbl_core.o
                0x000000000800467c                OPENBL_CommandProcess
 .text.OPENBL_MEM_RegisterMemory
                0x0000000008004dc0      0x128 ./Middlewares/Modules/MEM/openbl_mem.o
                0x0000000008004dc0                OPENBL_MEM_RegisterMemory
 .text.OPENBL_MEM_GetAddressArea
                0x0000000008004ee8       0x78 ./Middlewares/Modules/MEM/openbl_mem.o
                0x0000000008004ee8                OPENBL_MEM_GetAddressArea
 .text.OPENBL_MEM_GetMemoryIndex
                0x0000000008004f60       0x60 ./Middlewares/Modules/MEM/openbl_mem.o
                0x0000000008004f60                OPENBL_MEM_GetMemoryIndex
 .text.OPENBL_MEM_Read
                0x0000000008004fc0       0x60 ./Middlewares/Modules/MEM/openbl_mem.o
                0x0000000008004fc0                OPENBL_MEM_Read
 .text.OPENBL_MEM_Write
                0x0000000008005020       0x5c ./Middlewares/Modules/MEM/openbl_mem.o
                0x0000000008005020                OPENBL_MEM_Write
 .text.OPENBL_MEM_SetReadOutProtection
                0x000000000800507c       0x74 ./Middlewares/Modules/MEM/openbl_mem.o
                0x000000000800507c                OPENBL_MEM_SetReadOutProtection
 .text.OPENBL_MEM_SetWriteProtection
                0x00000000080050f0       0x70 ./Middlewares/Modules/MEM/openbl_mem.o
                0x00000000080050f0                OPENBL_MEM_SetWriteProtection
 .text.OPENBL_MEM_JumpToAddress
                0x0000000008005160       0x54 ./Middlewares/Modules/MEM/openbl_mem.o
                0x0000000008005160                OPENBL_MEM_JumpToAddress
 .text.OPENBL_MEM_MassErase
                0x00000000080051b4       0x6c ./Middlewares/Modules/MEM/openbl_mem.o
                0x00000000080051b4                OPENBL_MEM_MassErase
 .text.OPENBL_MEM_Erase
                0x0000000008005220       0x6c ./Middlewares/Modules/MEM/openbl_mem.o
                0x0000000008005220                OPENBL_MEM_Erase
 .text.OPENBL_MEM_CheckJumpAddress
                0x000000000800528c       0x3c ./Middlewares/Modules/MEM/openbl_mem.o
                0x000000000800528c                OPENBL_MEM_CheckJumpAddress
 .text.OPENBL_SPI_GetCommandsList
                0x00000000080052c8       0x14 ./Middlewares/Modules/SPI/openbl_spi_cmd.o
                0x00000000080052c8                OPENBL_SPI_GetCommandsList
 .text.OPENBL_SPI_SetCommandsList
                0x00000000080052dc       0x24 ./Middlewares/Modules/SPI/openbl_spi_cmd.o
                0x00000000080052dc                OPENBL_SPI_SetCommandsList
 .text.OPENBL_SPI_GetCommand
                0x0000000008005300       0x58 ./Middlewares/Modules/SPI/openbl_spi_cmd.o
                0x0000000008005300                OPENBL_SPI_GetCommand
 .text.OPENBL_SPI_GetVersion
                0x0000000008005358       0x1a ./Middlewares/Modules/SPI/openbl_spi_cmd.o
                0x0000000008005358                OPENBL_SPI_GetVersion
 .text.OPENBL_SPI_GetID
                0x0000000008005372       0x26 ./Middlewares/Modules/SPI/openbl_spi_cmd.o
                0x0000000008005372                OPENBL_SPI_GetID
 .text.OPENBL_SPI_ReadMemory
                0x0000000008005398       0xa2 ./Middlewares/Modules/SPI/openbl_spi_cmd.o
                0x0000000008005398                OPENBL_SPI_ReadMemory
 *fill*         0x000000000800543a        0x2 
 .text.OPENBL_SPI_WriteMemory
                0x000000000800543c       0xb8 ./Middlewares/Modules/SPI/openbl_spi_cmd.o
                0x000000000800543c                OPENBL_SPI_WriteMemory
 .text.OPENBL_SPI_Go
                0x00000000080054f4       0x64 ./Middlewares/Modules/SPI/openbl_spi_cmd.o
                0x00000000080054f4                OPENBL_SPI_Go
 .text.OPENBL_SPI_ReadoutProtect
                0x0000000008005558       0x34 ./Middlewares/Modules/SPI/openbl_spi_cmd.o
                0x0000000008005558                OPENBL_SPI_ReadoutProtect
 .text.OPENBL_SPI_ReadoutUnprotect
                0x000000000800558c       0x22 ./Middlewares/Modules/SPI/openbl_spi_cmd.o
                0x000000000800558c                OPENBL_SPI_ReadoutUnprotect
 *fill*         0x00000000080055ae        0x2 
 .text.OPENBL_SPI_EraseMemory
                0x00000000080055b0      0x1e0 ./Middlewares/Modules/SPI/openbl_spi_cmd.o
                0x00000000080055b0                OPENBL_SPI_EraseMemory
 .text.OPENBL_SPI_WriteProtect
                0x0000000008005790       0xcc ./Middlewares/Modules/SPI/openbl_spi_cmd.o
                0x0000000008005790                OPENBL_SPI_WriteProtect
 .text.OPENBL_SPI_WriteUnprotect
                0x000000000800585c       0x48 ./Middlewares/Modules/SPI/openbl_spi_cmd.o
                0x000000000800585c                OPENBL_SPI_WriteUnprotect
 .text.OPENBL_SPI_GetAddress
                0x00000000080058a4       0x90 ./Middlewares/Modules/SPI/openbl_spi_cmd.o
 .text.OPENBL_SPI_SpecialCommand
                0x0000000008005934       0xf8 ./Middlewares/Modules/SPI/openbl_spi_cmd.o
                0x0000000008005934                OPENBL_SPI_SpecialCommand
 .text.OPENBL_SPI_ExtendedSpecialCommand
                0x0000000008005a2c      0x1ac ./Middlewares/Modules/SPI/openbl_spi_cmd.o
                0x0000000008005a2c                OPENBL_SPI_ExtendedSpecialCommand
 .text.OPENBL_SPI_ConstructCommandsTable
                0x0000000008005bd8      0x13c ./Middlewares/Modules/SPI/openbl_spi_cmd.o
 .text.OPENBL_SPI_GetSpecialCmdOpCode
                0x0000000008005d14       0xcc ./Middlewares/Modules/SPI/openbl_spi_cmd.o
 .text.OPENBL_USART_GetCommandsList
                0x0000000008005de0       0x14 ./Middlewares/Modules/USART/openbl_usart_cmd.o
                0x0000000008005de0                OPENBL_USART_GetCommandsList
 .text.OPENBL_USART_SetCommandsList
                0x0000000008005df4       0x24 ./Middlewares/Modules/USART/openbl_usart_cmd.o
                0x0000000008005df4                OPENBL_USART_SetCommandsList
 .text.OPENBL_USART_GetCommand
                0x0000000008005e18       0x58 ./Middlewares/Modules/USART/openbl_usart_cmd.o
                0x0000000008005e18                OPENBL_USART_GetCommand
 .text.OPENBL_USART_GetVersion
                0x0000000008005e70       0x26 ./Middlewares/Modules/USART/openbl_usart_cmd.o
                0x0000000008005e70                OPENBL_USART_GetVersion
 .text.OPENBL_USART_GetID
                0x0000000008005e96       0x26 ./Middlewares/Modules/USART/openbl_usart_cmd.o
                0x0000000008005e96                OPENBL_USART_GetID
 .text.OPENBL_USART_ReadMemory
                0x0000000008005ebc       0xa2 ./Middlewares/Modules/USART/openbl_usart_cmd.o
                0x0000000008005ebc                OPENBL_USART_ReadMemory
 *fill*         0x0000000008005f5e        0x2 
 .text.OPENBL_USART_WriteMemory
                0x0000000008005f60       0xb8 ./Middlewares/Modules/USART/openbl_usart_cmd.o
                0x0000000008005f60                OPENBL_USART_WriteMemory
 .text.OPENBL_USART_Go
                0x0000000008006018       0x64 ./Middlewares/Modules/USART/openbl_usart_cmd.o
                0x0000000008006018                OPENBL_USART_Go
 .text.OPENBL_USART_ReadoutProtect
                0x000000000800607c       0x34 ./Middlewares/Modules/USART/openbl_usart_cmd.o
                0x000000000800607c                OPENBL_USART_ReadoutProtect
 .text.OPENBL_USART_ReadoutUnprotect
                0x00000000080060b0       0x22 ./Middlewares/Modules/USART/openbl_usart_cmd.o
                0x00000000080060b0                OPENBL_USART_ReadoutUnprotect
 *fill*         0x00000000080060d2        0x2 
 .text.OPENBL_USART_EraseMemory
                0x00000000080060d4      0x1b0 ./Middlewares/Modules/USART/openbl_usart_cmd.o
                0x00000000080060d4                OPENBL_USART_EraseMemory
 .text.OPENBL_USART_WriteProtect
                0x0000000008006284       0xb0 ./Middlewares/Modules/USART/openbl_usart_cmd.o
                0x0000000008006284                OPENBL_USART_WriteProtect
 .text.OPENBL_USART_WriteUnprotect
                0x0000000008006334       0x48 ./Middlewares/Modules/USART/openbl_usart_cmd.o
                0x0000000008006334                OPENBL_USART_WriteUnprotect
 .text.OPENBL_USART_GetAddress
                0x000000000800637c       0x90 ./Middlewares/Modules/USART/openbl_usart_cmd.o
 .text.OPENBL_USART_SpecialCommand
                0x000000000800640c       0xf8 ./Middlewares/Modules/USART/openbl_usart_cmd.o
                0x000000000800640c                OPENBL_USART_SpecialCommand
 .text.OPENBL_USART_ExtendedSpecialCommand
                0x0000000008006504      0x1ac ./Middlewares/Modules/USART/openbl_usart_cmd.o
                0x0000000008006504                OPENBL_USART_ExtendedSpecialCommand
 .text.OPENBL_USART_ConstructCommandsTable
                0x00000000080066b0      0x13c ./Middlewares/Modules/USART/openbl_usart_cmd.o
 .text.OPENBL_USART_GetSpecialCmdOpCode
                0x00000000080067ec       0xcc ./Middlewares/Modules/USART/openbl_usart_cmd.o
 .text.memset   0x00000000080068b8       0x10 K:/dev/tools/STM32CubeIDE_1.11.0/STM32CubeIDE/plugins/com.st.stm32cube.ide.mcu.externaltools.gnu-tools-for-stm32.11.3.rel1.win32_1.1.100.202309141235/tools/bin/../lib/gcc/arm-none-eabi/11.3.1/../../../../arm-none-eabi/lib/thumb/v7e-m/nofp\libc_nano.a(libc_a-memset.o)
                0x00000000080068b8                memset
 .text.__libc_init_array
                0x00000000080068c8       0x48 K:/dev/tools/STM32CubeIDE_1.11.0/STM32CubeIDE/plugins/com.st.stm32cube.ide.mcu.externaltools.gnu-tools-for-stm32.11.3.rel1.win32_1.1.100.202309141235/tools/bin/../lib/gcc/arm-none-eabi/11.3.1/../../../../arm-none-eabi/lib/thumb/v7e-m/nofp\libc_nano.a(libc_a-init.o)
                0x00000000080068c8                __libc_init_array
 *(.glue_7)
 .glue_7        0x0000000008006910        0x0 linker stubs
 *(.glue_7t)
 .glue_7t       0x0000000008006910        0x0 linker stubs
 *(.eh_frame)
 .eh_frame      0x0000000008006910        0x0 K:/dev/tools/STM32CubeIDE_1.11.0/STM32CubeIDE/plugins/com.st.stm32cube.ide.mcu.externaltools.gnu-tools-for-stm32.11.3.rel1.win32_1.1.100.202309141235/tools/bin/../lib/gcc/arm-none-eabi/11.3.1/thumb/v7e-m/nofp/crtbegin.o
 *(.init)
 .init          0x0000000008006910        0x4 K:/dev/tools/STM32CubeIDE_1.11.0/STM32CubeIDE/plugins/com.st.stm32cube.ide.mcu.externaltools.gnu-tools-for-stm32.11.3.rel1.win32_1.1.100.202309141235/tools/bin/../lib/gcc/arm-none-eabi/11.3.1/thumb/v7e-m/nofp/crti.o
                0x0000000008006910                _init
 .init          0x0000000008006914        0x8 K:/dev/tools/STM32CubeIDE_1.11.0/STM32CubeIDE/plugins/com.st.stm32cube.ide.mcu.externaltools.gnu-tools-for-stm32.11.3.rel1.win32_1.1.100.202309141235/tools/bin/../lib/gcc/arm-none-eabi/11.3.1/thumb/v7e-m/nofp/crtn.o
 *(.fini)
 .fini          0x000000000800691c        0x4 K:/dev/tools/STM32CubeIDE_1.11.0/STM32CubeIDE/plugins/com.st.stm32cube.ide.mcu.externaltools.gnu-tools-for-stm32.11.3.rel1.win32_1.1.100.202309141235/tools/bin/../lib/gcc/arm-none-eabi/11.3.1/thumb/v7e-m/nofp/crti.o
                0x000000000800691c                _fini
 .fini          0x0000000008006920        0x8 K:/dev/tools/STM32CubeIDE_1.11.0/STM32CubeIDE/plugins/com.st.stm32cube.ide.mcu.externaltools.gnu-tools-for-stm32.11.3.rel1.win32_1.1.100.202309141235/tools/bin/../lib/gcc/arm-none-eabi/11.3.1/thumb/v7e-m/nofp/crtn.o
 .fini.__stub   0x0000000008006928       0x18 linker stubs
                0x0000000008006940                . = ALIGN (0x8)
                0x0000000008006940                _etext = .

.vfp11_veneer   0x0000000008006940        0x0
 .vfp11_veneer  0x0000000008006940        0x0 linker stubs

.v4_bx          0x0000000008006940        0x0
 .v4_bx         0x0000000008006940        0x0 linker stubs

.iplt           0x0000000008006940        0x0
 .iplt          0x0000000008006940        0x0 K:/dev/tools/STM32CubeIDE_1.11.0/STM32CubeIDE/plugins/com.st.stm32cube.ide.mcu.externaltools.gnu-tools-for-stm32.11.3.rel1.win32_1.1.100.202309141235/tools/bin/../lib/gcc/arm-none-eabi/11.3.1/thumb/v7e-m/nofp/crtbegin.o

.rodata         0x0000000008006940       0xf0
                0x0000000008006940                . = ALIGN (0x8)
 *(.rodata)
 .rodata        0x0000000008006940       0x1c ./Drivers/STM32WLxx_HAL_Driver/stm32wlxx_hal_rcc.o
 *(.rodata*)
 .rodata.AHBPrescTable
                0x000000000800695c       0x40 ./Drivers/CMSIS/system_stm32wlxx.o
                0x000000000800695c                AHBPrescTable
 .rodata.APBPrescTable
                0x000000000800699c       0x20 ./Drivers/CMSIS/system_stm32wlxx.o
                0x000000000800699c                APBPrescTable
 .rodata.MSIRangeTable
                0x00000000080069bc       0x40 ./Drivers/CMSIS/system_stm32wlxx.o
                0x00000000080069bc                MSIRangeTable
 .rodata.USART_PRESCALER_TAB
                0x00000000080069fc       0x30 ./Drivers/STM32WLxx_HAL_Driver/stm32wlxx_ll_usart.o
                0x0000000008006a30                . = ALIGN (0x8)
 *fill*         0x0000000008006a2c        0x4 

.rel.dyn        0x0000000008006a30        0x0
 .rel.iplt      0x0000000008006a30        0x0 K:/dev/tools/STM32CubeIDE_1.11.0/STM32CubeIDE/plugins/com.st.stm32cube.ide.mcu.externaltools.gnu-tools-for-stm32.11.3.rel1.win32_1.1.100.202309141235/tools/bin/../lib/gcc/arm-none-eabi/11.3.1/thumb/v7e-m/nofp/crtbegin.o

.ARM.extab      0x0000000008006a30        0x0
                0x0000000008006a30                . = ALIGN (0x8)
 *(.ARM.extab* .gnu.linkonce.armextab.*)
                0x0000000008006a30                . = ALIGN (0x8)

.ARM            0x0000000008006a30        0x0
                0x0000000008006a30                . = ALIGN (0x8)
                0x0000000008006a30                __exidx_start = .
 *(.ARM.exidx*)
                0x0000000008006a30                __exidx_end = .
                0x0000000008006a30                . = ALIGN (0x8)

.preinit_array  0x0000000008006a30        0x0
                0x0000000008006a30                . = ALIGN (0x8)
                0x0000000008006a30                PROVIDE (__preinit_array_start = .)
 *(.preinit_array*)
                0x0000000008006a30                PROVIDE (__preinit_array_end = .)
                0x0000000008006a30                . = ALIGN (0x8)

.init_array     0x0000000008006a30        0x8
                0x0000000008006a30                . = ALIGN (0x8)
                0x0000000008006a30                PROVIDE (__init_array_start = .)
 *(SORT_BY_NAME(.init_array.*))
 *(.init_array*)
 .init_array    0x0000000008006a30        0x4 K:/dev/tools/STM32CubeIDE_1.11.0/STM32CubeIDE/plugins/com.st.stm32cube.ide.mcu.externaltools.gnu-tools-for-stm32.11.3.rel1.win32_1.1.100.202309141235/tools/bin/../lib/gcc/arm-none-eabi/11.3.1/thumb/v7e-m/nofp/crtbegin.o
                0x0000000008006a34                PROVIDE (__init_array_end = .)
                0x0000000008006a38                . = ALIGN (0x8)
 *fill*         0x0000000008006a34        0x4 

.fini_array     0x0000000008006a38        0x8
                0x0000000008006a38                . = ALIGN (0x8)
                [!provide]                        PROVIDE (__fini_array_start = .)
 *(SORT_BY_NAME(.fini_array.*))
 *(.fini_array*)
 .fini_array    0x0000000008006a38        0x4 K:/dev/tools/STM32CubeIDE_1.11.0/STM32CubeIDE/plugins/com.st.stm32cube.ide.mcu.externaltools.gnu-tools-for-stm32.11.3.rel1.win32_1.1.100.202309141235/tools/bin/../lib/gcc/arm-none-eabi/11.3.1/thumb/v7e-m/nofp/crtbegin.o
                [!provide]                        PROVIDE (__fini_array_end = .)
                0x0000000008006a40                . = ALIGN (0x8)
 *fill*         0x0000000008006a3c        0x4 
                0x0000000008006a40                _sidata = LOADADDR (.data)

.data           0x0000000020000000      0x378 load address 0x0000000008006a40
                0x0000000020000000                . = ALIGN (0x8)
                0x0000000020000000                _sdata = .
 *(.data)
 *(.data*)
 .data.USART_Ops
                0x0000000020000000       0x14 ./Application/OpenBootloader/App/app_openbootloader.o
 .data.SPI_Ops  0x0000000020000014       0x14 ./Application/OpenBootloader/App/app_openbootloader.o
 .data.IWDG_Ops
                0x0000000020000028       0x14 ./Application/OpenBootloader/App/app_openbootloader.o
 .data.SpecialCmdList
                0x000000002000003c        0x2 ./Application/OpenBootloader/App/app_openbootloader.o
                0x000000002000003c                SpecialCmdList
 *fill*         0x000000002000003e        0x2 
 .data.ExtendedSpecialCmdList
                0x0000000020000040        0x2 ./Application/OpenBootloader/App/app_openbootloader.o
                0x0000000020000040                ExtendedSpecialCmdList
 *fill*         0x0000000020000042        0x2 
 .data.EB_Descriptor
                0x0000000020000044       0x2c ./Application/OpenBootloader/Target/engibytes_interface.o
                0x0000000020000044                EB_Descriptor
 .data.FLASH_Descriptor
                0x0000000020000070       0x2c ./Application/OpenBootloader/Target/flash_interface.o
                0x0000000020000070                FLASH_Descriptor
 .data.OB1_Descriptor
                0x000000002000009c       0x2c ./Application/OpenBootloader/Target/optionbytes_interface.o
                0x000000002000009c                OB1_Descriptor
 .data.OTP_Descriptor
                0x00000000200000c8       0x2c ./Application/OpenBootloader/Target/otp_interface.o
                0x00000000200000c8                OTP_Descriptor
 .data.RAM_Descriptor
                0x00000000200000f4       0x2c ./Application/OpenBootloader/Target/ram_interface.o
                0x00000000200000f4                RAM_Descriptor
 .data.ICP1_Descriptor
                0x0000000020000120       0x2c ./Application/OpenBootloader/Target/systemmemory_interface.o
                0x0000000020000120                ICP1_Descriptor
 .data.SystemCoreClock
                0x000000002000014c        0x4 ./Drivers/CMSIS/system_stm32wlxx.o
                0x000000002000014c                SystemCoreClock
 .data.uwTickPrio
                0x0000000020000150        0x4 ./Drivers/STM32WLxx_HAL_Driver/stm32wlxx_hal.o
                0x0000000020000150                uwTickPrio
 .data.uwTickFreq
                0x0000000020000154        0x1 ./Drivers/STM32WLxx_HAL_Driver/stm32wlxx_hal.o
                0x0000000020000154                uwTickFreq
 *fill*         0x0000000020000155        0x3 
 .data.OPENBL_SPI_Commands.0
                0x0000000020000158       0x50 ./Middlewares/Modules/SPI/openbl_spi_cmd.o
 .data.OPENBL_USART_Commands.0
                0x00000000200001a8       0x50 ./Middlewares/Modules/USART/openbl_usart_cmd.o
 *(.ramfunc)
 .ramfunc       0x00000000200001f8      0x17c ./Application/OpenBootloader/Target/spi_interface.o
                0x00000000200001f8                OPENBL_SPI_ReadByte
                0x0000000020000244                OPENBL_SPI_SendByte
                0x0000000020000274                OPENBL_SPI_IRQHandler
                0x0000000020000308                OPENBL_SPI_SendBusyByte
                0x0000000020000350                OPENBL_SPI_ClearFlag_OVR
                0x0000000020000378                . = ALIGN (0x8)
 *fill*         0x0000000020000374        0x4 
                0x0000000020000378                _edata = .

.igot.plt       0x0000000020000378        0x0 load address 0x0000000008006db8
 .igot.plt      0x0000000020000378        0x0 K:/dev/tools/STM32CubeIDE_1.11.0/STM32CubeIDE/plugins/com.st.stm32cube.ide.mcu.externaltools.gnu-tools-for-stm32.11.3.rel1.win32_1.1.100.202309141235/tools/bin/../lib/gcc/arm-none-eabi/11.3.1/thumb/v7e-m/nofp/crtbegin.o
                0x0000000020000378                . = ALIGN (0x8)

.bss            0x0000000020000378      0xad0 load address 0x0000000008006db8
                0x0000000020000378                _sbss = .
                0x0000000020000378                __bss_start__ = _sbss
 *(.bss)
 .bss           0x0000000020000378       0x1c K:/dev/tools/STM32CubeIDE_1.11.0/STM32CubeIDE/plugins/com.st.stm32cube.ide.mcu.externaltools.gnu-tools-for-stm32.11.3.rel1.win32_1.1.100.202309141235/tools/bin/../lib/gcc/arm-none-eabi/11.3.1/thumb/v7e-m/nofp/crtbegin.o
 *(.bss*)
 .bss.USART_Handle
                0x0000000020000394        0x8 ./Application/OpenBootloader/App/app_openbootloader.o
 .bss.SPI_Handle
                0x000000002000039c        0x8 ./Application/OpenBootloader/App/app_openbootloader.o
 .bss.IWDG_Handle
                0x00000000200003a4        0x8 ./Application/OpenBootloader/App/app_openbootloader.o
 .bss.interface_detected.0
                0x00000000200003ac        0x4 ./Application/OpenBootloader/App/app_openbootloader.o
 .bss.ResetCallback
                0x00000000200003b0        0x4 ./Application/OpenBootloader/Target/common_interface.o
 .bss.IWDGHandle
                0x00000000200003b4       0x10 ./Application/OpenBootloader/Target/iwdg_interface.o
 .bss.SpiRxNotEmpty
                0x00000000200003c4        0x1 ./Application/OpenBootloader/Target/spi_interface.o
 .bss.BusyState
                0x00000000200003c5        0x1 ./Application/OpenBootloader/Target/spi_interface.o
 .bss.SpiDetected
                0x00000000200003c6        0x1 ./Application/OpenBootloader/Target/spi_interface.o
 .bss.UsartDetected
                0x00000000200003c7        0x1 ./Application/OpenBootloader/Target/usart_interface.o
 .bss.uwTick    0x00000000200003c8        0x4 ./Drivers/STM32WLxx_HAL_Driver/stm32wlxx_hal.o
                0x00000000200003c8                uwTick
 .bss.pFlash    0x00000000200003cc       0x18 ./Drivers/STM32WLxx_HAL_Driver/stm32wlxx_hal_flash.o
                0x00000000200003cc                pFlash
 .bss.NumberOfInterfaces
                0x00000000200003e4        0x4 ./Middlewares/Core/openbl_core.o
 .bss.a_InterfacesTable
                0x00000000200003e8       0x18 ./Middlewares/Core/openbl_core.o
 .bss.p_Interface
                0x0000000020000400        0x4 ./Middlewares/Core/openbl_core.o
 .bss.NumberOfMemories
                0x0000000020000404        0x4 ./Middlewares/Modules/MEM/openbl_mem.o
 .bss.a_MemoriesTable
                0x0000000020000408      0x108 ./Middlewares/Modules/MEM/openbl_mem.o
 .bss.SPI_RAM_Buf
                0x0000000020000510      0x48c ./Middlewares/Modules/SPI/openbl_spi_cmd.o
 .bss.a_OPENBL_SPI_CommandsList
                0x000000002000099c        0xd ./Middlewares/Modules/SPI/openbl_spi_cmd.o
 .bss.SpiCommandsNumber
                0x00000000200009a9        0x1 ./Middlewares/Modules/SPI/openbl_spi_cmd.o
 *fill*         0x00000000200009aa        0x2 
 .bss.USART_RAM_Buf
                0x00000000200009ac      0x48c ./Middlewares/Modules/USART/openbl_usart_cmd.o
 .bss.a_OPENBL_USART_CommandsList
                0x0000000020000e38        0xd ./Middlewares/Modules/USART/openbl_usart_cmd.o
 .bss.UsartCommandsNumber
                0x0000000020000e45        0x1 ./Middlewares/Modules/USART/openbl_usart_cmd.o
 *(COMMON)
                0x0000000020000e48                . = ALIGN (0x8)
 *fill*         0x0000000020000e46        0x2 
                0x0000000020000e48                _ebss = .
                0x0000000020000e48                __bss_end__ = _ebss
                0x0000000020000e48                . = ALIGN (0x8)

RAM1_region     0x0000000020000e48        0x0 load address 0x0000000008006db8
                0x0000000020000e48                _sRAM1_region = .
 *(.RAM1_region)
                0x0000000020000e48                . = ALIGN (0x8)
                0x0000000020000e48                _eRAM1_region = .
                0x0000000020000e48                . = ALIGN (0x8)

RAM2_region     0x0000000020008000        0x0
                0x0000000020008000                _sRAM2_region = .
 *(.RAM2_region)
                0x0000000020008000                . = ALIGN (0x8)
                0x0000000020008000                _eRAM2_region = .

._user_heap_stack
                0x0000000020000e48      0x600
                0x0000000020000e48                . = ALIGN (0x8)
                [!provide]                        PROVIDE (end = .)
                0x0000000020000e48                PROVIDE (_end = .)
                0x0000000020001048                . = (. + _Min_Heap_Size)
 *fill*         0x0000000020000e48      0x200 
                0x0000000020001448                . = (. + _Min_Stack_Size)
 *fill*         0x0000000020001048      0x400 
                0x0000000020001448                . = ALIGN (0x8)

/DISCARD/
 libc.a(*)
 libm.a(*)
 libgcc.a(*)

.ARM.attributes
                0x0000000000000000       0x2a
 *(.ARM.attributes)
 .ARM.attributes
                0x0000000000000000       0x1e K:/dev/tools/STM32CubeIDE_1.11.0/STM32CubeIDE/plugins/com.st.stm32cube.ide.mcu.externaltools.gnu-tools-for-stm32.11.3.rel1.win32_1.1.100.202309141235/tools/bin/../lib/gcc/arm-none-eabi/11.3.1/thumb/v7e-m/nofp/crti.o
 .ARM.attributes
                0x000000000000001e       0x2e K:/dev/tools/STM32CubeIDE_1.11.0/STM32CubeIDE/plugins/com.st.stm32cube.ide.mcu.externaltools.gnu-tools-for-stm32.11.3.rel1.win32_1.1.100.202309141235/tools/bin/../lib/gcc/arm-none-eabi/11.3.1/thumb/v7e-m/nofp/crtbegin.o
 .ARM.attributes
                0x000000000000004c       0x2e ./Application/Core/main.o
 .ARM.attributes
                0x000000000000007a       0x2e ./Application/Core/stm32wlxx_it.o
 .ARM.attributes
                0x00000000000000a8       0x2e ./Application/OpenBootloader/App/app_openbootloader.o
 .ARM.attributes
                0x00000000000000d6       0x2e ./Application/OpenBootloader/Target/common_interface.o
 .ARM.attributes
                0x0000000000000104       0x2e ./Application/OpenBootloader/Target/engibytes_interface.o
 .ARM.attributes
                0x0000000000000132       0x2e ./Application/OpenBootloader/Target/flash_interface.o
 .ARM.attributes
                0x0000000000000160       0x2e ./Application/OpenBootloader/Target/iwdg_interface.o
 .ARM.attributes
                0x000000000000018e       0x2e ./Application/OpenBootloader/Target/optionbytes_interface.o
 .ARM.attributes
                0x00000000000001bc       0x2e ./Application/OpenBootloader/Target/otp_interface.o
 .ARM.attributes
                0x00000000000001ea       0x2e ./Application/OpenBootloader/Target/ram_interface.o
 .ARM.attributes
                0x0000000000000218       0x2e ./Application/OpenBootloader/Target/spi_interface.o
 .ARM.attributes
                0x0000000000000246       0x2e ./Application/OpenBootloader/Target/systemmemory_interface.o
 .ARM.attributes
                0x0000000000000274       0x2e ./Application/OpenBootloader/Target/usart_interface.o
 .ARM.attributes
                0x00000000000002a2       0x21 ./Application/Startup/startup_stm32wl55jcix.o
 .ARM.attributes
                0x00000000000002c3       0x2e ./Drivers/CMSIS/system_stm32wlxx.o
 .ARM.attributes
                0x00000000000002f1       0x2e ./Drivers/STM32WLxx_HAL_Driver/stm32wlxx_hal.o
 .ARM.attributes
                0x000000000000031f       0x2e ./Drivers/STM32WLxx_HAL_Driver/stm32wlxx_hal_cortex.o
 .ARM.attributes
                0x000000000000034d       0x2e ./Drivers/STM32WLxx_HAL_Driver/stm32wlxx_hal_flash.o
 .ARM.attributes
                0x000000000000037b       0x2e ./Drivers/STM32WLxx_HAL_Driver/stm32wlxx_hal_flash_ex.o
 .ARM.attributes
                0x00000000000003a9       0x2e ./Drivers/STM32WLxx_HAL_Driver/stm32wlxx_hal_gpio.o
 .ARM.attributes
                0x00000000000003d7       0x2e ./Drivers/STM32WLxx_HAL_Driver/stm32wlxx_hal_iwdg.o
 .ARM.attributes
                0x0000000000000405       0x2e ./Drivers/STM32WLxx_HAL_Driver/stm32wlxx_hal_pwr.o
 .ARM.attributes
                0x0000000000000433       0x2e ./Drivers/STM32WLxx_HAL_Driver/stm32wlxx_hal_pwr_ex.o
 .ARM.attributes
                0x0000000000000461       0x2e ./Drivers/STM32WLxx_HAL_Driver/stm32wlxx_hal_rcc.o
 .ARM.attributes
                0x000000000000048f       0x2e ./Drivers/STM32WLxx_HAL_Driver/stm32wlxx_ll_rcc.o
 .ARM.attributes
                0x00000000000004bd       0x2e ./Drivers/STM32WLxx_HAL_Driver/stm32wlxx_ll_spi.o
 .ARM.attributes
                0x00000000000004eb       0x2e ./Drivers/STM32WLxx_HAL_Driver/stm32wlxx_ll_usart.o
 .ARM.attributes
                0x0000000000000519       0x2e ./Middlewares/Core/openbl_core.o
 .ARM.attributes
                0x0000000000000547       0x2e ./Middlewares/Modules/MEM/openbl_mem.o
 .ARM.attributes
                0x0000000000000575       0x2e ./Middlewares/Modules/SPI/openbl_spi_cmd.o
 .ARM.attributes
                0x00000000000005a3       0x2e ./Middlewares/Modules/USART/openbl_usart_cmd.o
 .ARM.attributes
                0x00000000000005d1       0x2e K:/dev/tools/STM32CubeIDE_1.11.0/STM32CubeIDE/plugins/com.st.stm32cube.ide.mcu.externaltools.gnu-tools-for-stm32.11.3.rel1.win32_1.1.100.202309141235/tools/bin/../lib/gcc/arm-none-eabi/11.3.1/../../../../arm-none-eabi/lib/thumb/v7e-m/nofp\libc_nano.a(libc_a-memset.o)
 .ARM.attributes
                0x00000000000005ff       0x2e K:/dev/tools/STM32CubeIDE_1.11.0/STM32CubeIDE/plugins/com.st.stm32cube.ide.mcu.externaltools.gnu-tools-for-stm32.11.3.rel1.win32_1.1.100.202309141235/tools/bin/../lib/gcc/arm-none-eabi/11.3.1/../../../../arm-none-eabi/lib/thumb/v7e-m/nofp\libc_nano.a(libc_a-init.o)
 .ARM.attributes
                0x000000000000062d       0x1e K:/dev/tools/STM32CubeIDE_1.11.0/STM32CubeIDE/plugins/com.st.stm32cube.ide.mcu.externaltools.gnu-tools-for-stm32.11.3.rel1.win32_1.1.100.202309141235/tools/bin/../lib/gcc/arm-none-eabi/11.3.1/thumb/v7e-m/nofp/crtn.o
OUTPUT(OpenBootloader.elf elf32-littlearm)
LOAD linker stubs
LOAD K:/dev/tools/STM32CubeIDE_1.11.0/STM32CubeIDE/plugins/com.st.stm32cube.ide.mcu.externaltools.gnu-tools-for-stm32.11.3.rel1.win32_1.1.100.202309141235/tools/bin/../lib/gcc/arm-none-eabi/11.3.1/../../../../arm-none-eabi/lib/thumb/v7e-m/nofp\libc.a
LOAD K:/dev/tools/STM32CubeIDE_1.11.0/STM32CubeIDE/plugins/com.st.stm32cube.ide.mcu.externaltools.gnu-tools-for-stm32.11.3.rel1.win32_1.1.100.202309141235/tools/bin/../lib/gcc/arm-none-eabi/11.3.1/../../../../arm-none-eabi/lib/thumb/v7e-m/nofp\libm.a
LOAD K:/dev/tools/STM32CubeIDE_1.11.0/STM32CubeIDE/plugins/com.st.stm32cube.ide.mcu.externaltools.gnu-tools-for-stm32.11.3.rel1.win32_1.1.100.202309141235/tools/bin/../lib/gcc/arm-none-eabi/11.3.1/thumb/v7e-m/nofp\libgcc.a

.comment        0x0000000000000000       0x43
 .comment       0x0000000000000000       0x43 K:/dev/tools/STM32CubeIDE_1.11.0/STM32CubeIDE/plugins/com.st.stm32cube.ide.mcu.externaltools.gnu-tools-for-stm32.11.3.rel1.win32_1.1.100.202309141235/tools/bin/../lib/gcc/arm-none-eabi/11.3.1/thumb/v7e-m/nofp/crtbegin.o
                                         0x44 (size before relaxing)
 .comment       0x0000000000000043       0x44 ./Application/Core/main.o
 .comment       0x0000000000000043       0x44 ./Application/Core/stm32wlxx_it.o
 .comment       0x0000000000000043       0x44 ./Application/OpenBootloader/App/app_openbootloader.o
 .comment       0x0000000000000043       0x44 ./Application/OpenBootloader/Target/common_interface.o
 .comment       0x0000000000000043       0x44 ./Application/OpenBootloader/Target/engibytes_interface.o
 .comment       0x0000000000000043       0x44 ./Application/OpenBootloader/Target/flash_interface.o
 .comment       0x0000000000000043       0x44 ./Application/OpenBootloader/Target/iwdg_interface.o
 .comment       0x0000000000000043       0x44 ./Application/OpenBootloader/Target/optionbytes_interface.o
 .comment       0x0000000000000043       0x44 ./Application/OpenBootloader/Target/otp_interface.o
 .comment       0x0000000000000043       0x44 ./Application/OpenBootloader/Target/ram_interface.o
 .comment       0x0000000000000043       0x44 ./Application/OpenBootloader/Target/spi_interface.o
 .comment       0x0000000000000043       0x44 ./Application/OpenBootloader/Target/systemmemory_interface.o
 .comment       0x0000000000000043       0x44 ./Application/OpenBootloader/Target/usart_interface.o
 .comment       0x0000000000000043       0x44 ./Drivers/CMSIS/system_stm32wlxx.o
 .comment       0x0000000000000043       0x44 ./Drivers/STM32WLxx_HAL_Driver/stm32wlxx_hal.o
 .comment       0x0000000000000043       0x44 ./Drivers/STM32WLxx_HAL_Driver/stm32wlxx_hal_cortex.o
 .comment       0x0000000000000043       0x44 ./Drivers/STM32WLxx_HAL_Driver/stm32wlxx_hal_flash.o
 .comment       0x0000000000000043       0x44 ./Drivers/STM32WLxx_HAL_Driver/stm32wlxx_hal_flash_ex.o
 .comment       0x0000000000000043       0x44 ./Drivers/STM32WLxx_HAL_Driver/stm32wlxx_hal_gpio.o
 .comment       0x0000000000000043       0x44 ./Drivers/STM32WLxx_HAL_Driver/stm32wlxx_hal_iwdg.o
 .comment       0x0000000000000043       0x44 ./Drivers/STM32WLxx_HAL_Driver/stm32wlxx_hal_pwr.o
 .comment       0x0000000000000043       0x44 ./Drivers/STM32WLxx_HAL_Driver/stm32wlxx_hal_pwr_ex.o
 .comment       0x0000000000000043       0x44 ./Drivers/STM32WLxx_HAL_Driver/stm32wlxx_hal_rcc.o
 .comment       0x0000000000000043       0x44 ./Drivers/STM32WLxx_HAL_Driver/stm32wlxx_ll_rcc.o
 .comment       0x0000000000000043       0x44 ./Drivers/STM32WLxx_HAL_Driver/stm32wlxx_ll_spi.o
 .comment       0x0000000000000043       0x44 ./Drivers/STM32WLxx_HAL_Driver/stm32wlxx_ll_usart.o
 .comment       0x0000000000000043       0x44 ./Middlewares/Core/openbl_core.o
 .comment       0x0000000000000043       0x44 ./Middlewares/Modules/MEM/openbl_mem.o
 .comment       0x0000000000000043       0x44 ./Middlewares/Modules/SPI/openbl_spi_cmd.o
 .comment       0x0000000000000043       0x44 ./Middlewares/Modules/USART/openbl_usart_cmd.o

.debug_info     0x0000000000000000     0xefc2
 .debug_info    0x0000000000000000      0x8be ./Application/Core/main.o
 .debug_info    0x00000000000008be      0x16d ./Application/Core/stm32wlxx_it.o
 .debug_info    0x0000000000000a2b      0x635 ./Application/OpenBootloader/App/app_openbootloader.o
 .debug_info    0x0000000000001060      0x235 ./Application/OpenBootloader/Target/common_interface.o
 .debug_info    0x0000000000001295      0x26e ./Application/OpenBootloader/Target/engibytes_interface.o
 .debug_info    0x0000000000001503      0x9d8 ./Application/OpenBootloader/Target/flash_interface.o
 .debug_info    0x0000000000001edb      0x221 ./Application/OpenBootloader/Target/iwdg_interface.o
 .debug_info    0x00000000000020fc      0x6d0 ./Application/OpenBootloader/Target/optionbytes_interface.o
 .debug_info    0x00000000000027cc      0x501 ./Application/OpenBootloader/Target/otp_interface.o
 .debug_info    0x0000000000002ccd      0x332 ./Application/OpenBootloader/Target/ram_interface.o
 .debug_info    0x0000000000002fff      0xd4a ./Application/OpenBootloader/Target/spi_interface.o
 .debug_info    0x0000000000003d49      0x26e ./Application/OpenBootloader/Target/systemmemory_interface.o
 .debug_info    0x0000000000003fb7      0xa89 ./Application/OpenBootloader/Target/usart_interface.o
 .debug_info    0x0000000000004a40       0x23 ./Application/Startup/startup_stm32wl55jcix.o
 .debug_info    0x0000000000004a63      0x515 ./Drivers/CMSIS/system_stm32wlxx.o
 .debug_info    0x0000000000004f78     0x1165 ./Drivers/STM32WLxx_HAL_Driver/stm32wlxx_hal.o
 .debug_info    0x00000000000060dd      0xced ./Drivers/STM32WLxx_HAL_Driver/stm32wlxx_hal_cortex.o
 .debug_info    0x0000000000006dca      0x6be ./Drivers/STM32WLxx_HAL_Driver/stm32wlxx_hal_flash.o
 .debug_info    0x0000000000007488      0xb4b ./Drivers/STM32WLxx_HAL_Driver/stm32wlxx_hal_flash_ex.o
 .debug_info    0x0000000000007fd3      0x6b5 ./Drivers/STM32WLxx_HAL_Driver/stm32wlxx_hal_gpio.o
 .debug_info    0x0000000000008688      0x23b ./Drivers/STM32WLxx_HAL_Driver/stm32wlxx_hal_iwdg.o
 .debug_info    0x00000000000088c3      0x8e8 ./Drivers/STM32WLxx_HAL_Driver/stm32wlxx_hal_pwr.o
 .debug_info    0x00000000000091ab      0xde7 ./Drivers/STM32WLxx_HAL_Driver/stm32wlxx_hal_pwr_ex.o
 .debug_info    0x0000000000009f92     0x144c ./Drivers/STM32WLxx_HAL_Driver/stm32wlxx_hal_rcc.o
 .debug_info    0x000000000000b3de      0xc49 ./Drivers/STM32WLxx_HAL_Driver/stm32wlxx_ll_rcc.o
 .debug_info    0x000000000000c027      0x9a8 ./Drivers/STM32WLxx_HAL_Driver/stm32wlxx_ll_spi.o
 .debug_info    0x000000000000c9cf      0x901 ./Drivers/STM32WLxx_HAL_Driver/stm32wlxx_ll_usart.o
 .debug_info    0x000000000000d2d0      0x3e6 ./Middlewares/Core/openbl_core.o
 .debug_info    0x000000000000d6b6      0x5d0 ./Middlewares/Modules/MEM/openbl_mem.o
 .debug_info    0x000000000000dc86      0x9b1 ./Middlewares/Modules/SPI/openbl_spi_cmd.o
 .debug_info    0x000000000000e637      0x98b ./Middlewares/Modules/USART/openbl_usart_cmd.o

.debug_abbrev   0x0000000000000000     0x3e4b
 .debug_abbrev  0x0000000000000000      0x1d0 ./Application/Core/main.o
 .debug_abbrev  0x00000000000001d0       0xc1 ./Application/Core/stm32wlxx_it.o
 .debug_abbrev  0x0000000000000291      0x19e ./Application/OpenBootloader/App/app_openbootloader.o
 .debug_abbrev  0x000000000000042f      0x177 ./Application/OpenBootloader/Target/common_interface.o
 .debug_abbrev  0x00000000000005a6      0x119 ./Application/OpenBootloader/Target/engibytes_interface.o
 .debug_abbrev  0x00000000000006bf      0x2bf ./Application/OpenBootloader/Target/flash_interface.o
 .debug_abbrev  0x000000000000097e      0x15a ./Application/OpenBootloader/Target/iwdg_interface.o
 .debug_abbrev  0x0000000000000ad8      0x20d ./Application/OpenBootloader/Target/optionbytes_interface.o
 .debug_abbrev  0x0000000000000ce5      0x1c5 ./Application/OpenBootloader/Target/otp_interface.o
 .debug_abbrev  0x0000000000000eaa      0x180 ./Application/OpenBootloader/Target/ram_interface.o
 .debug_abbrev  0x000000000000102a      0x30d ./Application/OpenBootloader/Target/spi_interface.o
 .debug_abbrev  0x0000000000001337      0x119 ./Application/OpenBootloader/Target/systemmemory_interface.o
 .debug_abbrev  0x0000000000001450      0x299 ./Application/OpenBootloader/Target/usart_interface.o
 .debug_abbrev  0x00000000000016e9       0x12 ./Application/Startup/startup_stm32wl55jcix.o
 .debug_abbrev  0x00000000000016fb      0x13e ./Drivers/CMSIS/system_stm32wlxx.o
 .debug_abbrev  0x0000000000001839      0x344 ./Drivers/STM32WLxx_HAL_Driver/stm32wlxx_hal.o
 .debug_abbrev  0x0000000000001b7d      0x2e8 ./Drivers/STM32WLxx_HAL_Driver/stm32wlxx_hal_cortex.o
 .debug_abbrev  0x0000000000001e65      0x2fe ./Drivers/STM32WLxx_HAL_Driver/stm32wlxx_hal_flash.o
 .debug_abbrev  0x0000000000002163      0x2f8 ./Drivers/STM32WLxx_HAL_Driver/stm32wlxx_hal_flash_ex.o
 .debug_abbrev  0x000000000000245b      0x1e9 ./Drivers/STM32WLxx_HAL_Driver/stm32wlxx_hal_gpio.o
 .debug_abbrev  0x0000000000002644      0x166 ./Drivers/STM32WLxx_HAL_Driver/stm32wlxx_hal_iwdg.o
 .debug_abbrev  0x00000000000027aa      0x209 ./Drivers/STM32WLxx_HAL_Driver/stm32wlxx_hal_pwr.o
 .debug_abbrev  0x00000000000029b3      0x302 ./Drivers/STM32WLxx_HAL_Driver/stm32wlxx_hal_pwr_ex.o
 .debug_abbrev  0x0000000000002cb5      0x310 ./Drivers/STM32WLxx_HAL_Driver/stm32wlxx_hal_rcc.o
 .debug_abbrev  0x0000000000002fc5      0x234 ./Drivers/STM32WLxx_HAL_Driver/stm32wlxx_ll_rcc.o
 .debug_abbrev  0x00000000000031f9      0x250 ./Drivers/STM32WLxx_HAL_Driver/stm32wlxx_ll_spi.o
 .debug_abbrev  0x0000000000003449      0x213 ./Drivers/STM32WLxx_HAL_Driver/stm32wlxx_ll_usart.o
 .debug_abbrev  0x000000000000365c      0x18c ./Middlewares/Core/openbl_core.o
 .debug_abbrev  0x00000000000037e8      0x178 ./Middlewares/Modules/MEM/openbl_mem.o
 .debug_abbrev  0x0000000000003960      0x277 ./Middlewares/Modules/SPI/openbl_spi_cmd.o
 .debug_abbrev  0x0000000000003bd7      0x274 ./Middlewares/Modules/USART/openbl_usart_cmd.o

.debug_aranges  0x0000000000000000     0x1418
 .debug_aranges
                0x0000000000000000       0x38 ./Application/Core/main.o
 .debug_aranges
                0x0000000000000038       0x68 ./Application/Core/stm32wlxx_it.o
 .debug_aranges
                0x00000000000000a0       0x30 ./Application/OpenBootloader/App/app_openbootloader.o
 .debug_aranges
                0x00000000000000d0       0x48 ./Application/OpenBootloader/Target/common_interface.o
 .debug_aranges
                0x0000000000000118       0x20 ./Application/OpenBootloader/Target/engibytes_interface.o
 .debug_aranges
                0x0000000000000138       0x88 ./Application/OpenBootloader/Target/flash_interface.o
 .debug_aranges
                0x00000000000001c0       0x28 ./Application/OpenBootloader/Target/iwdg_interface.o
 .debug_aranges
                0x00000000000001e8       0x38 ./Application/OpenBootloader/Target/optionbytes_interface.o
 .debug_aranges
                0x0000000000000220       0x30 ./Application/OpenBootloader/Target/otp_interface.o
 .debug_aranges
                0x0000000000000250       0x30 ./Application/OpenBootloader/Target/ram_interface.o
 .debug_aranges
                0x0000000000000280       0xd0 ./Application/OpenBootloader/Target/spi_interface.o
 .debug_aranges
                0x0000000000000350       0x20 ./Application/OpenBootloader/Target/systemmemory_interface.o
 .debug_aranges
                0x0000000000000370       0xb0 ./Application/OpenBootloader/Target/usart_interface.o
 .debug_aranges
                0x0000000000000420       0x28 ./Application/Startup/startup_stm32wl55jcix.o
 .debug_aranges
                0x0000000000000448       0x28 ./Drivers/CMSIS/system_stm32wlxx.o
 .debug_aranges
                0x0000000000000470      0x240 ./Drivers/STM32WLxx_HAL_Driver/stm32wlxx_hal.o
 .debug_aranges
                0x00000000000006b0      0x118 ./Drivers/STM32WLxx_HAL_Driver/stm32wlxx_hal_cortex.o
 .debug_aranges
                0x00000000000007c8       0x88 ./Drivers/STM32WLxx_HAL_Driver/stm32wlxx_hal_flash.o
 .debug_aranges
                0x0000000000000850      0x138 ./Drivers/STM32WLxx_HAL_Driver/stm32wlxx_hal_flash_ex.o
 .debug_aranges
                0x0000000000000988       0x58 ./Drivers/STM32WLxx_HAL_Driver/stm32wlxx_hal_gpio.o
 .debug_aranges
                0x00000000000009e0       0x28 ./Drivers/STM32WLxx_HAL_Driver/stm32wlxx_hal_iwdg.o
 .debug_aranges
                0x0000000000000a08       0xc8 ./Drivers/STM32WLxx_HAL_Driver/stm32wlxx_hal_pwr.o
 .debug_aranges
                0x0000000000000ad0      0x200 ./Drivers/STM32WLxx_HAL_Driver/stm32wlxx_hal_pwr_ex.o
 .debug_aranges
                0x0000000000000cd0      0x258 ./Drivers/STM32WLxx_HAL_Driver/stm32wlxx_hal_rcc.o
 .debug_aranges
                0x0000000000000f28      0x1d0 ./Drivers/STM32WLxx_HAL_Driver/stm32wlxx_ll_rcc.o
 .debug_aranges
                0x00000000000010f8       0x90 ./Drivers/STM32WLxx_HAL_Driver/stm32wlxx_ll_spi.o
 .debug_aranges
                0x0000000000001188       0x88 ./Drivers/STM32WLxx_HAL_Driver/stm32wlxx_ll_usart.o
 .debug_aranges
                0x0000000000001210       0x48 ./Middlewares/Core/openbl_core.o
 .debug_aranges
                0x0000000000001258       0x70 ./Middlewares/Modules/MEM/openbl_mem.o
 .debug_aranges
                0x00000000000012c8       0xa8 ./Middlewares/Modules/SPI/openbl_spi_cmd.o
 .debug_aranges
                0x0000000000001370       0xa8 ./Middlewares/Modules/USART/openbl_usart_cmd.o

.debug_rnglists
                0x0000000000000000      0xebf
 .debug_rnglists
                0x0000000000000000       0x26 ./Application/Core/main.o
 .debug_rnglists
                0x0000000000000026       0x49 ./Application/Core/stm32wlxx_it.o
 .debug_rnglists
                0x000000000000006f       0x20 ./Application/OpenBootloader/App/app_openbootloader.o
 .debug_rnglists
                0x000000000000008f       0x31 ./Application/OpenBootloader/Target/common_interface.o
 .debug_rnglists
                0x00000000000000c0       0x13 ./Application/OpenBootloader/Target/engibytes_interface.o
 .debug_rnglists
                0x00000000000000d3       0x64 ./Application/OpenBootloader/Target/flash_interface.o
 .debug_rnglists
                0x0000000000000137       0x19 ./Application/OpenBootloader/Target/iwdg_interface.o
 .debug_rnglists
                0x0000000000000150       0x26 ./Application/OpenBootloader/Target/optionbytes_interface.o
 .debug_rnglists
                0x0000000000000176       0x20 ./Application/OpenBootloader/Target/otp_interface.o
 .debug_rnglists
                0x0000000000000196       0x1f ./Application/OpenBootloader/Target/ram_interface.o
 .debug_rnglists
                0x00000000000001b5       0x99 ./Application/OpenBootloader/Target/spi_interface.o
 .debug_rnglists
                0x000000000000024e       0x13 ./Application/OpenBootloader/Target/systemmemory_interface.o
 .debug_rnglists
                0x0000000000000261       0x7f ./Application/OpenBootloader/Target/usart_interface.o
 .debug_rnglists
                0x00000000000002e0       0x19 ./Application/Startup/startup_stm32wl55jcix.o
 .debug_rnglists
                0x00000000000002f9       0x1a ./Drivers/CMSIS/system_stm32wlxx.o
 .debug_rnglists
                0x0000000000000313      0x1ab ./Drivers/STM32WLxx_HAL_Driver/stm32wlxx_hal.o
 .debug_rnglists
                0x00000000000004be       0xce ./Drivers/STM32WLxx_HAL_Driver/stm32wlxx_hal_cortex.o
 .debug_rnglists
                0x000000000000058c       0x65 ./Drivers/STM32WLxx_HAL_Driver/stm32wlxx_hal_flash.o