Archive member included to satisfy reference by file (symbol)

K:/dev/tools/STM32CubeIDE_1.11.0/STM32CubeIDE/plugins/com.st.stm32cube.ide.mcu.externaltools.gnu-tools-for-stm32.11.3.rel1.win32_1.1.100.202309141235/tools/bin/../lib/gcc/arm-none-eabi/11.3.1/../../../../arm-none-eabi/lib/thumb/v7e-m/nofp\libc_nano.a(libc_a-exit.o)
                              K:/dev/tools/STM32CubeIDE_1.11.0/STM32CubeIDE/plugins/com.st.stm32cube.ide.mcu.externaltools.gnu-tools-for-stm32.11.3.rel1.win32_1.1.100.202309141235/tools/bin/../lib/gcc/arm-none-eabi/11.3.1/../../../../arm-none-eabi/lib/thumb/v7e-m/nofp/crt0.o (exit)
K:/dev/tools/STM32CubeIDE_1.11.0/STM32CubeIDE/plugins/com.st.stm32cube.ide.mcu.externaltools.gnu-tools-for-stm32.11.3.rel1.win32_1.1.100.202309141235/tools/bin/../lib/gcc/arm-none-eabi/11.3.1/../../../../arm-none-eabi/lib/thumb/v7e-m/nofp\libc_nano.a(libc_a-findfp.o)
                              K:/dev/tools/STM32CubeIDE_1.11.0/STM32CubeIDE/plugins/com.st.stm32cube.ide.mcu.externaltools.gnu-tools-for-stm32.11.3.rel1.win32_1.1.100.202309141235/tools/bin/../lib/gcc/arm-none-eabi/11.3.1/../../../../arm-none-eabi/lib/thumb/v7e-m/nofp\libc_nano.a(libc_a-exit.o) (__stdio_exit_handler)
K:/dev/tools/STM32CubeIDE_1.11.0/STM32CubeIDE/plugins/com.st.stm32cube.ide.mcu.externaltools.gnu-tools-for-stm32.11.3.rel1.win32_1.1.100.202309141235/tools/bin/../lib/gcc/arm-none-eabi/11.3.1/../../../../arm-none-eabi/lib/thumb/v7e-m/nofp\libc_nano.a(libc_a-fwalk.o)
                              K:/dev/tools/STM32CubeIDE_1.11.0/STM32CubeIDE/plugins/com.st.stm32cube.ide.mcu.externaltools.gnu-tools-for-stm32.11.3.rel1.win32_1.1.100.202309141235/tools/bin/../lib/gcc/arm-none-eabi/11.3.1/../../../../arm-none-eabi/lib/thumb/v7e-m/nofp\libc_nano.a(libc_a-findfp.o) (_fwalk_sglue)
K:/dev/tools/STM32CubeIDE_1.11.0/STM32CubeIDE/plugins/com.st.stm32cube.ide.mcu.externaltools.gnu-tools-for-stm32.11.3.rel1.win32_1.1.100.202309141235/tools/bin/../lib/gcc/arm-none-eabi/11.3.1/../../../../arm-none-eabi/lib/thumb/v7e-m/nofp\libc_nano.a(libc_a-stdio.o)
                              K:/dev/tools/STM32CubeIDE_1.11.0/STM32CubeIDE/plugins/com.st.stm32cube.ide.mcu.externaltools.gnu-tools-for-stm32.11.3.rel1.win32_1.1.100.202309141235/tools/bin/../lib/gcc/arm-none-eabi/11.3.1/../../../../arm-none-eabi/lib/thumb/v7e-m/nofp\libc_nano.a(libc_a-findfp.o) (__sread)
K:/dev/tools/STM32CubeIDE_1.11.0/STM32CubeIDE/plugins/com.st.stm32cube.ide.mcu.externaltools.gnu-tools-for-stm32.11.3.rel1.win32_1.1.100.202309141235/tools/bin/../lib/gcc/arm-none-eabi/11.3.1/../../../../arm-none-eabi/lib/thumb/v7e-m/nofp\libc_nano.a(libc_a-memset.o)
                              K:/dev/tools/STM32CubeIDE_1.11.0/STM32CubeIDE/plugins/com.st.stm32cube.ide.mcu.externaltools.gnu-tools-for-stm32.11.3.rel1.win32_1.1.100.202309141235/tools/bin/../lib/gcc/arm-none-eabi/11.3.1/../../../../arm-none-eabi/lib/thumb/v7e-m/nofp/crt0.o (memset)
K:/dev/tools/STM32CubeIDE_1.11.0/STM32CubeIDE/plugins/com.st.stm32cube.ide.mcu.externaltools.gnu-tools-for-stm32.11.3.rel1.win32_1.1.100.202309141235/tools/bin/../lib/gcc/arm-none-eabi/11.3.1/../../../../arm-none-eabi/lib/thumb/v7e-m/nofp\libc_nano.a(libc_a-closer.o)
                              K:/dev/tools/STM32CubeIDE_1.11.0/STM32CubeIDE/plugins/com.st.stm32cube.ide.mcu.externaltools.gnu-tools-for-stm32.11.3.rel1.win32_1.1.100.202309141235/tools/bin/../lib/gcc/arm-none-eabi/11.3.1/../../../../arm-none-eabi/lib/thumb/v7e-m/nofp\libc_nano.a(libc_a-stdio.o) (_close_r)
K:/dev/tools/STM32CubeIDE_1.11.0/STM32CubeIDE/plugins/com.st.stm32cube.ide.mcu.externaltools.gnu-tools-for-stm32.11.3.rel1.win32_1.1.100.202309141235/tools/bin/../lib/gcc/arm-none-eabi/11.3.1/../../../../arm-none-eabi/lib/thumb/v7e-m/nofp\libc_nano.a(libc_a-reent.o)
                              K:/dev/tools/STM32CubeIDE_1.11.0/STM32CubeIDE/plugins/com.st.stm32cube.ide.mcu.externaltools.gnu-tools-for-stm32.11.3.rel1.win32_1.1.100.202309141235/tools/bin/../lib/gcc/arm-none-eabi/11.3.1/../../../../arm-none-eabi/lib/thumb/v7e-m/nofp\libc_nano.a(libc_a-closer.o) (errno)
K:/dev/tools/STM32CubeIDE_1.11.0/STM32CubeIDE/plugins/com.st.stm32cube.ide.mcu.externaltools.gnu-tools-for-stm32.11.3.rel1.win32_1.1.100.202309141235/tools/bin/../lib/gcc/arm-none-eabi/11.3.1/../../../../arm-none-eabi/lib/thumb/v7e-m/nofp\libc_nano.a(libc_a-impure.o)
                              K:/dev/tools/STM32CubeIDE_1.11.0/STM32CubeIDE/plugins/com.st.stm32cube.ide.mcu.externaltools.gnu-tools-for-stm32.11.3.rel1.win32_1.1.100.202309141235/tools/bin/../lib/gcc/arm-none-eabi/11.3.1/../../../../arm-none-eabi/lib/thumb/v7e-m/nofp\libc_nano.a(libc_a-reent.o) (_impure_ptr)
K:/dev/tools/STM32CubeIDE_1.11.0/STM32CubeIDE/plugins/com.st.stm32cube.ide.mcu.externaltools.gnu-tools-for-stm32.11.3.rel1.win32_1.1.100.202309141235/tools/bin/../lib/gcc/arm-none-eabi/11.3.1/../../../../arm-none-eabi/lib/thumb/v7e-m/nofp\libc_nano.a(libc_a-lseekr.o)
[...]
Memory Configuration

Name             Origin             Length             Attributes
ROM              0x0000000008000000 0x0000000000008000 xr
RAM1             0x0000000020000000 0x0000000000001800 xrw
RAM2             0x0000000020008000 0x0000000000001800 xrw
*default*        0x0000000000000000 0xffffffffffffffff

Linker script and memory map

LOAD K:/dev/tools/STM32CubeIDE_1.11.0/STM32CubeIDE/plugins/com.st.stm32cube.ide.mcu.externaltools.gnu-tools-for-stm32.11.3.rel1.win32_1.1.100.202309141235/tools/bin/../lib/gcc/arm-none-eabi/11.3.1/thumb/v7e-m/nofp/crti.o
LOAD K:/dev/tools/STM32CubeIDE_1.11.0/STM32CubeIDE/plugins/com.st.stm32cube.ide.mcu.externaltools.gnu-tools-for-stm32.11.3.rel1.win32_1.1.100.202309141235/tools/bin/../lib/gcc/arm-none-eabi/11.3.1/thumb/v7e-m/nofp/crtbegin.o
LOAD K:/dev/tools/STM32CubeIDE_1.11.0/STM32CubeIDE/plugins/com.st.stm32cube.ide.mcu.externaltools.gnu-tools-for-stm32.11.3.rel1.win32_1.1.100.202309141235/tools/bin/../lib/gcc/arm-none-eabi/11.3.1/../../../../arm-none-eabi/lib/thumb/v7e-m/nofp/crt0.o
LOAD ./Application/Core/main.o
LOAD ./Application/Core/stm32wlxx_it.o
LOAD ./Application/Core/syscalls.o
LOAD ./Application/Core/sysmem.o
LOAD ./Application/OpenBootloader/App/app_openbootloader.o
LOAD ./Application/OpenBootloader/Target/common_interface.o
LOAD ./Application/OpenBootloader/Target/engibytes_interface.o
LOAD ./Application/OpenBootloader/Target/flash_interface.o
LOAD ./Application/OpenBootloader/Target/i2c_interface.o
LOAD ./Application/OpenBootloader/Target/iwdg_interface.o
LOAD ./Application/OpenBootloader/Target/optionbytes_interface.o
LOAD ./Application/OpenBootloader/Target/otp_interface.o
LOAD ./Application/OpenBootloader/Target/ram_interface.o
LOAD ./Application/OpenBootloader/Target/systemmemory_interface.o
LOAD ./Application/OpenBootloader/Target/usart_interface.o
LOAD ./Application/Startup/startup_stm32wl55jcix.o
LOAD ./Drivers/CMSIS/system_stm32wlxx.o
LOAD ./Drivers/STM32WLxx_HAL_Driver/stm32wlxx_hal.o
LOAD ./Drivers/STM32WLxx_HAL_Driver/stm32wlxx_hal_cortex.o
LOAD ./Drivers/STM32WLxx_HAL_Driver/stm32wlxx_hal_dma.o
LOAD ./Drivers/STM32WLxx_HAL_Driver/stm32wlxx_hal_dma_ex.o
LOAD ./Drivers/STM32WLxx_HAL_Driver/stm32wlxx_hal_exti.o
LOAD ./Drivers/STM32WLxx_HAL_Driver/stm32wlxx_hal_flash.o
LOAD ./Drivers/STM32WLxx_HAL_Driver/stm32wlxx_hal_flash_ex.o
LOAD ./Drivers/STM32WLxx_HAL_Driver/stm32wlxx_hal_gpio.o
LOAD ./Drivers/STM32WLxx_HAL_Driver/stm32wlxx_hal_iwdg.o
LOAD ./Drivers/STM32WLxx_HAL_Driver/stm32wlxx_hal_pwr.o
LOAD ./Drivers/STM32WLxx_HAL_Driver/stm32wlxx_hal_pwr_ex.o
LOAD ./Drivers/STM32WLxx_HAL_Driver/stm32wlxx_hal_rcc.o
LOAD ./Drivers/STM32WLxx_HAL_Driver/stm32wlxx_hal_rcc_ex.o
LOAD ./Drivers/STM32WLxx_HAL_Driver/stm32wlxx_hal_spi.o
LOAD ./Drivers/STM32WLxx_HAL_Driver/stm32wlxx_hal_spi_ex.o
LOAD ./Drivers/STM32WLxx_HAL_Driver/stm32wlxx_hal_usart.o
LOAD ./Drivers/STM32WLxx_HAL_Driver/stm32wlxx_hal_usart_ex.o
LOAD ./Drivers/STM32WLxx_HAL_Driver/stm32wlxx_ll_gpio.o
LOAD ./Drivers/STM32WLxx_HAL_Driver/stm32wlxx_ll_i2c.o
LOAD ./Drivers/STM32WLxx_HAL_Driver/stm32wlxx_ll_rcc.o
LOAD ./Drivers/STM32WLxx_HAL_Driver/stm32wlxx_ll_spi.o
LOAD ./Drivers/STM32WLxx_HAL_Driver/stm32wlxx_ll_usart.o
LOAD ./Middlewares/Core/openbl_core.o
LOAD ./Middlewares/Modules/I2C/openbl_i2c_cmd.o
LOAD ./Middlewares/Modules/MEM/openbl_mem.o
LOAD ./Middlewares/Modules/USART/openbl_usart_cmd.o
START GROUP
LOAD K:/dev/tools/STM32CubeIDE_1.11.0/STM32CubeIDE/plugins/com.st.stm32cube.ide.mcu.externaltools.gnu-tools-for-stm32.11.3.rel1.win32_1.1.100.202309141235/tools/bin/../lib/gcc/arm-none-eabi/11.3.1/../../../../arm-none-eabi/lib/thumb/v7e-m/nofp\libc_nano.a
LOAD K:/dev/tools/STM32CubeIDE_1.11.0/STM32CubeIDE/plugins/com.st.stm32cube.ide.mcu.externaltools.gnu-tools-for-stm32.11.3.rel1.win32_1.1.100.202309141235/tools/bin/../lib/gcc/arm-none-eabi/11.3.1/../../../../arm-none-eabi/lib/thumb/v7e-m/nofp\libm.a
END GROUP
START GROUP
LOAD K:/dev/tools/STM32CubeIDE_1.11.0/STM32CubeIDE/plugins/com.st.stm32cube.ide.mcu.externaltools.gnu-tools-for-stm32.11.3.rel1.win32_1.1.100.202309141235/tools/bin/../lib/gcc/arm-none-eabi/11.3.1/thumb/v7e-m/nofp\libgcc.a
LOAD K:/dev/tools/STM32CubeIDE_1.11.0/STM32CubeIDE/plugins/com.st.stm32cube.ide.mcu.externaltools.gnu-tools-for-stm32.11.3.rel1.win32_1.1.100.202309141235/tools/bin/../lib/gcc/arm-none-eabi/11.3.1/../../../../arm-none-eabi/lib/thumb/v7e-m/nofp\libc_nano.a
END GROUP
START GROUP
LOAD K:/dev/tools/STM32CubeIDE_1.11.0/STM32CubeIDE/plugins/com.st.stm32cube.ide.mcu.externaltools.gnu-tools-for-stm32.11.3.rel1.win32_1.1.100.202309141235/tools/bin/../lib/gcc/arm-none-eabi/11.3.1/thumb/v7e-m/nofp\libgcc.a
LOAD K:/dev/tools/STM32CubeIDE_1.11.0/STM32CubeIDE/plugins/com.st.stm32cube.ide.mcu.externaltools.gnu-tools-for-stm32.11.3.rel1.win32_1.1.100.202309141235/tools/bin/../lib/gcc/arm-none-eabi/11.3.1/../../../../arm-none-eabi/lib/thumb/v7e-m/nofp\libc_nano.a
LOAD K:/dev/tools/STM32CubeIDE_1.11.0/STM32CubeIDE/plugins/com.st.stm32cube.ide.mcu.externaltools.gnu-tools-for-stm32.11.3.rel1.win32_1.1.100.202309141235/tools/bin/../lib/gcc/arm-none-eabi/11.3.1/../../../../arm-none-eabi/lib/thumb/v7e-m/nofp\libnosys.a
END GROUP
START GROUP
LOAD K:/dev/tools/STM32CubeIDE_1.11.0/STM32CubeIDE/plugins/com.st.stm32cube.ide.mcu.externaltools.gnu-tools-for-stm32.11.3.rel1.win32_1.1.100.202309141235/tools/bin/../lib/gcc/arm-none-eabi/11.3.1/thumb/v7e-m/nofp\libgcc.a
LOAD K:/dev/tools/STM32CubeIDE_1.11.0/STM32CubeIDE/plugins/com.st.stm32cube.ide.mcu.externaltools.gnu-tools-for-stm32.11.3.rel1.win32_1.1.100.202309141235/tools/bin/../lib/gcc/arm-none-eabi/11.3.1/../../../../arm-none-eabi/lib/thumb/v7e-m/nofp\libc_nano.a
LOAD K:/dev/tools/STM32CubeIDE_1.11.0/STM32CubeIDE/plugins/com.st.stm32cube.ide.mcu.externaltools.gnu-tools-for-stm32.11.3.rel1.win32_1.1.100.202309141235/tools/bin/../lib/gcc/arm-none-eabi/11.3.1/../../../../arm-none-eabi/lib/thumb/v7e-m/nofp\libnosys.a
END GROUP
LOAD K:/dev/tools/STM32CubeIDE_1.11.0/STM32CubeIDE/plugins/com.st.stm32cube.ide.mcu.externaltools.gnu-tools-for-stm32.11.3.rel1.win32_1.1.100.202309141235/tools/bin/../lib/gcc/arm-none-eabi/11.3.1/thumb/v7e-m/nofp/crtend.o
LOAD K:/dev/tools/STM32CubeIDE_1.11.0/STM32CubeIDE/plugins/com.st.stm32cube.ide.mcu.externaltools.gnu-tools-for-stm32.11.3.rel1.win32_1.1.100.202309141235/tools/bin/../lib/gcc/arm-none-eabi/11.3.1/thumb/v7e-m/nofp/crtn.o
                0x0000000020001800                _estack = (ORIGIN (RAM1) + LENGTH (RAM1))
                0x0000000000000200                _Min_Heap_Size = 0x200
                0x0000000000000400                _Min_Stack_Size = 0x400

.isr_vector     0x0000000008000000      0x138
                0x0000000008000000                . = ALIGN (0x8)
 *(.isr_vector)
 .isr_vector    0x0000000008000000      0x138 ./Application/Startup/startup_stm32wl55jcix.o
                0x0000000008000000                g_pfnVectors
                0x0000000008000138                . = ALIGN (0x8)

.text           0x0000000008000138     0x6d18
                0x0000000008000138                . = ALIGN (0x8)
 *(.text)
 .text          0x0000000008000138       0x40 K:/dev/tools/STM32CubeIDE_1.11.0/STM32CubeIDE/plugins/com.st.stm32cube.ide.mcu.externaltools.gnu-tools-for-stm32.11.3.rel1.win32_1.1.100.202309141235/tools/bin/../lib/gcc/arm-none-eabi/11.3.1/thumb/v7e-m/nofp/crtbegin.o
 *(.text*)
 .text.main     0x0000000008000178       0x4e ./Application/Core/main.o
                0x0000000008000178                main
 *fill*         0x00000000080001c6        0x2 
 .text.SystemClock_Config
                0x00000000080001c8       0xc4 ./Application/Core/main.o
 .text.System_DeInit
                0x000000000800028c       0x18 ./Application/Core/main.o
                0x000000000800028c                System_DeInit
 .text.Error_Handler
                0x00000000080002a4        0x6 ./Application/Core/main.o
                0x00000000080002a4                Error_Handler
 .text.NMI_Handler
                0x00000000080002aa        0x6 ./Application/Core/stm32wlxx_it.o
                0x00000000080002aa                NMI_Handler
 .text.HardFault_Handler
                0x00000000080002b0        0x6 ./Application/Core/stm32wlxx_it.o
                0x00000000080002b0                HardFault_Handler
 .text.MemManage_Handler
                0x00000000080002b6        0x6 ./Application/Core/stm32wlxx_it.o
                0x00000000080002b6                MemManage_Handler
 .text.BusFault_Handler
                0x00000000080002bc        0x6 ./Application/Core/stm32wlxx_it.o
                0x00000000080002bc                BusFault_Handler
 .text.UsageFault_Handler
                0x00000000080002c2        0x6 ./Application/Core/stm32wlxx_it.o
                0x00000000080002c2                UsageFault_Handler
 .text.SVC_Handler
                0x00000000080002c8        0xc ./Application/Core/stm32wlxx_it.o
                0x00000000080002c8                SVC_Handler
 .text.DebugMon_Handler
                0x00000000080002d4        0xc ./Application/Core/stm32wlxx_it.o
                0x00000000080002d4                DebugMon_Handler
 .text.PendSV_Handler
                0x00000000080002e0        0xc ./Application/Core/stm32wlxx_it.o
                0x00000000080002e0                PendSV_Handler
 .text.SysTick_Handler
                0x00000000080002ec        0xc ./Application/Core/stm32wlxx_it.o
                0x00000000080002ec                SysTick_Handler
 .text.OpenBootloader_Init
                0x00000000080002f8       0xa0 ./Application/OpenBootloader/App/app_openbootloader.o
                0x00000000080002f8                OpenBootloader_Init
 .text.OpenBootloader_DeInit
                0x0000000008000398        0xc ./Application/OpenBootloader/App/app_openbootloader.o
                0x0000000008000398                OpenBootloader_DeInit
 .text.OpenBootloader_ProtocolDetection
                0x00000000080003a4       0x38 ./Application/OpenBootloader/App/app_openbootloader.o
                0x00000000080003a4                OpenBootloader_ProtocolDetection
 .text.Common_SetMsp
                0x00000000080003dc       0x1e ./Application/OpenBootloader/Target/common_interface.o
                0x00000000080003dc                Common_SetMsp
 .text.Common_EnableIrq
                0x00000000080003fa       0x10 ./Application/OpenBootloader/Target/common_interface.o
                0x00000000080003fa                Common_EnableIrq
 .text.Common_GetProtectionStatus
                0x000000000800040a       0x24 ./Application/OpenBootloader/Target/common_interface.o
                0x000000000800040a                Common_GetProtectionStatus
 *fill*         0x000000000800042e        0x2 
 .text.Common_SetPostProcessingCallback
                0x0000000008000430       0x1c ./Application/OpenBootloader/Target/common_interface.o
                0x0000000008000430                Common_SetPostProcessingCallback
 .text.Common_StartPostProcessing
                0x000000000800044c       0x20 ./Application/OpenBootloader/Target/common_interface.o
                0x000000000800044c                Common_StartPostProcessing
 .text.OPENBL_EB_Read
                0x000000000800046c       0x16 ./Application/OpenBootloader/Target/engibytes_interface.o
                0x000000000800046c                OPENBL_EB_Read
 .text.OPENBL_FLASH_Unlock
                0x0000000008000482        0xc ./Application/OpenBootloader/Target/flash_interface.o
                0x0000000008000482                OPENBL_FLASH_Unlock
 .text.OPENBL_FLASH_Lock
                0x000000000800048e        0xc ./Application/OpenBootloader/Target/flash_interface.o
                0x000000000800048e                OPENBL_FLASH_Lock
 .text.OPENBL_FLASH_OB_Unlock
                0x000000000800049a       0x10 ./Application/OpenBootloader/Target/flash_interface.o
                0x000000000800049a                OPENBL_FLASH_OB_Unlock
 .text.OPENBL_FLASH_Read
                0x00000000080004aa       0x16 ./Application/OpenBootloader/Target/flash_interface.o
                0x00000000080004aa                OPENBL_FLASH_Read
 .text.OPENBL_FLASH_Write
                0x00000000080004c0       0xea ./Application/OpenBootloader/Target/flash_interface.o
                0x00000000080004c0                OPENBL_FLASH_Write
 .text.OPENBL_FLASH_JumpToAddress
                0x00000000080005aa       0x2e ./Application/OpenBootloader/Target/flash_interface.o
                0x00000000080005aa                OPENBL_FLASH_JumpToAddress
 .text.OPENBL_FLASH_GetReadOutProtectionLevel
                0x00000000080005d8       0x18 ./Application/OpenBootloader/Target/flash_interface.o
                0x00000000080005d8                OPENBL_FLASH_GetReadOutProtectionLevel
 .text.OPENBL_FLASH_SetReadOutProtectionLevel
                0x00000000080005f0       0x50 ./Application/OpenBootloader/Target/flash_interface.o
                0x00000000080005f0                OPENBL_FLASH_SetReadOutProtectionLevel
 .text.OPENBL_FLASH_SetWriteProtection
                0x0000000008000640       0x4c ./Application/OpenBootloader/Target/flash_interface.o
                0x0000000008000640                OPENBL_FLASH_SetWriteProtection
 .text.OPENBL_FLASH_Erase
                0x000000000800068c       0xb8 ./Application/OpenBootloader/Target/flash_interface.o
                0x000000000800068c                OPENBL_FLASH_Erase
 .text.OPENBL_Enable_BusyState_Flag
                0x0000000008000744        0xc ./Application/OpenBootloader/Target/flash_interface.o
                0x0000000008000744                OPENBL_Enable_BusyState_Flag
 .text.OPENBL_Disable_BusyState_Flag
                0x0000000008000750        0xc ./Application/OpenBootloader/Target/flash_interface.o
                0x0000000008000750                OPENBL_Disable_BusyState_Flag
 .text.OPENBL_FLASH_Program
                0x000000000800075c       0x38 ./Application/OpenBootloader/Target/flash_interface.o
 .text.OPENBL_FLASH_EnableWriteProtection
                0x0000000008000794       0x84 ./Application/OpenBootloader/Target/flash_interface.o
 .text.OPENBL_FLASH_DisableWriteProtection
                0x0000000008000818       0x60 ./Application/OpenBootloader/Target/flash_interface.o
 .text.__NVIC_SystemReset
                0x0000000008000878       0x2c ./Application/OpenBootloader/Target/i2c_interface.o
 .text.LL_AHB2_GRP1_EnableClock
                0x00000000080008a4       0x30 ./Application/OpenBootloader/Target/i2c_interface.o
 .text.LL_APB1_GRP1_EnableClock
                0x00000000080008d4       0x30 ./Application/OpenBootloader/Target/i2c_interface.o
 .text.LL_I2C_Enable
                0x0000000008000904       0x1e ./Application/OpenBootloader/Target/i2c_interface.o
 .text.LL_I2C_IsActiveFlag_TXIS
                0x0000000008000922       0x24 ./Application/OpenBootloader/Target/i2c_interface.o
 .text.LL_I2C_IsActiveFlag_RXNE
                0x0000000008000946       0x24 ./Application/OpenBootloader/Target/i2c_interface.o
 .text.LL_I2C_IsActiveFlag_ADDR
                0x000000000800096a       0x24 ./Application/OpenBootloader/Target/i2c_interface.o
 .text.LL_I2C_ClearFlag_ADDR
                0x000000000800098e       0x1e ./Application/OpenBootloader/Target/i2c_interface.o
 .text.LL_I2C_ReceiveData8
                0x00000000080009ac       0x18 ./Application/OpenBootloader/Target/i2c_interface.o
 .text.LL_I2C_TransmitData8
                0x00000000080009c4       0x1c ./Application/OpenBootloader/Target/i2c_interface.o
 .text.OPENBL_I2C_Init
                0x00000000080009e0       0x44 ./Application/OpenBootloader/Target/i2c_interface.o
 .text.OPENBL_I2C_Configuration
                0x0000000008000a24       0x68 ./Application/OpenBootloader/Target/i2c_interface.o
                0x0000000008000a24                OPENBL_I2C_Configuration
 .text.OPENBL_I2C_ProtocolDetection
                0x0000000008000a8c       0x34 ./Application/OpenBootloader/Target/i2c_interface.o
                0x0000000008000a8c                OPENBL_I2C_ProtocolDetection
 .text.OPENBL_I2C_GetCommandOpcode
                0x0000000008000ac0       0x54 ./Application/OpenBootloader/Target/i2c_interface.o
                0x0000000008000ac0                OPENBL_I2C_GetCommandOpcode
 .text.OPENBL_I2C_ReadByte
                0x0000000008000b14       0x40 ./Application/OpenBootloader/Target/i2c_interface.o
                0x0000000008000b14                OPENBL_I2C_ReadByte
 .text.OPENBL_I2C_SendByte
                0x0000000008000b54       0x54 ./Application/OpenBootloader/Target/i2c_interface.o
                0x0000000008000b54                OPENBL_I2C_SendByte
 .text.OPENBL_I2C_WaitAddress
                0x0000000008000ba8       0x40 ./Application/OpenBootloader/Target/i2c_interface.o
                0x0000000008000ba8                OPENBL_I2C_WaitAddress
 .text.OPENBL_I2C_SendAcknowledgeByte
                0x0000000008000be8       0x26 ./Application/OpenBootloader/Target/i2c_interface.o
                0x0000000008000be8                OPENBL_I2C_SendAcknowledgeByte
 .text.OPENBL_I2C_SpecialCommandProcess
                0x0000000008000c0e       0x4c ./Application/OpenBootloader/Target/i2c_interface.o
                0x0000000008000c0e                OPENBL_I2C_SpecialCommandProcess
 .text.OPENBL_Enable_BusyState_Sending
                0x0000000008000c5a        0xc ./Application/OpenBootloader/Target/i2c_interface.o
                0x0000000008000c5a                OPENBL_Enable_BusyState_Sending
 .text.OPENBL_Disable_BusyState_Sending
                0x0000000008000c66        0xc ./Application/OpenBootloader/Target/i2c_interface.o
                0x0000000008000c66                OPENBL_Disable_BusyState_Sending
 *fill*         0x0000000008000c72        0x2 
 .text.OPENBL_IWDG_Configuration
                0x0000000008000c74       0x48 ./Application/OpenBootloader/Target/iwdg_interface.o
                0x0000000008000c74                OPENBL_IWDG_Configuration
 .text.OPENBL_IWDG_Refresh
                0x0000000008000cbc       0x1c ./Application/OpenBootloader/Target/iwdg_interface.o
                0x0000000008000cbc                OPENBL_IWDG_Refresh
 .text.__NVIC_SystemReset
                0x0000000008000cd8       0x2c ./Application/OpenBootloader/Target/optionbytes_interface.o
 .text.OPENBL_OB_Launch
                0x0000000008000d04       0x14 ./Application/OpenBootloader/Target/optionbytes_interface.o
                0x0000000008000d04                OPENBL_OB_Launch
 .text.OPENBL_OB_Read
                0x0000000008000d18       0x16 ./Application/OpenBootloader/Target/optionbytes_interface.o
                0x0000000008000d18                OPENBL_OB_Read
 *fill*         0x0000000008000d2e        0x2 
 .text.OPENBL_OB_Write
                0x0000000008000d30      0x184 ./Application/OpenBootloader/Target/optionbytes_interface.o
                0x0000000008000d30                OPENBL_OB_Write
 .text.OPENBL_OTP_Read
                0x0000000008000eb4       0x16 ./Application/OpenBootloader/Target/otp_interface.o
                0x0000000008000eb4                OPENBL_OTP_Read
 .text.OPENBL_OTP_Write
                0x0000000008000eca       0xc6 ./Application/OpenBootloader/Target/otp_interface.o
                0x0000000008000eca                OPENBL_OTP_Write
 .text.OPENBL_OTP_Program
                0x0000000008000f90       0x38 ./Application/OpenBootloader/Target/otp_interface.o
 .text.OPENBL_RAM_Read
                0x0000000008000fc8       0x16 ./Application/OpenBootloader/Target/ram_interface.o
                0x0000000008000fc8                OPENBL_RAM_Read
 .text.OPENBL_RAM_Write
                0x0000000008000fde       0x54 ./Application/OpenBootloader/Target/ram_interface.o
                0x0000000008000fde                OPENBL_RAM_Write
 .text.OPENBL_RAM_JumpToAddress
                0x0000000008001032       0x2e ./Application/OpenBootloader/Target/ram_interface.o
                0x0000000008001032                OPENBL_RAM_JumpToAddress
 .text.OPENBL_ICP_Read
                0x0000000008001060       0x16 ./Application/OpenBootloader/Target/systemmemory_interface.o
                0x0000000008001060                OPENBL_ICP_Read
 .text.LL_AHB2_GRP1_EnableClock
                0x0000000008001076       0x30 ./Application/OpenBootloader/Target/usart_interface.o
 .text.LL_APB2_GRP1_EnableClock
                0x00000000080010a6       0x30 ./Application/OpenBootloader/Target/usart_interface.o
 .text.LL_APB2_GRP1_DisableClock
                0x00000000080010d6       0x24 ./Application/OpenBootloader/Target/usart_interface.o
 .text.LL_USART_Enable
                0x00000000080010fa       0x1e ./Application/OpenBootloader/Target/usart_interface.o
 .text.LL_USART_Disable
                0x0000000008001118       0x1e ./Application/OpenBootloader/Target/usart_interface.o
 .text.LL_USART_EnableAutoBaudRate
                0x0000000008001136       0x1e ./Application/OpenBootloader/Target/usart_interface.o
 .text.LL_USART_SetAutoBaudRateMode
                0x0000000008001154       0x24 ./Application/OpenBootloader/Target/usart_interface.o
 .text.LL_USART_IsActiveFlag_RXNE_RXFNE
                0x0000000008001178       0x24 ./Application/OpenBootloader/Target/usart_interface.o
 .text.LL_USART_IsActiveFlag_TC
                0x000000000800119c       0x24 ./Application/OpenBootloader/Target/usart_interface.o
 .text.LL_USART_ReceiveData8
                0x00000000080011c0       0x18 ./Application/OpenBootloader/Target/usart_interface.o
 .text.LL_USART_TransmitData8
                0x00000000080011d8       0x1c ./Application/OpenBootloader/Target/usart_interface.o
 .text.OPENBL_USART_Init
                0x00000000080011f4       0x58 ./Application/OpenBootloader/Target/usart_interface.o
 .text.OPENBL_USART_Configuration
                0x000000000800124c       0x58 ./Application/OpenBootloader/Target/usart_interface.o
                0x000000000800124c                OPENBL_USART_Configuration
 .text.OPENBL_USART_DeInit
                0x00000000080012a4       0x28 ./Application/OpenBootloader/Target/usart_interface.o
                0x00000000080012a4                OPENBL_USART_DeInit
 .text.OPENBL_USART_ProtocolDetection
                0x00000000080012cc       0x44 ./Application/OpenBootloader/Target/usart_interface.o
                0x00000000080012cc                OPENBL_USART_ProtocolDetection
 .text.OPENBL_USART_GetCommandOpcode
                0x0000000008001310       0x2e ./Application/OpenBootloader/Target/usart_interface.o
                0x0000000008001310                OPENBL_USART_GetCommandOpcode
 *fill*         0x000000000800133e        0x2 
 .text.OPENBL_USART_ReadByte
                0x0000000008001340       0x28 ./Application/OpenBootloader/Target/usart_interface.o
                0x0000000008001340                OPENBL_USART_ReadByte
 .text.OPENBL_USART_SendByte
                0x0000000008001368       0x30 ./Application/OpenBootloader/Target/usart_interface.o
                0x0000000008001368                OPENBL_USART_SendByte
 .text.OPENBL_USART_SpecialCommandProcess
                0x0000000008001398       0x48 ./Application/OpenBootloader/Target/usart_interface.o
                0x0000000008001398                OPENBL_USART_SpecialCommandProcess
 .text.Reset_Handler
                0x00000000080013e0       0x50 ./Application/Startup/startup_stm32wl55jcix.o
                0x00000000080013e0                Reset_Handler
 .text.Default_Handler
                0x0000000008001430        0x2 ./Application/Startup/startup_stm32wl55jcix.o
                0x0000000008001430                RTC_Alarm_IRQHandler
                0x0000000008001430                EXTI2_IRQHandler
                0x0000000008001430                TIM1_CC_IRQHandler
                0x0000000008001430                EXTI3_IRQHandler
                0x0000000008001430                LPTIM2_IRQHandler
                0x0000000008001430                I2C3_ER_IRQHandler
                0x0000000008001430                LPTIM3_IRQHandler
                0x0000000008001430                EXTI0_IRQHandler
                0x0000000008001430                I2C2_EV_IRQHandler
                0x0000000008001430                TAMP_STAMP_LSECSS_SSRU_IRQHandler
                0x0000000008001430                SPI1_IRQHandler
                0x0000000008001430                DMA2_Channel2_IRQHandler
                0x0000000008001430                DMA1_Channel4_IRQHandler
                0x0000000008001430                PKA_IRQHandler
                0x0000000008001430                TIM17_IRQHandler
                0x0000000008001430                DMA1_Channel7_IRQHandler
                0x0000000008001430                SUBGHZSPI_IRQHandler
                0x0000000008001430                IPCC_C1_TX_IRQHandler
                0x0000000008001430                DMA2_Channel1_IRQHandler
                0x0000000008001430                I2C1_EV_IRQHandler
                0x0000000008001430                SUBGHZ_Radio_IRQHandler
                0x0000000008001430                DMAMUX1_OVR_IRQHandler
                0x0000000008001430                DMA1_Channel6_IRQHandler
                0x0000000008001430                TIM16_IRQHandler
                0x0000000008001430                DMA2_Channel4_IRQHandler
                0x0000000008001430                RCC_IRQHandler
                0x0000000008001430                TIM1_TRG_COM_IRQHandler
                0x0000000008001430                DMA1_Channel1_IRQHandler
                0x0000000008001430                Default_Handler
                0x0000000008001430                DMA2_Channel7_IRQHandler
                0x0000000008001430                EXTI15_10_IRQHandler
                0x0000000008001430                IPCC_C1_RX_IRQHandler
                0x0000000008001430                ADC_IRQHandler
                0x0000000008001430                C2SEV_PWR_C2H_IRQHandler
                0x0000000008001430                I2C3_EV_IRQHandler
                0x0000000008001430                EXTI9_5_IRQHandler
                0x0000000008001430                RTC_WKUP_IRQHandler
                0x0000000008001430                PVD_PVM_IRQHandler
                0x0000000008001430                SPI2_IRQHandler
                0x0000000008001430                DMA2_Channel5_IRQHandler
                0x0000000008001430                DMA1_Channel5_IRQHandler
                0x0000000008001430                EXTI4_IRQHandler
                0x0000000008001430                RNG_IRQHandler
                0x0000000008001430                DMA1_Channel3_IRQHandler
                0x0000000008001430                COMP_IRQHandler
                0x0000000008001430                HSEM_IRQHandler
                0x0000000008001430                TIM1_UP_IRQHandler
                0x0000000008001430                WWDG_IRQHandler
                0x0000000008001430                LPUART1_IRQHandler
                0x0000000008001430                DMA2_Channel6_IRQHandler
                0x0000000008001430                TIM2_IRQHandler
                0x0000000008001430                TIM1_BRK_IRQHandler
                0x0000000008001430                DAC_IRQHandler
                0x0000000008001430                EXTI1_IRQHandler
                0x0000000008001430                AES_IRQHandler
                0x0000000008001430                USART2_IRQHandler
                0x0000000008001430                I2C2_ER_IRQHandler
                0x0000000008001430                DMA1_Channel2_IRQHandler
                0x0000000008001430                FLASH_IRQHandler
                0x0000000008001430                USART1_IRQHandler
                0x0000000008001430                I2C1_ER_IRQHandler
                0x0000000008001430                LPTIM1_IRQHandler
                0x0000000008001430                DMA2_Channel3_IRQHandler
 .text.SystemInit
                0x0000000008001432        0xc ./Drivers/CMSIS/system_stm32wlxx.o
                0x0000000008001432                SystemInit
 *fill*         0x000000000800143e        0x2 
 .text.HAL_Init
                0x0000000008001440       0x40 ./Drivers/STM32WLxx_HAL_Driver/stm32wlxx_hal.o
                0x0000000008001440                HAL_Init
 .text.HAL_MspInit
                0x0000000008001480        0xc ./Drivers/STM32WLxx_HAL_Driver/stm32wlxx_hal.o
                0x0000000008001480                HAL_MspInit
 .text.HAL_InitTick
                0x000000000800148c       0x74 ./Drivers/STM32WLxx_HAL_Driver/stm32wlxx_hal.o
                0x000000000800148c                HAL_InitTick
 .text.HAL_IncTick
                0x0000000008001500       0x24 ./Drivers/STM32WLxx_HAL_Driver/stm32wlxx_hal.o
                0x0000000008001500                HAL_IncTick
 .text.HAL_GetTick
                0x0000000008001524       0x14 ./Drivers/STM32WLxx_HAL_Driver/stm32wlxx_hal.o
                0x0000000008001524                HAL_GetTick
 .text.__NVIC_SetPriorityGrouping
                0x0000000008001538       0x48 ./Drivers/STM32WLxx_HAL_Driver/stm32wlxx_hal_cortex.o
 .text.__NVIC_GetPriorityGrouping
                0x0000000008001580       0x1c ./Drivers/STM32WLxx_HAL_Driver/stm32wlxx_hal_cortex.o
 .text.__NVIC_SetPriority
                0x000000000800159c       0x54 ./Drivers/STM32WLxx_HAL_Driver/stm32wlxx_hal_cortex.o
 .text.NVIC_EncodePriority
                0x00000000080015f0       0x64 ./Drivers/STM32WLxx_HAL_Driver/stm32wlxx_hal_cortex.o
 .text.SysTick_Config
                0x0000000008001654       0x44 ./Drivers/STM32WLxx_HAL_Driver/stm32wlxx_hal_cortex.o
 .text.HAL_NVIC_SetPriorityGrouping
                0x0000000008001698       0x16 ./Drivers/STM32WLxx_HAL_Driver/stm32wlxx_hal_cortex.o
                0x0000000008001698                HAL_NVIC_SetPriorityGrouping
 .text.HAL_NVIC_SetPriority
                0x00000000080016ae       0x34 ./Drivers/STM32WLxx_HAL_Driver/stm32wlxx_hal_cortex.o
                0x00000000080016ae                HAL_NVIC_SetPriority
 .text.HAL_SYSTICK_Config
                0x00000000080016e2       0x18 ./Drivers/STM32WLxx_HAL_Driver/stm32wlxx_hal_cortex.o
                0x00000000080016e2                HAL_SYSTICK_Config
 *fill*         0x00000000080016fa        0x2 
 .text.HAL_FLASH_Program
                0x00000000080016fc       0x88 ./Drivers/STM32WLxx_HAL_Driver/stm32wlxx_hal_flash.o
                0x00000000080016fc                HAL_FLASH_Program
 .text.HAL_FLASH_Unlock
                0x0000000008001784       0x44 ./Drivers/STM32WLxx_HAL_Driver/stm32wlxx_hal_flash.o
                0x0000000008001784                HAL_FLASH_Unlock
 .text.HAL_FLASH_Lock
                0x00000000080017c8       0x34 ./Drivers/STM32WLxx_HAL_Driver/stm32wlxx_hal_flash.o
                0x00000000080017c8                HAL_FLASH_Lock
 .text.HAL_FLASH_OB_Unlock
                0x00000000080017fc       0x4c ./Drivers/STM32WLxx_HAL_Driver/stm32wlxx_hal_flash.o
                0x00000000080017fc                HAL_FLASH_OB_Unlock
 .text.HAL_FLASH_OB_Lock
                0x0000000008001848       0x38 ./Drivers/STM32WLxx_HAL_Driver/stm32wlxx_hal_flash.o
                0x0000000008001848                HAL_FLASH_OB_Lock
 .text.HAL_FLASH_OB_Launch
                0x0000000008001880       0x20 ./Drivers/STM32WLxx_HAL_Driver/stm32wlxx_hal_flash.o
                0x0000000008001880                HAL_FLASH_OB_Launch
 .text.FLASH_WaitForLastOperation
                0x00000000080018a0       0xc4 ./Drivers/STM32WLxx_HAL_Driver/stm32wlxx_hal_flash.o
                0x00000000080018a0                FLASH_WaitForLastOperation
 .text.FLASH_Program_DoubleWord
                0x0000000008001964       0x4c ./Drivers/STM32WLxx_HAL_Driver/stm32wlxx_hal_flash.o
 .text.FLASH_Program_Fast
                0x00000000080019b0       0x7c ./Drivers/STM32WLxx_HAL_Driver/stm32wlxx_hal_flash.o
 .text.HAL_FLASHEx_Erase
                0x0000000008001a2c       0xb0 ./Drivers/STM32WLxx_HAL_Driver/stm32wlxx_hal_flash_ex.o
                0x0000000008001a2c                HAL_FLASHEx_Erase
 .text.HAL_FLASHEx_OBProgram
                0x0000000008001adc      0x138 ./Drivers/STM32WLxx_HAL_Driver/stm32wlxx_hal_flash_ex.o
                0x0000000008001adc                HAL_FLASHEx_OBProgram
 .text.HAL_FLASHEx_OBGetConfig
                0x0000000008001c14       0xe0 ./Drivers/STM32WLxx_HAL_Driver/stm32wlxx_hal_flash_ex.o
                0x0000000008001c14                HAL_FLASHEx_OBGetConfig
 .text.FLASH_MassErase
                0x0000000008001cf4       0x20 ./Drivers/STM32WLxx_HAL_Driver/stm32wlxx_hal_flash_ex.o
 .text.FLASH_PageErase
                0x0000000008001d14       0x30 ./Drivers/STM32WLxx_HAL_Driver/stm32wlxx_hal_flash_ex.o
                0x0000000008001d14                FLASH_PageErase
 .text.FLASH_FlushCaches
                0x0000000008001d44       0x88 ./Drivers/STM32WLxx_HAL_Driver/stm32wlxx_hal_flash_ex.o
 .text.FLASH_AcknowledgePageErase
                0x0000000008001dcc       0x20 ./Drivers/STM32WLxx_HAL_Driver/stm32wlxx_hal_flash_ex.o
 .text.FLASH_OB_WRPConfig
                0x0000000008001dec       0x50 ./Drivers/STM32WLxx_HAL_Driver/stm32wlxx_hal_flash_ex.o
 .text.FLASH_OB_OptrConfig
                0x0000000008001e3c       0x3c ./Drivers/STM32WLxx_HAL_Driver/stm32wlxx_hal_flash_ex.o
 .text.FLASH_OB_PCROP1AConfig
                0x0000000008001e78       0x68 ./Drivers/STM32WLxx_HAL_Driver/stm32wlxx_hal_flash_ex.o
 .text.FLASH_OB_PCROP1BConfig
                0x0000000008001ee0       0x38 ./Drivers/STM32WLxx_HAL_Driver/stm32wlxx_hal_flash_ex.o
 .text.FLASH_OB_IPCCBufferAddrConfig
                0x0000000008001f18       0x24 ./Drivers/STM32WLxx_HAL_Driver/stm32wlxx_hal_flash_ex.o
 .text.FLASH_OB_SecureConfig
                0x0000000008001f3c      0x18c ./Drivers/STM32WLxx_HAL_Driver/stm32wlxx_hal_flash_ex.o
 .text.FLASH_OB_GetWRP
                0x00000000080020c8       0x58 ./Drivers/STM32WLxx_HAL_Driver/stm32wlxx_hal_flash_ex.o
 .text.FLASH_OB_GetRDP
                0x0000000008002120       0x30 ./Drivers/STM32WLxx_HAL_Driver/stm32wlxx_hal_flash_ex.o
 .text.FLASH_OB_GetUser
                0x0000000008002150       0x30 ./Drivers/STM32WLxx_HAL_Driver/stm32wlxx_hal_flash_ex.o
 .text.FLASH_OB_GetPCROP
                0x0000000008002180       0x78 ./Drivers/STM32WLxx_HAL_Driver/stm32wlxx_hal_flash_ex.o
 .text.FLASH_OB_GetIPCCBufferAddr
                0x00000000080021f8       0x24 ./Drivers/STM32WLxx_HAL_Driver/stm32wlxx_hal_flash_ex.o
 .text.FLASH_OB_GetSecureMemoryConfig
                0x000000000800221c       0xd0 ./Drivers/STM32WLxx_HAL_Driver/stm32wlxx_hal_flash_ex.o
 .text.FLASH_OB_GetC2BootResetConfig
                0x00000000080022ec       0x60 ./Drivers/STM32WLxx_HAL_Driver/stm32wlxx_hal_flash_ex.o
 .text.FLASH_OB_GetSUBGHZSPISecureAccess
                0x000000000800234c       0x1c ./Drivers/STM32WLxx_HAL_Driver/stm32wlxx_hal_flash_ex.o
 .text.FLASH_OB_GetC2DebugAccessMode
                0x0000000008002368       0x1c ./Drivers/STM32WLxx_HAL_Driver/stm32wlxx_hal_flash_ex.o
 .text.FLASH_OB_ProceedWriteOperation
                0x0000000008002384       0x40 ./Drivers/STM32WLxx_HAL_Driver/stm32wlxx_hal_flash_ex.o
 .text.FLASH_OB_ConfigSecureMode
                0x00000000080023c4       0x40 ./Drivers/STM32WLxx_HAL_Driver/stm32wlxx_hal_flash_ex.o
 .text.FLASH_OB_GetSecureMode
                0x0000000008002404       0x28 ./Drivers/STM32WLxx_HAL_Driver/stm32wlxx_hal_flash_ex.o
 .text.HAL_GPIO_Init
                0x000000000800242c      0x2c0 ./Drivers/STM32WLxx_HAL_Driver/stm32wlxx_hal_gpio.o
                0x000000000800242c                HAL_GPIO_Init
 .text.HAL_GPIO_WritePin
                0x00000000080026ec       0x2e ./Drivers/STM32WLxx_HAL_Driver/stm32wlxx_hal_gpio.o
                0x00000000080026ec                HAL_GPIO_WritePin
 .text.HAL_IWDG_Refresh
                0x000000000800271a       0x1e ./Drivers/STM32WLxx_HAL_Driver/stm32wlxx_hal_iwdg.o
                0x000000000800271a                HAL_IWDG_Refresh
 .text.HAL_PWR_EnableBkUpAccess
                0x0000000008002738       0x1c ./Drivers/STM32WLxx_HAL_Driver/stm32wlxx_hal_pwr.o
                0x0000000008002738                HAL_PWR_EnableBkUpAccess
 .text.HAL_PWREx_GetVoltageRange
                0x0000000008002754       0x18 ./Drivers/STM32WLxx_HAL_Driver/stm32wlxx_hal_pwr_ex.o
                0x0000000008002754                HAL_PWREx_GetVoltageRange
 .text.LL_PWR_IsEnabledBkUpAccess
                0x000000000800276c       0x24 ./Drivers/STM32WLxx_HAL_Driver/stm32wlxx_hal_rcc.o
 .text.LL_RCC_HSE_EnableTcxo
                0x0000000008002790       0x1c ./Drivers/STM32WLxx_HAL_Driver/stm32wlxx_hal_rcc.o
 .text.LL_RCC_HSE_DisableTcxo
                0x00000000080027ac       0x1c ./Drivers/STM32WLxx_HAL_Driver/stm32wlxx_hal_rcc.o
 .text.LL_RCC_HSE_IsEnabledDiv2
                0x00000000080027c8       0x22 ./Drivers/STM32WLxx_HAL_Driver/stm32wlxx_hal_rcc.o
 .text.LL_RCC_HSE_Enable
                0x00000000080027ea       0x1c ./Drivers/STM32WLxx_HAL_Driver/stm32wlxx_hal_rcc.o
 .text.LL_RCC_HSE_Disable
                0x0000000008002806       0x1c ./Drivers/STM32WLxx_HAL_Driver/stm32wlxx_hal_rcc.o
 .text.LL_RCC_HSE_IsReady
                0x0000000008002822       0x22 ./Drivers/STM32WLxx_HAL_Driver/stm32wlxx_hal_rcc.o
 .text.LL_RCC_HSI_Enable
                0x0000000008002844       0x1c ./Drivers/STM32WLxx_HAL_Driver/stm32wlxx_hal_rcc.o
 .text.LL_RCC_HSI_Disable
                0x0000000008002860       0x1c ./Drivers/STM32WLxx_HAL_Driver/stm32wlxx_hal_rcc.o
 .text.LL_RCC_HSI_IsReady
                0x000000000800287c       0x22 ./Drivers/STM32WLxx_HAL_Driver/stm32wlxx_hal_rcc.o
 .text.LL_RCC_HSI_SetCalibTrimming
                0x000000000800289e       0x28 ./Drivers/STM32WLxx_HAL_Driver/stm32wlxx_hal_rcc.o
 .text.LL_RCC_LSE_IsReady
                0x00000000080028c6       0x22 ./Drivers/STM32WLxx_HAL_Driver/stm32wlxx_hal_rcc.o
 .text.LL_RCC_LSI_Enable
                0x00000000080028e8       0x20 ./Drivers/STM32WLxx_HAL_Driver/stm32wlxx_hal_rcc.o
 .text.LL_RCC_LSI_Disable
                0x0000000008002908       0x20 ./Drivers/STM32WLxx_HAL_Driver/stm32wlxx_hal_rcc.o
 .text.LL_RCC_LSI_IsReady
                0x0000000008002928       0x22 ./Drivers/STM32WLxx_HAL_Driver/stm32wlxx_hal_rcc.o
 .text.LL_RCC_MSI_Enable
                0x000000000800294a       0x1c ./Drivers/STM32WLxx_HAL_Driver/stm32wlxx_hal_rcc.o
 .text.LL_RCC_MSI_Disable
                0x0000000008002966       0x1c ./Drivers/STM32WLxx_HAL_Driver/stm32wlxx_hal_rcc.o
 .text.LL_RCC_MSI_IsReady
                0x0000000008002982       0x20 ./Drivers/STM32WLxx_HAL_Driver/stm32wlxx_hal_rcc.o
 .text.LL_RCC_MSI_IsEnabledRangeSelect
                0x00000000080029a2       0x20 ./Drivers/STM32WLxx_HAL_Driver/stm32wlxx_hal_rcc.o
 .text.LL_RCC_MSI_SetRange
                0x00000000080029c2       0x26 ./Drivers/STM32WLxx_HAL_Driver/stm32wlxx_hal_rcc.o
 .text.LL_RCC_MSI_GetRange
                0x00000000080029e8       0x16 ./Drivers/STM32WLxx_HAL_Driver/stm32wlxx_hal_rcc.o
 .text.LL_RCC_MSI_GetRangeAfterStandby
                0x00000000080029fe       0x18 ./Drivers/STM32WLxx_HAL_Driver/stm32wlxx_hal_rcc.o
 .text.LL_RCC_MSI_SetCalibTrimming
                0x0000000008002a16       0x28 ./Drivers/STM32WLxx_HAL_Driver/stm32wlxx_hal_rcc.o
 .text.LL_RCC_SetSysClkSource
                0x0000000008002a3e       0x26 ./Drivers/STM32WLxx_HAL_Driver/stm32wlxx_hal_rcc.o
 .text.LL_RCC_GetSysClkSource
                0x0000000008002a64       0x16 ./Drivers/STM32WLxx_HAL_Driver/stm32wlxx_hal_rcc.o
 .text.LL_RCC_SetAHBPrescaler
                0x0000000008002a7a       0x26 ./Drivers/STM32WLxx_HAL_Driver/stm32wlxx_hal_rcc.o
 .text.LL_C2_RCC_SetAHBPrescaler
                0x0000000008002aa0       0x2a ./Drivers/STM32WLxx_HAL_Driver/stm32wlxx_hal_rcc.o
 .text.LL_RCC_SetAHB3Prescaler
                0x0000000008002aca       0x2c ./Drivers/STM32WLxx_HAL_Driver/stm32wlxx_hal_rcc.o
 .text.LL_RCC_SetAPB1Prescaler
                0x0000000008002af6       0x26 ./Drivers/STM32WLxx_HAL_Driver/stm32wlxx_hal_rcc.o
 .text.LL_RCC_SetAPB2Prescaler
                0x0000000008002b1c       0x26 ./Drivers/STM32WLxx_HAL_Driver/stm32wlxx_hal_rcc.o
 .text.LL_RCC_GetAHBPrescaler
                0x0000000008002b42       0x16 ./Drivers/STM32WLxx_HAL_Driver/stm32wlxx_hal_rcc.o
 .text.LL_RCC_GetAHB3Prescaler
                0x0000000008002b58       0x1a ./Drivers/STM32WLxx_HAL_Driver/stm32wlxx_hal_rcc.o
 .text.LL_RCC_PLL_Enable
                0x0000000008002b72       0x1c ./Drivers/STM32WLxx_HAL_Driver/stm32wlxx_hal_rcc.o
 .text.LL_RCC_PLL_Disable
                0x0000000008002b8e       0x1c ./Drivers/STM32WLxx_HAL_Driver/stm32wlxx_hal_rcc.o
 .text.LL_RCC_PLL_IsReady
                0x0000000008002baa       0x22 ./Drivers/STM32WLxx_HAL_Driver/stm32wlxx_hal_rcc.o
 .text.LL_RCC_PLL_GetN
                0x0000000008002bcc       0x18 ./Drivers/STM32WLxx_HAL_Driver/stm32wlxx_hal_rcc.o
 .text.LL_RCC_PLL_GetR
                0x0000000008002be4       0x16 ./Drivers/STM32WLxx_HAL_Driver/stm32wlxx_hal_rcc.o
 .text.LL_RCC_PLL_GetDivider
                0x0000000008002bfa       0x16 ./Drivers/STM32WLxx_HAL_Driver/stm32wlxx_hal_rcc.o
 .text.LL_RCC_PLL_GetMainSource
                0x0000000008002c10       0x16 ./Drivers/STM32WLxx_HAL_Driver/stm32wlxx_hal_rcc.o
 .text.LL_RCC_IsActiveFlag_HPRE
                0x0000000008002c26       0x22 ./Drivers/STM32WLxx_HAL_Driver/stm32wlxx_hal_rcc.o
 .text.LL_RCC_IsActiveFlag_C2HPRE
                0x0000000008002c48       0x24 ./Drivers/STM32WLxx_HAL_Driver/stm32wlxx_hal_rcc.o
 .text.LL_RCC_IsActiveFlag_SHDHPRE
                0x0000000008002c6c       0x24 ./Drivers/STM32WLxx_HAL_Driver/stm32wlxx_hal_rcc.o
 .text.LL_RCC_IsActiveFlag_PPRE1
                0x0000000008002c90       0x22 ./Drivers/STM32WLxx_HAL_Driver/stm32wlxx_hal_rcc.o
 .text.LL_RCC_IsActiveFlag_PPRE2
                0x0000000008002cb2       0x22 ./Drivers/STM32WLxx_HAL_Driver/stm32wlxx_hal_rcc.o
 .text.HAL_RCC_DeInit
                0x0000000008002cd4      0x12c ./Drivers/STM32WLxx_HAL_Driver/stm32wlxx_hal_rcc.o
                0x0000000008002cd4                HAL_RCC_DeInit
 .text.HAL_RCC_OscConfig
                0x0000000008002e00      0x738 ./Drivers/STM32WLxx_HAL_Driver/stm32wlxx_hal_rcc.o
                0x0000000008002e00                HAL_RCC_OscConfig
 .text.HAL_RCC_ClockConfig
                0x0000000008003538      0x284 ./Drivers/STM32WLxx_HAL_Driver/stm32wlxx_hal_rcc.o
                0x0000000008003538                HAL_RCC_ClockConfig
 .text.HAL_RCC_GetSysClockFreq
                0x00000000080037bc      0x140 ./Drivers/STM32WLxx_HAL_Driver/stm32wlxx_hal_rcc.o
                0x00000000080037bc                HAL_RCC_GetSysClockFreq
 .text.HAL_RCC_GetHCLKFreq
                0x00000000080038fc       0x28 ./Drivers/STM32WLxx_HAL_Driver/stm32wlxx_hal_rcc.o
                0x00000000080038fc                HAL_RCC_GetHCLKFreq
 .text.RCC_SetFlashLatencyFromMSIRange
                0x0000000008003924       0x60 ./Drivers/STM32WLxx_HAL_Driver/stm32wlxx_hal_rcc.o
 .text.RCC_SetFlashLatency
                0x0000000008003984      0x104 ./Drivers/STM32WLxx_HAL_Driver/stm32wlxx_hal_rcc.o
 .text.LL_I2C_Enable
                0x0000000008003a88       0x1e ./Drivers/STM32WLxx_HAL_Driver/stm32wlxx_ll_i2c.o
 .text.LL_I2C_Disable
                0x0000000008003aa6       0x1e ./Drivers/STM32WLxx_HAL_Driver/stm32wlxx_ll_i2c.o
 .text.LL_I2C_ConfigFilters
                0x0000000008003ac4       0x2c ./Drivers/STM32WLxx_HAL_Driver/stm32wlxx_ll_i2c.o
 .text.LL_I2C_SetOwnAddress1
                0x0000000008003af0       0x2e ./Drivers/STM32WLxx_HAL_Driver/stm32wlxx_ll_i2c.o
 .text.LL_I2C_EnableOwnAddress1
                0x0000000008003b1e       0x1e ./Drivers/STM32WLxx_HAL_Driver/stm32wlxx_ll_i2c.o
 .text.LL_I2C_DisableOwnAddress1
                0x0000000008003b3c       0x1e ./Drivers/STM32WLxx_HAL_Driver/stm32wlxx_ll_i2c.o
 .text.LL_I2C_SetTiming
                0x0000000008003b5a       0x1a ./Drivers/STM32WLxx_HAL_Driver/stm32wlxx_ll_i2c.o
 .text.LL_I2C_SetMode
                0x0000000008003b74       0x24 ./Drivers/STM32WLxx_HAL_Driver/stm32wlxx_ll_i2c.o
 .text.LL_I2C_AcknowledgeNextData
                0x0000000008003b98       0x24 ./Drivers/STM32WLxx_HAL_Driver/stm32wlxx_ll_i2c.o
 .text.LL_I2C_Init
                0x0000000008003bbc       0x78 ./Drivers/STM32WLxx_HAL_Driver/stm32wlxx_ll_i2c.o
                0x0000000008003bbc                LL_I2C_Init
 .text.LL_RCC_HSE_IsEnabledDiv2
                0x0000000008003c34       0x22 ./Drivers/STM32WLxx_HAL_Driver/stm32wlxx_ll_rcc.o
 .text.LL_RCC_HSI_IsReady
                0x0000000008003c56       0x22 ./Drivers/STM32WLxx_HAL_Driver/stm32wlxx_ll_rcc.o
 .text.LL_RCC_LSE_IsReady
                0x0000000008003c78       0x22 ./Drivers/STM32WLxx_HAL_Driver/stm32wlxx_ll_rcc.o
 .text.LL_RCC_MSI_IsEnabledRangeSelect
                0x0000000008003c9a       0x20 ./Drivers/STM32WLxx_HAL_Driver/stm32wlxx_ll_rcc.o
 .text.LL_RCC_MSI_GetRange
                0x0000000008003cba       0x16 ./Drivers/STM32WLxx_HAL_Driver/stm32wlxx_ll_rcc.o
 .text.LL_RCC_MSI_GetRangeAfterStandby
                0x0000000008003cd0       0x18 ./Drivers/STM32WLxx_HAL_Driver/stm32wlxx_ll_rcc.o
 .text.LL_RCC_GetSysClkSource
                0x0000000008003ce8       0x16 ./Drivers/STM32WLxx_HAL_Driver/stm32wlxx_ll_rcc.o
 .text.LL_RCC_GetAHBPrescaler
                0x0000000008003cfe       0x16 ./Drivers/STM32WLxx_HAL_Driver/stm32wlxx_ll_rcc.o
 .text.LL_RCC_GetAPB1Prescaler
                0x0000000008003d14       0x16 ./Drivers/STM32WLxx_HAL_Driver/stm32wlxx_ll_rcc.o
 .text.LL_RCC_GetAPB2Prescaler
                0x0000000008003d2a       0x16 ./Drivers/STM32WLxx_HAL_Driver/stm32wlxx_ll_rcc.o
 .text.LL_RCC_GetUSARTClockSource
                0x0000000008003d40       0x24 ./Drivers/STM32WLxx_HAL_Driver/stm32wlxx_ll_rcc.o
 .text.LL_RCC_PLL_GetN
                0x0000000008003d64       0x18 ./Drivers/STM32WLxx_HAL_Driver/stm32wlxx_ll_rcc.o
 .text.LL_RCC_PLL_GetR
                0x0000000008003d7c       0x16 ./Drivers/STM32WLxx_HAL_Driver/stm32wlxx_ll_rcc.o
 .text.LL_RCC_PLL_GetDivider
                0x0000000008003d92       0x16 ./Drivers/STM32WLxx_HAL_Driver/stm32wlxx_ll_rcc.o
 .text.LL_RCC_PLL_GetMainSource
                0x0000000008003da8       0x16 ./Drivers/STM32WLxx_HAL_Driver/stm32wlxx_ll_rcc.o
 *fill*         0x0000000008003dbe        0x2 
 .text.LL_RCC_GetUSARTClockFreq
                0x0000000008003dc0      0x108 ./Drivers/STM32WLxx_HAL_Driver/stm32wlxx_ll_rcc.o
                0x0000000008003dc0                LL_RCC_GetUSARTClockFreq
 .text.RCC_GetSystemClockFreq
                0x0000000008003ec8      0x150 ./Drivers/STM32WLxx_HAL_Driver/stm32wlxx_ll_rcc.o
 .text.RCC_GetHCLK1ClockFreq
                0x0000000008004018       0x2c ./Drivers/STM32WLxx_HAL_Driver/stm32wlxx_ll_rcc.o
 .text.RCC_GetPCLK1ClockFreq
                0x0000000008004044       0x28 ./Drivers/STM32WLxx_HAL_Driver/stm32wlxx_ll_rcc.o
 .text.RCC_GetPCLK2ClockFreq
                0x000000000800406c       0x28 ./Drivers/STM32WLxx_HAL_Driver/stm32wlxx_ll_rcc.o
 .text.RCC_PLL_GetFreqDomain_SYS
                0x0000000008004094      0x148 ./Drivers/STM32WLxx_HAL_Driver/stm32wlxx_ll_rcc.o
 .text.LL_APB1_GRP1_ForceReset
                0x00000000080041dc       0x22 ./Drivers/STM32WLxx_HAL_Driver/stm32wlxx_ll_usart.o
 .text.LL_APB1_GRP1_ReleaseReset
                0x00000000080041fe       0x24 ./Drivers/STM32WLxx_HAL_Driver/stm32wlxx_ll_usart.o
 .text.LL_APB2_GRP1_ForceReset
                0x0000000008004222       0x22 ./Drivers/STM32WLxx_HAL_Driver/stm32wlxx_ll_usart.o
 .text.LL_APB2_GRP1_ReleaseReset
                0x0000000008004244       0x24 ./Drivers/STM32WLxx_HAL_Driver/stm32wlxx_ll_usart.o
 .text.LL_USART_IsEnabled
                0x0000000008004268       0x24 ./Drivers/STM32WLxx_HAL_Driver/stm32wlxx_ll_usart.o
 .text.LL_USART_SetPrescaler
                0x000000000800428c       0x26 ./Drivers/STM32WLxx_HAL_Driver/stm32wlxx_ll_usart.o
 .text.LL_USART_SetStopBitsLength
                0x00000000080042b2       0x24 ./Drivers/STM32WLxx_HAL_Driver/stm32wlxx_ll_usart.o
 .text.LL_USART_SetHWFlowCtrl
                0x00000000080042d6       0x24 ./Drivers/STM32WLxx_HAL_Driver/stm32wlxx_ll_usart.o
 *fill*         0x00000000080042fa        0x2 
 .text.LL_USART_SetBaudRate
                0x00000000080042fc       0x9c ./Drivers/STM32WLxx_HAL_Driver/stm32wlxx_ll_usart.o
 .text.LL_USART_DeInit
                0x0000000008004398       0x58 ./Drivers/STM32WLxx_HAL_Driver/stm32wlxx_ll_usart.o
                0x0000000008004398                LL_USART_DeInit
 .text.LL_USART_Init
                0x00000000080043f0       0xc8 ./Drivers/STM32WLxx_HAL_Driver/stm32wlxx_ll_usart.o
                0x00000000080043f0                LL_USART_Init
 .text.OPENBL_Init
                0x00000000080044b8       0x48 ./Middlewares/Core/openbl_core.o
                0x00000000080044b8                OPENBL_Init
 .text.OPENBL_DeInit
                0x0000000008004500        0xc ./Middlewares/Core/openbl_core.o
                0x0000000008004500                OPENBL_DeInit
 .text.OPENBL_InterfacesDeInit
                0x000000000800450c       0x48 ./Middlewares/Core/openbl_core.o
                0x000000000800450c                OPENBL_InterfacesDeInit
 .text.OPENBL_RegisterInterface
                0x0000000008004554       0x58 ./Middlewares/Core/openbl_core.o
                0x0000000008004554                OPENBL_RegisterInterface
 .text.OPENBL_InterfaceDetection
                0x00000000080045ac       0x68 ./Middlewares/Core/openbl_core.o
                0x00000000080045ac                OPENBL_InterfaceDetection
 .text.OPENBL_CommandProcess
                0x0000000008004614      0x744 ./Middlewares/Core/openbl_core.o
                0x0000000008004614                OPENBL_CommandProcess
 .text.OPENBL_I2C_GetCommandsList
                0x0000000008004d58       0x14 ./Middlewares/Modules/I2C/openbl_i2c_cmd.o
                0x0000000008004d58                OPENBL_I2C_GetCommandsList
 .text.OPENBL_I2C_SetCommandsList
                0x0000000008004d6c       0x24 ./Middlewares/Modules/I2C/openbl_i2c_cmd.o
                0x0000000008004d6c                OPENBL_I2C_SetCommandsList
 .text.OPENBL_I2C_GetCommand
                0x0000000008004d90       0x64 ./Middlewares/Modules/I2C/openbl_i2c_cmd.o
                0x0000000008004d90                OPENBL_I2C_GetCommand
 .text.OPENBL_I2C_GetVersion
                0x0000000008004df4       0x26 ./Middlewares/Modules/I2C/openbl_i2c_cmd.o
                0x0000000008004df4                OPENBL_I2C_GetVersion
 .text.OPENBL_I2C_GetID
                0x0000000008004e1a       0x32 ./Middlewares/Modules/I2C/openbl_i2c_cmd.o
                0x0000000008004e1a                OPENBL_I2C_GetID
 .text.OPENBL_I2C_ReadMemory
                0x0000000008004e4c       0xb2 ./Middlewares/Modules/I2C/openbl_i2c_cmd.o
                0x0000000008004e4c                OPENBL_I2C_ReadMemory
 *fill*         0x0000000008004efe        0x2 
 .text.OPENBL_I2C_WriteMemory
                0x0000000008004f00       0xbc ./Middlewares/Modules/I2C/openbl_i2c_cmd.o
                0x0000000008004f00                OPENBL_I2C_WriteMemory
 .text.OPENBL_I2C_Go
                0x0000000008004fbc       0x64 ./Middlewares/Modules/I2C/openbl_i2c_cmd.o
                0x0000000008004fbc                OPENBL_I2C_Go
 .text.OPENBL_I2C_ReadoutProtect
                0x0000000008005020       0x34 ./Middlewares/Modules/I2C/openbl_i2c_cmd.o
                0x0000000008005020                OPENBL_I2C_ReadoutProtect
 .text.OPENBL_I2C_ReadoutUnprotect
                0x0000000008005054       0x22 ./Middlewares/Modules/I2C/openbl_i2c_cmd.o
                0x0000000008005054                OPENBL_I2C_ReadoutUnprotect
 *fill*         0x0000000008005076        0x2 
 .text.OPENBL_I2C_EraseMemory
                0x0000000008005078      0x1f0 ./Middlewares/Modules/I2C/openbl_i2c_cmd.o
                0x0000000008005078                OPENBL_I2C_EraseMemory
 .text.OPENBL_I2C_WriteProtect
                0x0000000008005268       0xe0 ./Middlewares/Modules/I2C/openbl_i2c_cmd.o
                0x0000000008005268                OPENBL_I2C_WriteProtect
 .text.OPENBL_I2C_WriteUnprotect
                0x0000000008005348       0x48 ./Middlewares/Modules/I2C/openbl_i2c_cmd.o
                0x0000000008005348                OPENBL_I2C_WriteUnprotect
 .text.OPENBL_I2C_NonStretchWriteMemory
                0x0000000008005390       0xc4 ./Middlewares/Modules/I2C/openbl_i2c_cmd.o
                0x0000000008005390                OPENBL_I2C_NonStretchWriteMemory
 .text.OPENBL_I2C_NonStretchEraseMemory
                0x0000000008005454      0x1fc ./Middlewares/Modules/I2C/openbl_i2c_cmd.o
                0x0000000008005454                OPENBL_I2C_NonStretchEraseMemory
 .text.OPENBL_I2C_NonStretchWriteProtect
                0x0000000008005650       0xf0 ./Middlewares/Modules/I2C/openbl_i2c_cmd.o
                0x0000000008005650                OPENBL_I2C_NonStretchWriteProtect
 .text.OPENBL_I2C_NonStretchWriteUnprotect
                0x0000000008005740       0x50 ./Middlewares/Modules/I2C/openbl_i2c_cmd.o
                0x0000000008005740                OPENBL_I2C_NonStretchWriteUnprotect
 .text.OPENBL_I2C_NonStretchReadoutProtect
                0x0000000008005790       0x3c ./Middlewares/Modules/I2C/openbl_i2c_cmd.o
                0x0000000008005790                OPENBL_I2C_NonStretchReadoutProtect
 .text.OPENBL_I2C_NonStretchReadoutUnprotect
                0x00000000080057cc       0x2a ./Middlewares/Modules/I2C/openbl_i2c_cmd.o
                0x00000000080057cc                OPENBL_I2C_NonStretchReadoutUnprotect
 .text.OPENBL_I2C_GetAddress
                0x00000000080057f6       0x98 ./Middlewares/Modules/I2C/openbl_i2c_cmd.o
 *fill*         0x000000000800588e        0x2 
 .text.OPENBL_I2C_SpecialCommand
                0x0000000008005890      0x10c ./Middlewares/Modules/I2C/openbl_i2c_cmd.o
                0x0000000008005890                OPENBL_I2C_SpecialCommand
 .text.OPENBL_I2C_ExtendedSpecialCommand
                0x000000000800599c      0x1c4 ./Middlewares/Modules/I2C/openbl_i2c_cmd.o
                0x000000000800599c                OPENBL_I2C_ExtendedSpecialCommand
 .text.OPENBL_I2C_ConstructCommandsTable
                0x0000000008005b60      0x1c0 ./Middlewares/Modules/I2C/openbl_i2c_cmd.o
 .text.OPENBL_I2C_GetSpecialCmdOpCode
                0x0000000008005d20       0xcc ./Middlewares/Modules/I2C/openbl_i2c_cmd.o
 .text.OPENBL_MEM_RegisterMemory
                0x0000000008005dec      0x128 ./Middlewares/Modules/MEM/openbl_mem.o
                0x0000000008005dec                OPENBL_MEM_RegisterMemory
 .text.OPENBL_MEM_GetAddressArea
                0x0000000008005f14       0x78 ./Middlewares/Modules/MEM/openbl_mem.o
                0x0000000008005f14                OPENBL_MEM_GetAddressArea
 .text.OPENBL_MEM_GetMemoryIndex
                0x0000000008005f8c       0x60 ./Middlewares/Modules/MEM/openbl_mem.o
                0x0000000008005f8c                OPENBL_MEM_GetMemoryIndex
 .text.OPENBL_MEM_Read
                0x0000000008005fec       0x60 ./Middlewares/Modules/MEM/openbl_mem.o
                0x0000000008005fec                OPENBL_MEM_Read
 .text.OPENBL_MEM_Write
                0x000000000800604c       0x5c ./Middlewares/Modules/MEM/openbl_mem.o
                0x000000000800604c                OPENBL_MEM_Write
 .text.OPENBL_MEM_SetReadOutProtection
                0x00000000080060a8       0x74 ./Middlewares/Modules/MEM/openbl_mem.o
                0x00000000080060a8                OPENBL_MEM_SetReadOutProtection
 .text.OPENBL_MEM_SetWriteProtection
                0x000000000800611c       0x70 ./Middlewares/Modules/MEM/openbl_mem.o
                0x000000000800611c                OPENBL_MEM_SetWriteProtection
 .text.OPENBL_MEM_JumpToAddress
                0x000000000800618c       0x54 ./Middlewares/Modules/MEM/openbl_mem.o
                0x000000000800618c                OPENBL_MEM_JumpToAddress
 .text.OPENBL_MEM_MassErase
                0x00000000080061e0       0x6c ./Middlewares/Modules/MEM/openbl_mem.o
                0x00000000080061e0                OPENBL_MEM_MassErase
 .text.OPENBL_MEM_Erase
                0x000000000800624c       0x6c ./Middlewares/Modules/MEM/openbl_mem.o
                0x000000000800624c                OPENBL_MEM_Erase
 .text.OPENBL_MEM_CheckJumpAddress
                0x00000000080062b8       0x3c ./Middlewares/Modules/MEM/openbl_mem.o
                0x00000000080062b8                OPENBL_MEM_CheckJumpAddress
 .text.OPENBL_USART_GetCommandsList
                0x00000000080062f4       0x14 ./Middlewares/Modules/USART/openbl_usart_cmd.o
                0x00000000080062f4                OPENBL_USART_GetCommandsList
 .text.OPENBL_USART_SetCommandsList
                0x0000000008006308       0x24 ./Middlewares/Modules/USART/openbl_usart_cmd.o
                0x0000000008006308                OPENBL_USART_SetCommandsList
 .text.OPENBL_USART_GetCommand
                0x000000000800632c       0x58 ./Middlewares/Modules/USART/openbl_usart_cmd.o
                0x000000000800632c                OPENBL_USART_GetCommand
 .text.OPENBL_USART_GetVersion
                0x0000000008006384       0x26 ./Middlewares/Modules/USART/openbl_usart_cmd.o
                0x0000000008006384                OPENBL_USART_GetVersion
 .text.OPENBL_USART_GetID
                0x00000000080063aa       0x26 ./Middlewares/Modules/USART/openbl_usart_cmd.o
                0x00000000080063aa                OPENBL_USART_GetID
 .text.OPENBL_USART_ReadMemory
                0x00000000080063d0       0xa2 ./Middlewares/Modules/USART/openbl_usart_cmd.o
                0x00000000080063d0                OPENBL_USART_ReadMemory
 *fill*         0x0000000008006472        0x2 
 .text.OPENBL_USART_WriteMemory
                0x0000000008006474       0xb8 ./Middlewares/Modules/USART/openbl_usart_cmd.o
                0x0000000008006474                OPENBL_USART_WriteMemory
 .text.OPENBL_USART_Go
                0x000000000800652c       0x64 ./Middlewares/Modules/USART/openbl_usart_cmd.o
                0x000000000800652c                OPENBL_USART_Go
 .text.OPENBL_USART_ReadoutProtect
                0x0000000008006590       0x34 ./Middlewares/Modules/USART/openbl_usart_cmd.o
                0x0000000008006590                OPENBL_USART_ReadoutProtect
 .text.OPENBL_USART_ReadoutUnprotect
                0x00000000080065c4       0x22 ./Middlewares/Modules/USART/openbl_usart_cmd.o
                0x00000000080065c4                OPENBL_USART_ReadoutUnprotect
 *fill*         0x00000000080065e6        0x2 
 .text.OPENBL_USART_EraseMemory
                0x00000000080065e8      0x1b0 ./Middlewares/Modules/USART/openbl_usart_cmd.o
                0x00000000080065e8                OPENBL_USART_EraseMemory
 .text.OPENBL_USART_WriteProtect
                0x0000000008006798       0xb0 ./Middlewares/Modules/USART/openbl_usart_cmd.o
                0x0000000008006798                OPENBL_USART_WriteProtect
 .text.OPENBL_USART_WriteUnprotect
                0x0000000008006848       0x48 ./Middlewares/Modules/USART/openbl_usart_cmd.o
                0x0000000008006848                OPENBL_USART_WriteUnprotect
 .text.OPENBL_USART_GetAddress
                0x0000000008006890       0x90 ./Middlewares/Modules/USART/openbl_usart_cmd.o
 .text.OPENBL_USART_SpecialCommand
                0x0000000008006920       0xf8 ./Middlewares/Modules/USART/openbl_usart_cmd.o
                0x0000000008006920                OPENBL_USART_SpecialCommand
 .text.OPENBL_USART_ExtendedSpecialCommand
                0x0000000008006a18      0x1ac ./Middlewares/Modules/USART/openbl_usart_cmd.o
                0x0000000008006a18                OPENBL_USART_ExtendedSpecialCommand
 .text.OPENBL_USART_ConstructCommandsTable
                0x0000000008006bc4      0x13c ./Middlewares/Modules/USART/openbl_usart_cmd.o
 .text.OPENBL_USART_GetSpecialCmdOpCode
                0x0000000008006d00       0xcc ./Middlewares/Modules/USART/openbl_usart_cmd.o
 .text.memset   0x0000000008006dcc       0x10 K:/dev/tools/STM32CubeIDE_1.11.0/STM32CubeIDE/plugins/com.st.stm32cube.ide.mcu.externaltools.gnu-tools-for-stm32.11.3.rel1.win32_1.1.100.202309141235/tools/bin/../lib/gcc/arm-none-eabi/11.3.1/../../../../arm-none-eabi/lib/thumb/v7e-m/nofp\libc_nano.a(libc_a-memset.o)
                0x0000000008006dcc                memset
 .text.__libc_init_array
                0x0000000008006ddc       0x48 K:/dev/tools/STM32CubeIDE_1.11.0/STM32CubeIDE/plugins/com.st.stm32cube.ide.mcu.externaltools.gnu-tools-for-stm32.11.3.rel1.win32_1.1.100.202309141235/tools/bin/../lib/gcc/arm-none-eabi/11.3.1/../../../../arm-none-eabi/lib/thumb/v7e-m/nofp\libc_nano.a(libc_a-init.o)
                0x0000000008006ddc                __libc_init_array
 *(.glue_7)
 .glue_7        0x0000000008006e24        0x0 linker stubs
 *(.glue_7t)
 .glue_7t       0x0000000008006e24        0x0 linker stubs
 *(.eh_frame)
 .eh_frame      0x0000000008006e24        0x0 K:/dev/tools/STM32CubeIDE_1.11.0/STM32CubeIDE/plugins/com.st.stm32cube.ide.mcu.externaltools.gnu-tools-for-stm32.11.3.rel1.win32_1.1.100.202309141235/tools/bin/../lib/gcc/arm-none-eabi/11.3.1/thumb/v7e-m/nofp/crtbegin.o
 *(.init)
 .init          0x0000000008006e24        0x4 K:/dev/tools/STM32CubeIDE_1.11.0/STM32CubeIDE/plugins/com.st.stm32cube.ide.mcu.externaltools.gnu-tools-for-stm32.11.3.rel1.win32_1.1.100.202309141235/tools/bin/../lib/gcc/arm-none-eabi/11.3.1/thumb/v7e-m/nofp/crti.o
                0x0000000008006e24                _init
 .init          0x0000000008006e28        0x8 K:/dev/tools/STM32CubeIDE_1.11.0/STM32CubeIDE/plugins/com.st.stm32cube.ide.mcu.externaltools.gnu-tools-for-stm32.11.3.rel1.win32_1.1.100.202309141235/tools/bin/../lib/gcc/arm-none-eabi/11.3.1/thumb/v7e-m/nofp/crtn.o
 *(.fini)
 .fini          0x0000000008006e30        0x4 K:/dev/tools/STM32CubeIDE_1.11.0/STM32CubeIDE/plugins/com.st.stm32cube.ide.mcu.externaltools.gnu-tools-for-stm32.11.3.rel1.win32_1.1.100.202309141235/tools/bin/../lib/gcc/arm-none-eabi/11.3.1/thumb/v7e-m/nofp/crti.o
                0x0000000008006e30                _fini
 .fini          0x0000000008006e34        0x8 K:/dev/tools/STM32CubeIDE_1.11.0/STM32CubeIDE/plugins/com.st.stm32cube.ide.mcu.externaltools.gnu-tools-for-stm32.11.3.rel1.win32_1.1.100.202309141235/tools/bin/../lib/gcc/arm-none-eabi/11.3.1/thumb/v7e-m/nofp/crtn.o
 *fill*         0x0000000008006e3c        0x4 
 .fini.__stub   0x0000000008006e40       0x10 linker stubs
                0x0000000008006e50                . = ALIGN (0x8)
 *fill*         0x0000000008006e50        0x0 
                0x0000000008006e50                _etext = .

.vfp11_veneer   0x0000000008006e50        0x0
 .vfp11_veneer  0x0000000008006e50        0x0 linker stubs

.v4_bx          0x0000000008006e50        0x0
 .v4_bx         0x0000000008006e50        0x0 linker stubs

.iplt           0x0000000008006e50        0x0
 .iplt          0x0000000008006e50        0x0 K:/dev/tools/STM32CubeIDE_1.11.0/STM32CubeIDE/plugins/com.st.stm32cube.ide.mcu.externaltools.gnu-tools-for-stm32.11.3.rel1.win32_1.1.100.202309141235/tools/bin/../lib/gcc/arm-none-eabi/11.3.1/thumb/v7e-m/nofp/crtbegin.o

.rodata         0x0000000008006e50       0xf0
                0x0000000008006e50                . = ALIGN (0x8)
 *(.rodata)
 .rodata        0x0000000008006e50       0x1c ./Drivers/STM32WLxx_HAL_Driver/stm32wlxx_hal_rcc.o
 *(.rodata*)
 .rodata.AHBPrescTable
                0x0000000008006e6c       0x40 ./Drivers/CMSIS/system_stm32wlxx.o
                0x0000000008006e6c                AHBPrescTable
 .rodata.APBPrescTable
                0x0000000008006eac       0x20 ./Drivers/CMSIS/system_stm32wlxx.o
                0x0000000008006eac                APBPrescTable
 .rodata.MSIRangeTable
                0x0000000008006ecc       0x40 ./Drivers/CMSIS/system_stm32wlxx.o
                0x0000000008006ecc                MSIRangeTable
 .rodata.USART_PRESCALER_TAB
                0x0000000008006f0c       0x30 ./Drivers/STM32WLxx_HAL_Driver/stm32wlxx_ll_usart.o
                0x0000000008006f40                . = ALIGN (0x8)
 *fill*         0x0000000008006f3c        0x4 

.rel.dyn        0x0000000008006f40        0x0
 .rel.iplt      0x0000000008006f40        0x0 K:/dev/tools/STM32CubeIDE_1.11.0/STM32CubeIDE/plugins/com.st.stm32cube.ide.mcu.externaltools.gnu-tools-for-stm32.11.3.rel1.win32_1.1.100.202309141235/tools/bin/../lib/gcc/arm-none-eabi/11.3.1/thumb/v7e-m/nofp/crtbegin.o

.ARM.extab      0x0000000008006f40        0x0
                0x0000000008006f40                . = ALIGN (0x8)
 *(.ARM.extab* .gnu.linkonce.armextab.*)
                0x0000000008006f40                . = ALIGN (0x8)

.ARM            0x0000000008006f40        0x0
                0x0000000008006f40                . = ALIGN (0x8)
                0x0000000008006f40                __exidx_start = .
 *(.ARM.exidx*)
                0x0000000008006f40                __exidx_end = .
                0x0000000008006f40                . = ALIGN (0x8)

.preinit_array  0x0000000008006f40        0x0
                0x0000000008006f40                . = ALIGN (0x8)
                0x0000000008006f40                PROVIDE (__preinit_array_start = .)
 *(.preinit_array*)
                0x0000000008006f40                PROVIDE (__preinit_array_end = .)
                0x0000000008006f40                . = ALIGN (0x8)

.init_array     0x0000000008006f40        0x8
                0x0000000008006f40                . = ALIGN (0x8)
                0x0000000008006f40                PROVIDE (__init_array_start = .)
 *(SORT_BY_NAME(.init_array.*))
 *(.init_array*)
 .init_array    0x0000000008006f40        0x4 K:/dev/tools/STM32CubeIDE_1.11.0/STM32CubeIDE/plugins/com.st.stm32cube.ide.mcu.externaltools.gnu-tools-for-stm32.11.3.rel1.win32_1.1.100.202309141235/tools/bin/../lib/gcc/arm-none-eabi/11.3.1/thumb/v7e-m/nofp/crtbegin.o
                0x0000000008006f44                PROVIDE (__init_array_end = .)
                0x0000000008006f48                . = ALIGN (0x8)
 *fill*         0x0000000008006f44        0x4 

.fini_array     0x0000000008006f48        0x8
                0x0000000008006f48                . = ALIGN (0x8)
                [!provide]                        PROVIDE (__fini_array_start = .)
 *(SORT_BY_NAME(.fini_array.*))
 *(.fini_array*)
 .fini_array    0x0000000008006f48        0x4 K:/dev/tools/STM32CubeIDE_1.11.0/STM32CubeIDE/plugins/com.st.stm32cube.ide.mcu.externaltools.gnu-tools-for-stm32.11.3.rel1.win32_1.1.100.202309141235/tools/bin/../lib/gcc/arm-none-eabi/11.3.1/thumb/v7e-m/nofp/crtbegin.o
                [!provide]                        PROVIDE (__fini_array_end = .)
                0x0000000008006f50                . = ALIGN (0x8)
 *fill*         0x0000000008006f4c        0x4 
                0x0000000008006f50                _sidata = LOADADDR (.data)

.data           0x0000000020000000      0x340 load address 0x0000000008006f50
                0x0000000020000000                . = ALIGN (0x8)
                0x0000000020000000                _sdata = .
 *(.data)
 *(.data*)
 .data.USART_Ops
                0x0000000020000000       0x14 ./Application/OpenBootloader/App/app_openbootloader.o
 .data.I2C_Ops  0x0000000020000014       0x14 ./Application/OpenBootloader/App/app_openbootloader.o
 .data.IWDG_Ops
                0x0000000020000028       0x14 ./Application/OpenBootloader/App/app_openbootloader.o
 .data.SpecialCmdList
                0x000000002000003c        0x2 ./Application/OpenBootloader/App/app_openbootloader.o
                0x000000002000003c                SpecialCmdList
 *fill*         0x000000002000003e        0x2 
 .data.ExtendedSpecialCmdList
                0x0000000020000040        0x2 ./Application/OpenBootloader/App/app_openbootloader.o
                0x0000000020000040                ExtendedSpecialCmdList
 *fill*         0x0000000020000042        0x2 
 .data.EB_Descriptor
                0x0000000020000044       0x2c ./Application/OpenBootloader/Target/engibytes_interface.o
                0x0000000020000044                EB_Descriptor
 .data.FLASH_Descriptor
                0x0000000020000070       0x2c ./Application/OpenBootloader/Target/flash_interface.o
                0x0000000020000070                FLASH_Descriptor
 .data.OB1_Descriptor
                0x000000002000009c       0x2c ./Application/OpenBootloader/Target/optionbytes_interface.o
                0x000000002000009c                OB1_Descriptor
 .data.OTP_Descriptor
                0x00000000200000c8       0x2c ./Application/OpenBootloader/Target/otp_interface.o
                0x00000000200000c8                OTP_Descriptor
 .data.RAM_Descriptor
                0x00000000200000f4       0x2c ./Application/OpenBootloader/Target/ram_interface.o
                0x00000000200000f4                RAM_Descriptor
 .data.ICP1_Descriptor
                0x0000000020000120       0x2c ./Application/OpenBootloader/Target/systemmemory_interface.o
                0x0000000020000120                ICP1_Descriptor
 .data.SystemCoreClock
                0x000000002000014c        0x4 ./Drivers/CMSIS/system_stm32wlxx.o
                0x000000002000014c                SystemCoreClock
 .data.uwTickPrio
                0x0000000020000150        0x4 ./Drivers/STM32WLxx_HAL_Driver/stm32wlxx_hal.o
                0x0000000020000150                uwTickPrio
 .data.uwTickFreq
                0x0000000020000154        0x1 ./Drivers/STM32WLxx_HAL_Driver/stm32wlxx_hal.o
                0x0000000020000154                uwTickFreq
 *fill*         0x0000000020000155        0x3 
 .data.OPENBL_I2C_Commands.0
                0x0000000020000158       0x50 ./Middlewares/Modules/I2C/openbl_i2c_cmd.o
 .data.OPENBL_USART_Commands.0
                0x00000000200001a8       0x50 ./Middlewares/Modules/USART/openbl_usart_cmd.o
 *(.ramfunc)
 .ramfunc       0x00000000200001f8      0x144 ./Application/OpenBootloader/Target/i2c_interface.o
                0x00000000200001f8                OPENBL_I2C_WaitNack
                0x000000002000025c                OPENBL_I2C_WaitStop
                0x00000000200002c0                OPENBL_I2C_SendBusyByte
                0x0000000020000340                . = ALIGN (0x8)
 *fill*         0x000000002000033c        0x4 
                0x0000000020000340                _edata = .

.igot.plt       0x0000000020000340        0x0 load address 0x0000000008007290
 .igot.plt      0x0000000020000340        0x0 K:/dev/tools/STM32CubeIDE_1.11.0/STM32CubeIDE/plugins/com.st.stm32cube.ide.mcu.externaltools.gnu-tools-for-stm32.11.3.rel1.win32_1.1.100.202309141235/tools/bin/../lib/gcc/arm-none-eabi/11.3.1/thumb/v7e-m/nofp/crtbegin.o
                0x0000000020000340                . = ALIGN (0x8)

.bss            0x0000000020000340      0xad8 load address 0x0000000008007290
                0x0000000020000340                _sbss = .
                0x0000000020000340                __bss_start__ = _sbss
 *(.bss)
 .bss           0x0000000020000340       0x1c K:/dev/tools/STM32CubeIDE_1.11.0/STM32CubeIDE/plugins/com.st.stm32cube.ide.mcu.externaltools.gnu-tools-for-stm32.11.3.rel1.win32_1.1.100.202309141235/tools/bin/../lib/gcc/arm-none-eabi/11.3.1/thumb/v7e-m/nofp/crtbegin.o
 *(.bss*)
 .bss.USART_Handle
                0x000000002000035c        0x8 ./Application/OpenBootloader/App/app_openbootloader.o
 .bss.I2C_Handle
                0x0000000020000364        0x8 ./Application/OpenBootloader/App/app_openbootloader.o
 .bss.IWDG_Handle
                0x000000002000036c        0x8 ./Application/OpenBootloader/App/app_openbootloader.o
 .bss.interface_detected.0
                0x0000000020000374        0x4 ./Application/OpenBootloader/App/app_openbootloader.o
 .bss.ResetCallback
                0x0000000020000378        0x4 ./Application/OpenBootloader/Target/common_interface.o
 .bss.I2cDetected
                0x000000002000037c        0x1 ./Application/OpenBootloader/Target/i2c_interface.o
 *fill*         0x000000002000037d        0x3 
 .bss.IWDGHandle
                0x0000000020000380       0x10 ./Application/OpenBootloader/Target/iwdg_interface.o
 .bss.UsartDetected
                0x0000000020000390        0x1 ./Application/OpenBootloader/Target/usart_interface.o
 *fill*         0x0000000020000391        0x3 
 .bss.uwTick    0x0000000020000394        0x4 ./Drivers/STM32WLxx_HAL_Driver/stm32wlxx_hal.o
                0x0000000020000394                uwTick
 .bss.pFlash    0x0000000020000398       0x18 ./Drivers/STM32WLxx_HAL_Driver/stm32wlxx_hal_flash.o
                0x0000000020000398                pFlash
 .bss.NumberOfInterfaces
                0x00000000200003b0        0x4 ./Middlewares/Core/openbl_core.o
 .bss.a_InterfacesTable
                0x00000000200003b4       0x18 ./Middlewares/Core/openbl_core.o
 .bss.p_Interface
                0x00000000200003cc        0x4 ./Middlewares/Core/openbl_core.o
 .bss.I2C_RAM_Buf
                0x00000000200003d0      0x48c ./Middlewares/Modules/I2C/openbl_i2c_cmd.o
 .bss.a_OPENBL_I2C_CommandsList
                0x000000002000085c       0x13 ./Middlewares/Modules/I2C/openbl_i2c_cmd.o
 .bss.I2cCommandsNumber
                0x000000002000086f        0x1 ./Middlewares/Modules/I2C/openbl_i2c_cmd.o
 .bss.NumberOfMemories
                0x0000000020000870        0x4 ./Middlewares/Modules/MEM/openbl_mem.o
 .bss.a_MemoriesTable
                0x0000000020000874      0x108 ./Middlewares/Modules/MEM/openbl_mem.o
 .bss.USART_RAM_Buf
                0x000000002000097c      0x48c ./Middlewares/Modules/USART/openbl_usart_cmd.o
 .bss.a_OPENBL_USART_CommandsList
                0x0000000020000e08        0xd ./Middlewares/Modules/USART/openbl_usart_cmd.o
 .bss.UsartCommandsNumber
                0x0000000020000e15        0x1 ./Middlewares/Modules/USART/openbl_usart_cmd.o
 *(COMMON)
                0x0000000020000e18                . = ALIGN (0x8)
 *fill*         0x0000000020000e16        0x2 
                0x0000000020000e18                _ebss = .
                0x0000000020000e18                __bss_end__ = _ebss
                0x0000000020000e18                . = ALIGN (0x8)

RAM1_region     0x0000000020000e18        0x0 load address 0x0000000008007290
                0x0000000020000e18                _sRAM1_region = .
 *(.RAM1_region)
                0x0000000020000e18                . = ALIGN (0x8)
                0x0000000020000e18                _eRAM1_region = .
                0x0000000020000e18                . = ALIGN (0x8)

RAM2_region     0x0000000020008000        0x0
                0x0000000020008000                _sRAM2_region = .
 *(.RAM2_region)
                0x0000000020008000                . = ALIGN (0x8)
                0x0000000020008000                _eRAM2_region = .

._user_heap_stack
                0x0000000020000e18      0x600
                0x0000000020000e18                . = ALIGN (0x8)
                [!provide]                        PROVIDE (end = .)
                0x0000000020000e18                PROVIDE (_end = .)
                0x0000000020001018                . = (. + _Min_Heap_Size)
 *fill*         0x0000000020000e18      0x200 
                0x0000000020001418                . = (. + _Min_Stack_Size)
 *fill*         0x0000000020001018      0x400 
                0x0000000020001418                . = ALIGN (0x8)

/DISCARD/
 libc.a(*)
 libm.a(*)
 libgcc.a(*)

.ARM.attributes
                0x0000000000000000       0x2a
 *(.ARM.attributes)
 .ARM.attributes
                0x0000000000000000       0x1e K:/dev/tools/STM32CubeIDE_1.11.0/STM32CubeIDE/plugins/com.st.stm32cube.ide.mcu.externaltools.gnu-tools-for-stm32.11.3.rel1.win32_1.1.100.202309141235/tools/bin/../lib/gcc/arm-none-eabi/11.3.1/thumb/v7e-m/nofp/crti.o
 .ARM.attributes
                0x000000000000001e       0x2e K:/dev/tools/STM32CubeIDE_1.11.0/STM32CubeIDE/plugins/com.st.stm32cube.ide.mcu.externaltools.gnu-tools-for-stm32.11.3.rel1.win32_1.1.100.202309141235/tools/bin/../lib/gcc/arm-none-eabi/11.3.1/thumb/v7e-m/nofp/crtbegin.o
 .ARM.attributes
                0x000000000000004c       0x2e ./Application/Core/main.o
 .ARM.attributes
                0x000000000000007a       0x2e ./Application/Core/stm32wlxx_it.o
 .ARM.attributes
                0x00000000000000a8       0x2e ./Application/OpenBootloader/App/app_openbootloader.o
 .ARM.attributes
                0x00000000000000d6       0x2e ./Application/OpenBootloader/Target/common_interface.o
 .ARM.attributes
                0x0000000000000104       0x2e ./Application/OpenBootloader/Target/engibytes_interface.o
 .ARM.attributes
                0x0000000000000132       0x2e ./Application/OpenBootloader/Target/flash_interface.o
 .ARM.attributes
                0x0000000000000160       0x2e ./Application/OpenBootloader/Target/i2c_interface.o
 .ARM.attributes
                0x000000000000018e       0x2e ./Application/OpenBootloader/Target/iwdg_interface.o
 .ARM.attributes
                0x00000000000001bc       0x2e ./Application/OpenBootloader/Target/optionbytes_interface.o
 .ARM.attributes
                0x00000000000001ea       0x2e ./Application/OpenBootloader/Target/otp_interface.o
 .ARM.attributes
                0x0000000000000218       0x2e ./Application/OpenBootloader/Target/ram_interface.o
 .ARM.attributes
                0x0000000000000246       0x2e ./Application/OpenBootloader/Target/systemmemory_interface.o
 .ARM.attributes
                0x0000000000000274       0x2e ./Application/OpenBootloader/Target/usart_interface.o
 .ARM.attributes
                0x00000000000002a2       0x21 ./Application/Startup/startup_stm32wl55jcix.o
 .ARM.attributes
                0x00000000000002c3       0x2e ./Drivers/CMSIS/system_stm32wlxx.o
 .ARM.attributes
                0x00000000000002f1       0x2e ./Drivers/STM32WLxx_HAL_Driver/stm32wlxx_hal.o
 .ARM.attributes
                0x000000000000031f       0x2e ./Drivers/STM32WLxx_HAL_Driver/stm32wlxx_hal_cortex.o
 .ARM.attributes
                0x000000000000034d       0x2e ./Drivers/STM32WLxx_HAL_Driver/stm32wlxx_hal_flash.o
 .ARM.attributes
                0x000000000000037b       0x2e ./Drivers/STM32WLxx_HAL_Driver/stm32wlxx_hal_flash_ex.o
 .ARM.attributes
                0x00000000000003a9       0x2e ./Drivers/STM32WLxx_HAL_Driver/stm32wlxx_hal_gpio.o
 .ARM.attributes
                0x00000000000003d7       0x2e ./Drivers/STM32WLxx_HAL_Driver/stm32wlxx_hal_iwdg.o
 .ARM.attributes
                0x0000000000000405       0x2e ./Drivers/STM32WLxx_HAL_Driver/stm32wlxx_hal_pwr.o
 .ARM.attributes
                0x0000000000000433       0x2e ./Drivers/STM32WLxx_HAL_Driver/stm32wlxx_hal_pwr_ex.o
 .ARM.attributes
                0x0000000000000461       0x2e ./Drivers/STM32WLxx_HAL_Driver/stm32wlxx_hal_rcc.o
 .ARM.attributes
                0x000000000000048f       0x2e ./Drivers/STM32WLxx_HAL_Driver/stm32wlxx_ll_i2c.o
 .ARM.attributes
                0x00000000000004bd       0x2e ./Drivers/STM32WLxx_HAL_Driver/stm32wlxx_ll_rcc.o
 .ARM.attributes
                0x00000000000004eb       0x2e ./Drivers/STM32WLxx_HAL_Driver/stm32wlxx_ll_usart.o
 .ARM.attributes
                0x0000000000000519       0x2e ./Middlewares/Core/openbl_core.o
 .ARM.attributes
                0x0000000000000547       0x2e ./Middlewares/Modules/I2C/openbl_i2c_cmd.o
 .ARM.attributes
                0x0000000000000575       0x2e ./Middlewares/Modules/MEM/openbl_mem.o
 .ARM.attributes
                0x00000000000005a3       0x2e ./Middlewares/Modules/USART/openbl_usart_cmd.o
 .ARM.attributes
                0x00000000000005d1       0x2e K:/dev/tools/STM32CubeIDE_1.11.0/STM32CubeIDE/plugins/com.st.stm32cube.ide.mcu.externaltools.gnu-tools-for-stm32.11.3.rel1.win32_1.1.100.202309141235/tools/bin/../lib/gcc/arm-none-eabi/11.3.1/../../../../arm-none-eabi/lib/thumb/v7e-m/nofp\libc_nano.a(libc_a-memset.o)
 .ARM.attributes
                0x00000000000005ff       0x2e K:/dev/tools/STM32CubeIDE_1.11.0/STM32CubeIDE/plugins/com.st.stm32cube.ide.mcu.externaltools.gnu-tools-for-stm32.11.3.rel1.win32_1.1.100.202309141235/tools/bin/../lib/gcc/arm-none-eabi/11.3.1/../../../../arm-none-eabi/lib/thumb/v7e-m/nofp\libc_nano.a(libc_a-init.o)
 .ARM.attributes
                0x000000000000062d       0x1e K:/dev/tools/STM32CubeIDE_1.11.0/STM32CubeIDE/plugins/com.st.stm32cube.ide.mcu.externaltools.gnu-tools-for-stm32.11.3.rel1.win32_1.1.100.202309141235/tools/bin/../lib/gcc/arm-none-eabi/11.3.1/thumb/v7e-m/nofp/crtn.o
OUTPUT(OpenBootloader.elf elf32-littlearm)
LOAD linker stubs
LOAD K:/dev/tools/STM32CubeIDE_1.11.0/STM32CubeIDE/plugins/com.st.stm32cube.ide.mcu.externaltools.gnu-tools-for-stm32.11.3.rel1.win32_1.1.100.202309141235/tools/bin/../lib/gcc/arm-none-eabi/11.3.1/../../../../arm-none-eabi/lib/thumb/v7e-m/nofp\libc.a
LOAD K:/dev/tools/STM32CubeIDE_1.11.0/STM32CubeIDE/plugins/com.st.stm32cube.ide.mcu.externaltools.gnu-tools-for-stm32.11.3.rel1.win32_1.1.100.202309141235/tools/bin/../lib/gcc/arm-none-eabi/11.3.1/../../../../arm-none-eabi/lib/thumb/v7e-m/nofp\libm.a
LOAD K:/dev/tools/STM32CubeIDE_1.11.0/STM32CubeIDE/plugins/com.st.stm32cube.ide.mcu.externaltools.gnu-tools-for-stm32.11.3.rel1.win32_1.1.100.202309141235/tools/bin/../lib/gcc/arm-none-eabi/11.3.1/thumb/v7e-m/nofp\libgcc.a

.comment        0x0000000000000000       0x43
 .comment       0x0000000000000000       0x43 K:/dev/tools/STM32CubeIDE_1.11.0/STM32CubeIDE/plugins/com.st.stm32cube.ide.mcu.externaltools.gnu-tools-for-stm32.11.3.rel1.win32_1.1.100.202309141235/tools/bin/../lib/gcc/arm-none-eabi/11.3.1/thumb/v7e-m/nofp/crtbegin.o
                                         0x44 (size before relaxing)
 .comment       0x0000000000000043       0x44 ./Application/Core/main.o
 .comment       0x0000000000000043       0x44 ./Application/Core/stm32wlxx_it.o
 .comment       0x0000000000000043       0x44 ./Application/OpenBootloader/App/app_openbootloader.o
 .comment       0x0000000000000043       0x44 ./Application/OpenBootloader/Target/common_interface.o
 .comment       0x0000000000000043       0x44 ./Application/OpenBootloader/Target/engibytes_interface.o
 .comment       0x0000000000000043       0x44 ./Application/OpenBootloader/Target/flash_interface.o
 .comment       0x0000000000000043       0x44 ./Application/OpenBootloader/Target/i2c_interface.o
 .comment       0x0000000000000043       0x44 ./Application/OpenBootloader/Target/iwdg_interface.o
 .comment       0x0000000000000043       0x44 ./Application/OpenBootloader/Target/optionbytes_interface.o
 .comment       0x0000000000000043       0x44 ./Application/OpenBootloader/Target/otp_interface.o
 .comment       0x0000000000000043       0x44 ./Application/OpenBootloader/Target/ram_interface.o
 .comment       0x0000000000000043       0x44 ./Application/OpenBootloader/Target/systemmemory_interface.o
 .comment       0x0000000000000043       0x44 ./Application/OpenBootloader/Target/usart_interface.o
 .comment       0x0000000000000043       0x44 ./Drivers/CMSIS/system_stm32wlxx.o
 .comment       0x0000000000000043       0x44 ./Drivers/STM32WLxx_HAL_Driver/stm32wlxx_hal.o
 .comment       0x0000000000000043       0x44 ./Drivers/STM32WLxx_HAL_Driver/stm32wlxx_hal_cortex.o
 .comment       0x0000000000000043       0x44 ./Drivers/STM32WLxx_HAL_Driver/stm32wlxx_hal_flash.o
 .comment       0x0000000000000043       0x44 ./Drivers/STM32WLxx_HAL_Driver/stm32wlxx_hal_flash_ex.o
 .comment       0x0000000000000043       0x44 ./Drivers/STM32WLxx_HAL_Driver/stm32wlxx_hal_gpio.o
 .comment       0x0000000000000043       0x44 ./Drivers/STM32WLxx_HAL_Driver/stm32wlxx_hal_iwdg.o
 .comment       0x0000000000000043       0x44 ./Drivers/STM32WLxx_HAL_Driver/stm32wlxx_hal_pwr.o
 .comment       0x0000000000000043       0x44 ./Drivers/STM32WLxx_HAL_Driver/stm32wlxx_hal_pwr_ex.o
 .comment       0x0000000000000043       0x44 ./Drivers/STM32WLxx_HAL_Driver/stm32wlxx_hal_rcc.o
 .comment       0x0000000000000043       0x44 ./Drivers/STM32WLxx_HAL_Driver/stm32wlxx_ll_i2c.o
 .comment       0x0000000000000043       0x44 ./Drivers/STM32WLxx_HAL_Driver/stm32wlxx_ll_rcc.o
 .comment       0x0000000000000043       0x44 ./Drivers/STM32WLxx_HAL_Driver/stm32wlxx_ll_usart.o
 .comment       0x0000000000000043       0x44 ./Middlewares/Core/openbl_core.o
 .comment       0x0000000000000043       0x44 ./Middlewares/Modules/I2C/openbl_i2c_cmd.o
 .comment       0x0000000000000043       0x44 ./Middlewares/Modules/MEM/openbl_mem.o
 .comment       0x0000000000000043       0x44 ./Middlewares/Modules/USART/openbl_usart_cmd.o

.debug_info     0x0000000000000000     0xef41
 .debug_info    0x0000000000000000      0x7d1 ./Application/Core/main.o
 .debug_info    0x00000000000007d1       0xe9 ./Application/Core/stm32wlxx_it.o
 .debug_info    0x00000000000008ba      0x62e ./Application/OpenBootloader/App/app_openbootloader.o
 .debug_info    0x0000000000000ee8      0x235 ./Application/OpenBootloader/Target/common_interface.o
 .debug_info    0x000000000000111d      0x26e ./Application/OpenBootloader/Target/engibytes_interface.o
 .debug_info    0x000000000000138b      0x9fa ./Application/OpenBootloader/Target/flash_interface.o
 .debug_info    0x0000000000001d85      0xe23 ./Application/OpenBootloader/Target/i2c_interface.o
 .debug_info    0x0000000000002ba8      0x221 ./Application/OpenBootloader/Target/iwdg_interface.o
 .debug_info    0x0000000000002dc9      0x6d0 ./Application/OpenBootloader/Target/optionbytes_interface.o
 .debug_info    0x0000000000003499      0x501 ./Application/OpenBootloader/Target/otp_interface.o
 .debug_info    0x000000000000399a      0x332 ./Application/OpenBootloader/Target/ram_interface.o
 .debug_info    0x0000000000003ccc      0x26e ./Application/OpenBootloader/Target/systemmemory_interface.o
 .debug_info    0x0000000000003f3a      0xa89 ./Application/OpenBootloader/Target/usart_interface.o
 .debug_info    0x00000000000049c3       0x23 ./Application/Startup/startup_stm32wl55jcix.o
 .debug_info    0x00000000000049e6      0x515 ./Drivers/CMSIS/system_stm32wlxx.o
 .debug_info    0x0000000000004efb     0x1165 ./Drivers/STM32WLxx_HAL_Driver/stm32wlxx_hal.o
 .debug_info    0x0000000000006060      0xced ./Drivers/STM32WLxx_HAL_Driver/stm32wlxx_hal_cortex.o
 .debug_info    0x0000000000006d4d      0x6be ./Drivers/STM32WLxx_HAL_Driver/stm32wlxx_hal_flash.o
 .debug_info    0x000000000000740b      0xb4b ./Drivers/STM32WLxx_HAL_Driver/stm32wlxx_hal_flash_ex.o
 .debug_info    0x0000000000007f56      0x6b5 ./Drivers/STM32WLxx_HAL_Driver/stm32wlxx_hal_gpio.o
 .debug_info    0x000000000000860b      0x23b ./Drivers/STM32WLxx_HAL_Driver/stm32wlxx_hal_iwdg.o
 .debug_info    0x0000000000008846      0x8e8 ./Drivers/STM32WLxx_HAL_Driver/stm32wlxx_hal_pwr.o
 .debug_info    0x000000000000912e      0xde7 ./Drivers/STM32WLxx_HAL_Driver/stm32wlxx_hal_pwr_ex.o
 .debug_info    0x0000000000009f15     0x144c ./Drivers/STM32WLxx_HAL_Driver/stm32wlxx_hal_rcc.o
 .debug_info    0x000000000000b361      0x7e8 ./Drivers/STM32WLxx_HAL_Driver/stm32wlxx_ll_i2c.o
 .debug_info    0x000000000000bb49      0xc49 ./Drivers/STM32WLxx_HAL_Driver/stm32wlxx_ll_rcc.o
 .debug_info    0x000000000000c792      0x901 ./Drivers/STM32WLxx_HAL_Driver/stm32wlxx_ll_usart.o
 .debug_info    0x000000000000d093      0x3e6 ./Middlewares/Core/openbl_core.o
 .debug_info    0x000000000000d479      0xb6d ./Middlewares/Modules/I2C/openbl_i2c_cmd.o
 .debug_info    0x000000000000dfe6      0x5d0 ./Middlewares/Modules/MEM/openbl_mem.o
 .debug_info    0x000000000000e5b6      0x98b ./Middlewares/Modules/USART/openbl_usart_cmd.o

.debug_abbrev   0x0000000000000000     0x3da5
 .debug_abbrev  0x0000000000000000      0x1d9 ./Application/Core/main.o
 .debug_abbrev  0x00000000000001d9       0x84 ./Application/Core/stm32wlxx_it.o
 .debug_abbrev  0x000000000000025d      0x19e ./Application/OpenBootloader/App/app_openbootloader.o
 .debug_abbrev  0x00000000000003fb      0x177 ./Application/OpenBootloader/Target/common_interface.o
 .debug_abbrev  0x0000000000000572      0x119 ./Application/OpenBootloader/Target/engibytes_interface.o
 .debug_abbrev  0x000000000000068b      0x2da ./Application/OpenBootloader/Target/flash_interface.o
 .debug_abbrev  0x0000000000000965      0x328 ./Application/OpenBootloader/Target/i2c_interface.o
 .debug_abbrev  0x0000000000000c8d      0x15a ./Application/OpenBootloader/Target/iwdg_interface.o
 .debug_abbrev  0x0000000000000de7      0x20d ./Application/OpenBootloader/Target/optionbytes_interface.o
 .debug_abbrev  0x0000000000000ff4      0x1c5 ./Application/OpenBootloader/Target/otp_interface.o
 .debug_abbrev  0x00000000000011b9      0x180 ./Application/OpenBootloader/Target/ram_interface.o
 .debug_abbrev  0x0000000000001339      0x119 ./Application/OpenBootloader/Target/systemmemory_interface.o
 .debug_abbrev  0x0000000000001452      0x299 ./Application/OpenBootloader/Target/usart_interface.o
 .debug_abbrev  0x00000000000016eb       0x12 ./Application/Startup/startup_stm32wl55jcix.o
 .debug_abbrev  0x00000000000016fd      0x13e ./Drivers/CMSIS/system_stm32wlxx.o
 .debug_abbrev  0x000000000000183b      0x344 ./Drivers/STM32WLxx_HAL_Driver/stm32wlxx_hal.o
 .debug_abbrev  0x0000000000001b7f      0x2e8 ./Drivers/STM32WLxx_HAL_Driver/stm32wlxx_hal_cortex.o
 .debug_abbrev  0x0000000000001e67      0x2fe ./Drivers/STM32WLxx_HAL_Driver/stm32wlxx_hal_flash.o
 .debug_abbrev  0x0000000000002165      0x2f8 ./Drivers/STM32WLxx_HAL_Driver/stm32wlxx_hal_flash_ex.o
 .debug_abbrev  0x000000000000245d      0x1e9 ./Drivers/STM32WLxx_HAL_Driver/stm32wlxx_hal_gpio.o
 .debug_abbrev  0x0000000000002646      0x166 ./Drivers/STM32WLxx_HAL_Driver/stm32wlxx_hal_iwdg.o
 .debug_abbrev  0x00000000000027ac      0x209 ./Drivers/STM32WLxx_HAL_Driver/stm32wlxx_hal_pwr.o
 .debug_abbrev  0x00000000000029b5      0x302 ./Drivers/STM32WLxx_HAL_Driver/stm32wlxx_hal_pwr_ex.o
 .debug_abbrev  0x0000000000002cb7      0x310 ./Drivers/STM32WLxx_HAL_Driver/stm32wlxx_hal_rcc.o
 .debug_abbrev  0x0000000000002fc7      0x1a8 ./Drivers/STM32WLxx_HAL_Driver/stm32wlxx_ll_i2c.o
 .debug_abbrev  0x000000000000316f      0x234 ./Drivers/STM32WLxx_HAL_Driver/stm32wlxx_ll_rcc.o
 .debug_abbrev  0x00000000000033a3      0x213 ./Drivers/STM32WLxx_HAL_Driver/stm32wlxx_ll_usart.o
 .debug_abbrev  0x00000000000035b6      0x18c ./Middlewares/Core/openbl_core.o
 .debug_abbrev  0x0000000000003742      0x277 ./Middlewares/Modules/I2C/openbl_i2c_cmd.o
 .debug_abbrev  0x00000000000039b9      0x178 ./Middlewares/Modules/MEM/openbl_mem.o
 .debug_abbrev  0x0000000000003b31      0x274 ./Middlewares/Modules/USART/openbl_usart_cmd.o

.debug_aranges  0x0000000000000000     0x1468
 .debug_aranges
                0x0000000000000000       0x38 ./Application/Core/main.o
 .debug_aranges
                0x0000000000000038       0x60 ./Application/Core/stm32wlxx_it.o
 .debug_aranges
                0x0000000000000098       0x30 ./Application/OpenBootloader/App/app_openbootloader.o
 .debug_aranges
                0x00000000000000c8       0x48 ./Application/OpenBootloader/Target/common_interface.o
 .debug_aranges
                0x0000000000000110       0x20 ./Application/OpenBootloader/Target/engibytes_interface.o
 .debug_aranges
                0x0000000000000130       0x98 ./Application/OpenBootloader/Target/flash_interface.o
 .debug_aranges
                0x00000000000001c8       0xf0 ./Application/OpenBootloader/Target/i2c_interface.o
 .debug_aranges
                0x00000000000002b8       0x28 ./Application/OpenBootloader/Target/iwdg_interface.o
 .debug_aranges
                0x00000000000002e0       0x38 ./Application/OpenBootloader/Target/optionbytes_interface.o
 .debug_aranges
                0x0000000000000318       0x30 ./Application/OpenBootloader/Target/otp_interface.o
 .debug_aranges
                0x0000000000000348       0x30 ./Application/OpenBootloader/Target/ram_interface.o
 .debug_aranges
                0x0000000000000378       0x20 ./Application/OpenBootloader/Target/systemmemory_interface.o
 .debug_aranges
                0x0000000000000398       0xb0 ./Application/OpenBootloader/Target/usart_interface.o
 .debug_aranges
                0x0000000000000448       0x28 ./Application/Startup/startup_stm32wl55jcix.o
 .debug_aranges
                0x0000000000000470       0x28 ./Drivers/CMSIS/system_stm32wlxx.o
 .debug_aranges
                0x0000000000000498      0x240 ./Drivers/STM32WLxx_HAL_Driver/stm32wlxx_hal.o
 .debug_aranges
                0x00000000000006d8      0x118 ./Drivers/STM32WLxx_HAL_Driver/stm32wlxx_hal_cortex.o
 .debug_aranges
                0x00000000000007f0       0x88 ./Drivers/STM32WLxx_HAL_Driver/stm32wlxx_hal_flash.o
 .debug_aranges
                0x0000000000000878      0x138 ./Drivers/STM32WLxx_HAL_Driver/stm32wlxx_hal_flash_ex.o
 .debug_aranges
                0x00000000000009b0       0x58 ./Drivers/STM32WLxx_HAL_Driver/stm32wlxx_hal_gpio.o
 .debug_aranges
                0x0000000000000a08       0x28 ./Drivers/STM32WLxx_HAL_Driver/stm32wlxx_hal_iwdg.o
 .debug_aranges
                0x0000000000000a30       0xc8 ./Drivers/STM32WLxx_HAL_Driver/stm32wlxx_hal_pwr.o
 .debug_aranges
                0x0000000000000af8      0x200 ./Drivers/STM32WLxx_HAL_Driver/stm32wlxx_hal_pwr_ex.o
 .debug_aranges
                0x0000000000000cf8      0x258 ./Drivers/STM32WLxx_HAL_Driver/stm32wlxx_hal_rcc.o
 .debug_aranges
                0x0000000000000f50       0x88 ./Drivers/STM32WLxx_HAL_Driver/stm32wlxx_ll_i2c.o
 .debug_aranges
                0x0000000000000fd8      0x1d0 ./Drivers/STM32WLxx_HAL_Driver/stm32wlxx_ll_rcc.o
 .debug_aranges
                0x00000000000011a8       0x88 ./Drivers/STM32WLxx_HAL_Driver/stm32wlxx_ll_usart.o
 .debug_aranges
                0x0000000000001230       0x48 ./Middlewares/Core/openbl_core.o
 .debug_aranges
                0x0000000000001278       0xd8 ./Middlewares/Modules/I2C/openbl_i2c_cmd.o
 .debug_aranges
                0x0000000000001350       0x70 ./Middlewares/Modules/MEM/openbl_mem.o
 .debug_aranges
                0x00000000000013c0       0xa8 ./Middlewares/Modules/USART/openbl_usart_cmd.o

.debug_rnglists
                0x0000000000000000      0xefa
 .debug_rnglists
                0x0000000000000000       0x26 ./Application/Core/main.o
 .debug_rnglists
                0x0000000000000026       0x43 ./Application/Core/stm32wlxx_it.o
 .debug_rnglists
                0x0000000000000069       0x20 ./Application/OpenBootloader/App/app_openbootloader.o
 .debug_rnglists
                0x0000000000000089       0x31 ./Application/OpenBootloader/Target/common_interface.o
 .debug_rnglists