../../../../../../Drivers/STM32WLxx_HAL_Driver/Inc/stm32wlxx_ll_rcc.h:1020:26:LL_RCC_HSE_IsEnabledDiv2	4	static
../../../../../../Drivers/STM32WLxx_HAL_Driver/Inc/stm32wlxx_ll_rcc.h:1129:26:LL_RCC_HSI_IsReady	4	static
../../../../../../Drivers/STM32WLxx_HAL_Driver/Inc/stm32wlxx_ll_rcc.h:1174:22:LL_RCC_HSI_SetCalibTrimming	16	static
../../../../../../Drivers/STM32WLxx_HAL_Driver/Inc/stm32wlxx_ll_rcc.h:1335:26:LL_RCC_LSE_IsReady	4	static
../../../../../../Drivers/STM32WLxx_HAL_Driver/Inc/stm32wlxx_ll_rcc.h:1379:26:LL_RCC_LSI_GetPrediv	4	static
../../../../../../Drivers/STM32WLxx_HAL_Driver/Inc/stm32wlxx_ll_rcc.h:1410:26:LL_RCC_LSI_IsReady	4	static
../../../../../../Drivers/STM32WLxx_HAL_Driver/Inc/stm32wlxx_ll_rcc.h:1428:22:LL_RCC_MSI_Enable	4	static
../../../../../../Drivers/STM32WLxx_HAL_Driver/Inc/stm32wlxx_ll_rcc.h:1448:26:LL_RCC_MSI_IsReady	4	static
../../../../../../Drivers/STM32WLxx_HAL_Driver/Inc/stm32wlxx_ll_rcc.h:1497:26:LL_RCC_MSI_IsEnabledRangeSelect	4	static
../../../../../../Drivers/STM32WLxx_HAL_Driver/Inc/stm32wlxx_ll_rcc.h:1520:22:LL_RCC_MSI_SetRange	16	static
../../../../../../Drivers/STM32WLxx_HAL_Driver/Inc/stm32wlxx_ll_rcc.h:1542:26:LL_RCC_MSI_GetRange	4	static
../../../../../../Drivers/STM32WLxx_HAL_Driver/Inc/stm32wlxx_ll_rcc.h:1571:26:LL_RCC_MSI_GetRangeAfterStandby	4	static
../../../../../../Drivers/STM32WLxx_HAL_Driver/Inc/stm32wlxx_ll_rcc.h:1595:22:LL_RCC_MSI_SetCalibTrimming	16	static
../../../../../../Drivers/STM32WLxx_HAL_Driver/Inc/stm32wlxx_ll_rcc.h:1745:26:LL_RCC_GetSysClkSource	4	static
../../../../../../Drivers/STM32WLxx_HAL_Driver/Inc/stm32wlxx_ll_rcc.h:1879:26:LL_RCC_GetAHBPrescaler	4	static
../../../../../../Drivers/STM32WLxx_HAL_Driver/Inc/stm32wlxx_ll_rcc.h:1904:26:LL_C2_RCC_GetAHBPrescaler	4	static
../../../../../../Drivers/STM32WLxx_HAL_Driver/Inc/stm32wlxx_ll_rcc.h:1929:26:LL_RCC_GetAHB3Prescaler	4	static
../../../../../../Drivers/STM32WLxx_HAL_Driver/Inc/stm32wlxx_ll_rcc.h:1944:26:LL_RCC_GetAPB1Prescaler	4	static
../../../../../../Drivers/STM32WLxx_HAL_Driver/Inc/stm32wlxx_ll_rcc.h:1959:26:LL_RCC_GetAPB2Prescaler	4	static
../../../../../../Drivers/STM32WLxx_HAL_Driver/Inc/stm32wlxx_ll_rcc.h:2170:26:LL_RCC_GetUSARTClockSource	16	static
../../../../../../Drivers/STM32WLxx_HAL_Driver/Inc/stm32wlxx_ll_rcc.h:2185:26:LL_RCC_GetI2SClockSource	16	static
../../../../../../Drivers/STM32WLxx_HAL_Driver/Inc/stm32wlxx_ll_rcc.h:2201:26:LL_RCC_GetLPUARTClockSource	16	static
../../../../../../Drivers/STM32WLxx_HAL_Driver/Inc/stm32wlxx_ll_rcc.h:2223:26:LL_RCC_GetI2CClockSource	16	static
../../../../../../Drivers/STM32WLxx_HAL_Driver/Inc/stm32wlxx_ll_rcc.h:2250:26:LL_RCC_GetLPTIMClockSource	16	static
../../../../../../Drivers/STM32WLxx_HAL_Driver/Inc/stm32wlxx_ll_rcc.h:2266:26:LL_RCC_GetRNGClockSource	16	static
../../../../../../Drivers/STM32WLxx_HAL_Driver/Inc/stm32wlxx_ll_rcc.h:2282:26:LL_RCC_GetADCClockSource	16	static
../../../../../../Drivers/STM32WLxx_HAL_Driver/Inc/stm32wlxx_ll_rcc.h:2322:26:LL_RCC_GetRTCClockSource	4	static
../../../../../../Drivers/STM32WLxx_HAL_Driver/Inc/stm32wlxx_ll_rcc.h:2412:26:LL_RCC_PLL_IsReady	4	static
../../../../../../Drivers/STM32WLxx_HAL_Driver/Inc/stm32wlxx_ll_rcc.h:2602:26:LL_RCC_PLL_GetN	4	static
../../../../../../Drivers/STM32WLxx_HAL_Driver/Inc/stm32wlxx_ll_rcc.h:2643:26:LL_RCC_PLL_GetP	4	static
../../../../../../Drivers/STM32WLxx_HAL_Driver/Inc/stm32wlxx_ll_rcc.h:2661:26:LL_RCC_PLL_GetQ	4	static
../../../../../../Drivers/STM32WLxx_HAL_Driver/Inc/stm32wlxx_ll_rcc.h:2679:26:LL_RCC_PLL_GetR	4	static
../../../../../../Drivers/STM32WLxx_HAL_Driver/Inc/stm32wlxx_ll_rcc.h:2697:26:LL_RCC_PLL_GetDivider	4	static
../../../../../../Drivers/STM32WLxx_HAL_Driver/Inc/stm32wlxx_ll_rcc.h:2815:26:LL_RCC_PLL_GetMainSource	4	static
../../../../../../Drivers/STM32WLxx_HAL_Driver/Inc/stm32wlxx_ll_rcc.h:3130:22:LL_RCC_ClearResetFlags	4	static
K:/dev/work/object-spectrum/ethos/firmware/examples/stm32wl-openbl-apps/Drivers/STM32WLxx_HAL_Driver/Src/stm32wlxx_ll_rcc.c:117:13:LL_RCC_DeInit	16	static
K:/dev/work/object-spectrum/ethos/firmware/examples/stm32wl-openbl-apps/Drivers/STM32WLxx_HAL_Driver/Src/stm32wlxx_ll_rcc.c:210:6:LL_RCC_GetSystemClocksFreq	16	static
K:/dev/work/object-spectrum/ethos/firmware/examples/stm32wl-openbl-apps/Drivers/STM32WLxx_HAL_Driver/Src/stm32wlxx_ll_rcc.c:241:10:LL_RCC_GetUSARTClockFreq	24	static
K:/dev/work/object-spectrum/ethos/firmware/examples/stm32wl-openbl-apps/Drivers/STM32WLxx_HAL_Driver/Src/stm32wlxx_ll_rcc.c:318:10:LL_RCC_GetI2CClockFreq	24	static
K:/dev/work/object-spectrum/ethos/firmware/examples/stm32wl-openbl-apps/Drivers/STM32WLxx_HAL_Driver/Src/stm32wlxx_ll_rcc.c:403:10:LL_RCC_GetLPUARTClockFreq	24	static
K:/dev/work/object-spectrum/ethos/firmware/examples/stm32wl-openbl-apps/Drivers/STM32WLxx_HAL_Driver/Src/stm32wlxx_ll_rcc.c:449:10:LL_RCC_GetLPTIMClockFreq	24	static
K:/dev/work/object-spectrum/ethos/firmware/examples/stm32wl-openbl-apps/Drivers/STM32WLxx_HAL_Driver/Src/stm32wlxx_ll_rcc.c:585:10:LL_RCC_GetRNGClockFreq	24	static
K:/dev/work/object-spectrum/ethos/firmware/examples/stm32wl-openbl-apps/Drivers/STM32WLxx_HAL_Driver/Src/stm32wlxx_ll_rcc.c:644:10:LL_RCC_GetI2SClockFreq	24	static
K:/dev/work/object-spectrum/ethos/firmware/examples/stm32wl-openbl-apps/Drivers/STM32WLxx_HAL_Driver/Src/stm32wlxx_ll_rcc.c:684:10:LL_RCC_GetADCClockFreq	24	static
K:/dev/work/object-spectrum/ethos/firmware/examples/stm32wl-openbl-apps/Drivers/STM32WLxx_HAL_Driver/Src/stm32wlxx_ll_rcc.c:724:10:LL_RCC_GetRTCClockFreq	16	static
K:/dev/work/object-spectrum/ethos/firmware/examples/stm32wl-openbl-apps/Drivers/STM32WLxx_HAL_Driver/Src/stm32wlxx_ll_rcc.c:781:17:RCC_GetSystemClockFreq	16	static
K:/dev/work/object-spectrum/ethos/firmware/examples/stm32wl-openbl-apps/Drivers/STM32WLxx_HAL_Driver/Src/stm32wlxx_ll_rcc.c:831:17:RCC_GetHCLK1ClockFreq	16	static
K:/dev/work/object-spectrum/ethos/firmware/examples/stm32wl-openbl-apps/Drivers/STM32WLxx_HAL_Driver/Src/stm32wlxx_ll_rcc.c:843:17:RCC_GetHCLK2ClockFreq	16	static
K:/dev/work/object-spectrum/ethos/firmware/examples/stm32wl-openbl-apps/Drivers/STM32WLxx_HAL_Driver/Src/stm32wlxx_ll_rcc.c:855:17:RCC_GetHCLK3ClockFreq	16	static
K:/dev/work/object-spectrum/ethos/firmware/examples/stm32wl-openbl-apps/Drivers/STM32WLxx_HAL_Driver/Src/stm32wlxx_ll_rcc.c:866:17:RCC_GetPCLK1ClockFreq	16	static
K:/dev/work/object-spectrum/ethos/firmware/examples/stm32wl-openbl-apps/Drivers/STM32WLxx_HAL_Driver/Src/stm32wlxx_ll_rcc.c:877:17:RCC_GetPCLK2ClockFreq	16	static
K:/dev/work/object-spectrum/ethos/firmware/examples/stm32wl-openbl-apps/Drivers/STM32WLxx_HAL_Driver/Src/stm32wlxx_ll_rcc.c:887:17:RCC_PLL_GetFreqDomain_SYS	24	static
K:/dev/work/object-spectrum/ethos/firmware/examples/stm32wl-openbl-apps/Drivers/STM32WLxx_HAL_Driver/Src/stm32wlxx_ll_rcc.c:937:17:RCC_PLL_GetFreqDomain_ADC	24	static
K:/dev/work/object-spectrum/ethos/firmware/examples/stm32wl-openbl-apps/Drivers/STM32WLxx_HAL_Driver/Src/stm32wlxx_ll_rcc.c:985:17:RCC_PLL_GetFreqDomain_RNG	24	static
K:/dev/work/object-spectrum/ethos/firmware/examples/stm32wl-openbl-apps/Drivers/STM32WLxx_HAL_Driver/Src/stm32wlxx_ll_rcc.c:1033:17:RCC_PLL_GetFreqDomain_I2S	24	static
