K:/dev/work/object-spectrum/ethos/firmware/examples/stm32wl-openbl-apps/Middlewares/ST/OpenBootloader/Modules/I2C/openbl_i2c_cmd.c:55:25:OPENBL_I2C_GetCommandsList	8	static
K:/dev/work/object-spectrum/ethos/firmware/examples/stm32wl-openbl-apps/Middlewares/ST/OpenBootloader/Modules/I2C/openbl_i2c_cmd.c:90:6:OPENBL_I2C_SetCommandsList	16	static
K:/dev/work/object-spectrum/ethos/firmware/examples/stm32wl-openbl-apps/Middlewares/ST/OpenBootloader/Modules/I2C/openbl_i2c_cmd.c:100:6:OPENBL_I2C_GetCommand	16	static
K:/dev/work/object-spectrum/ethos/firmware/examples/stm32wl-openbl-apps/Middlewares/ST/OpenBootloader/Modules/I2C/openbl_i2c_cmd.c:135:6:OPENBL_I2C_GetVersion	8	static
K:/dev/work/object-spectrum/ethos/firmware/examples/stm32wl-openbl-apps/Middlewares/ST/OpenBootloader/Modules/I2C/openbl_i2c_cmd.c:160:6:OPENBL_I2C_GetID	8	static
K:/dev/work/object-spectrum/ethos/firmware/examples/stm32wl-openbl-apps/Middlewares/ST/OpenBootloader/Modules/I2C/openbl_i2c_cmd.c:188:6:OPENBL_I2C_ReadMemory	24	static
K:/dev/work/object-spectrum/ethos/firmware/examples/stm32wl-openbl-apps/Middlewares/ST/OpenBootloader/Modules/I2C/openbl_i2c_cmd.c:257:6:OPENBL_I2C_WriteMemory	32	static
K:/dev/work/object-spectrum/ethos/firmware/examples/stm32wl-openbl-apps/Middlewares/ST/OpenBootloader/Modules/I2C/openbl_i2c_cmd.c:333:6:OPENBL_I2C_Go	16	static
K:/dev/work/object-spectrum/ethos/firmware/examples/stm32wl-openbl-apps/Middlewares/ST/OpenBootloader/Modules/I2C/openbl_i2c_cmd.c:376:6:OPENBL_I2C_ReadoutProtect	8	static
K:/dev/work/object-spectrum/ethos/firmware/examples/stm32wl-openbl-apps/Middlewares/ST/OpenBootloader/Modules/I2C/openbl_i2c_cmd.c:404:6:OPENBL_I2C_ReadoutUnprotect	8	static
K:/dev/work/object-spectrum/ethos/firmware/examples/stm32wl-openbl-apps/Middlewares/ST/OpenBootloader/Modules/I2C/openbl_i2c_cmd.c:421:6:OPENBL_I2C_EraseMemory	48	static
K:/dev/work/object-spectrum/ethos/firmware/examples/stm32wl-openbl-apps/Middlewares/ST/OpenBootloader/Modules/I2C/openbl_i2c_cmd.c:573:6:OPENBL_I2C_WriteProtect	24	static
K:/dev/work/object-spectrum/ethos/firmware/examples/stm32wl-openbl-apps/Middlewares/ST/OpenBootloader/Modules/I2C/openbl_i2c_cmd.c:657:6:OPENBL_I2C_WriteUnprotect	16	static
K:/dev/work/object-spectrum/ethos/firmware/examples/stm32wl-openbl-apps/Middlewares/ST/OpenBootloader/Modules/I2C/openbl_i2c_cmd.c:689:6:OPENBL_I2C_NonStretchWriteMemory	32	static
K:/dev/work/object-spectrum/ethos/firmware/examples/stm32wl-openbl-apps/Middlewares/ST/OpenBootloader/Modules/I2C/openbl_i2c_cmd.c:773:6:OPENBL_I2C_NonStretchEraseMemory	48	static
K:/dev/work/object-spectrum/ethos/firmware/examples/stm32wl-openbl-apps/Middlewares/ST/OpenBootloader/Modules/I2C/openbl_i2c_cmd.c:934:6:OPENBL_I2C_NonStretchWriteProtect	24	static
K:/dev/work/object-spectrum/ethos/firmware/examples/stm32wl-openbl-apps/Middlewares/ST/OpenBootloader/Modules/I2C/openbl_i2c_cmd.c:1028:6:OPENBL_I2C_NonStretchWriteUnprotect	16	static
K:/dev/work/object-spectrum/ethos/firmware/examples/stm32wl-openbl-apps/Middlewares/ST/OpenBootloader/Modules/I2C/openbl_i2c_cmd.c:1066:6:OPENBL_I2C_NonStretchReadoutProtect	8	static
K:/dev/work/object-spectrum/ethos/firmware/examples/stm32wl-openbl-apps/Middlewares/ST/OpenBootloader/Modules/I2C/openbl_i2c_cmd.c:1102:6:OPENBL_I2C_NonStretchReadoutUnprotect	8	static
K:/dev/work/object-spectrum/ethos/firmware/examples/stm32wl-openbl-apps/Middlewares/ST/OpenBootloader/Modules/I2C/openbl_i2c_cmd.c:1125:9:OPENBL_I2C_GetAddress	24	static
K:/dev/work/object-spectrum/ethos/firmware/examples/stm32wl-openbl-apps/Middlewares/ST/OpenBootloader/Modules/I2C/openbl_i2c_cmd.c:1171:6:OPENBL_I2C_SpecialCommand	24	static
K:/dev/work/object-spectrum/ethos/firmware/examples/stm32wl-openbl-apps/Middlewares/ST/OpenBootloader/Modules/I2C/openbl_i2c_cmd.c:1269:6:OPENBL_I2C_ExtendedSpecialCommand	24	static
K:/dev/work/object-spectrum/ethos/firmware/examples/stm32wl-openbl-apps/Middlewares/ST/OpenBootloader/Modules/I2C/openbl_i2c_cmd.c:1413:16:OPENBL_I2C_ConstructCommandsTable	24	static
K:/dev/work/object-spectrum/ethos/firmware/examples/stm32wl-openbl-apps/Middlewares/ST/OpenBootloader/Modules/I2C/openbl_i2c_cmd.c:1540:9:OPENBL_I2C_GetSpecialCmdOpCode	24	static
