../../../../../../Drivers/CMSIS/Include/core_cm4.h:1933:34:__NVIC_SystemReset	4	static,ignoring_inline_asm
../../../../../../Drivers/STM32WLxx_HAL_Driver/Inc/stm32wlxx_ll_bus.h:449:22:LL_AHB2_GRP1_EnableClock	24	static
../../../../../../Drivers/STM32WLxx_HAL_Driver/Inc/stm32wlxx_ll_bus.h:914:22:LL_APB1_GRP1_EnableClock	24	static
../../../../../../Drivers/STM32WLxx_HAL_Driver/Inc/stm32wlxx_ll_bus.h:1018:22:LL_APB1_GRP1_DisableClock	16	static
../../../../../../Drivers/STM32WLxx_HAL_Driver/Inc/stm32wlxx_ll_i2c.h:430:22:LL_I2C_Enable	16	static
../../../../../../Drivers/STM32WLxx_HAL_Driver/Inc/stm32wlxx_ll_i2c.h:444:22:LL_I2C_Disable	16	static
../../../../../../Drivers/STM32WLxx_HAL_Driver/Inc/stm32wlxx_ll_i2c.h:1566:26:LL_I2C_IsActiveFlag_TXIS	16	static
../../../../../../Drivers/STM32WLxx_HAL_Driver/Inc/stm32wlxx_ll_i2c.h:1579:26:LL_I2C_IsActiveFlag_RXNE	16	static
../../../../../../Drivers/STM32WLxx_HAL_Driver/Inc/stm32wlxx_ll_i2c.h:1592:26:LL_I2C_IsActiveFlag_ADDR	16	static
../../../../../../Drivers/STM32WLxx_HAL_Driver/Inc/stm32wlxx_ll_i2c.h:1753:22:LL_I2C_ClearFlag_ADDR	16	static
../../../../../../Drivers/STM32WLxx_HAL_Driver/Inc/stm32wlxx_ll_i2c.h:2219:25:LL_I2C_ReceiveData8	16	static
../../../../../../Drivers/STM32WLxx_HAL_Driver/Inc/stm32wlxx_ll_i2c.h:2231:22:LL_I2C_TransmitData8	16	static
K:/dev/work/object-spectrum/ethos/firmware/examples/stm32wl-openbl-apps/Projects/NUCLEO-WL55JC/Applications/OpenBootloader/OpenBootloader/Target/i2c_interface.c:234:43:OPENBL_I2C_WaitNack	16	static
K:/dev/work/object-spectrum/ethos/firmware/examples/stm32wl-openbl-apps/Projects/NUCLEO-WL55JC/Applications/OpenBootloader/OpenBootloader/Target/i2c_interface.c:266:43:OPENBL_I2C_WaitStop	16	static
K:/dev/work/object-spectrum/ethos/firmware/examples/stm32wl-openbl-apps/Projects/NUCLEO-WL55JC/Applications/OpenBootloader/OpenBootloader/Target/i2c_interface.c:318:43:OPENBL_I2C_SendBusyByte	16	static
K:/dev/work/object-spectrum/ethos/firmware/examples/stm32wl-openbl-apps/Projects/NUCLEO-WL55JC/Applications/OpenBootloader/OpenBootloader/Target/i2c_interface.c:44:13:OPENBL_I2C_Init	40	static
K:/dev/work/object-spectrum/ethos/firmware/examples/stm32wl-openbl-apps/Projects/NUCLEO-WL55JC/Applications/OpenBootloader/OpenBootloader/Target/i2c_interface.c:66:6:OPENBL_I2C_Configuration	32	static
K:/dev/work/object-spectrum/ethos/firmware/examples/stm32wl-openbl-apps/Projects/NUCLEO-WL55JC/Applications/OpenBootloader/OpenBootloader/Target/i2c_interface.c:98:6:OPENBL_I2C_DeInit	8	static
K:/dev/work/object-spectrum/ethos/firmware/examples/stm32wl-openbl-apps/Projects/NUCLEO-WL55JC/Applications/OpenBootloader/OpenBootloader/Target/i2c_interface.c:113:9:OPENBL_I2C_ProtocolDetection	4	static
K:/dev/work/object-spectrum/ethos/firmware/examples/stm32wl-openbl-apps/Projects/NUCLEO-WL55JC/Applications/OpenBootloader/OpenBootloader/Target/i2c_interface.c:132:9:OPENBL_I2C_GetCommandOpcode	16	static
K:/dev/work/object-spectrum/ethos/firmware/examples/stm32wl-openbl-apps/Projects/NUCLEO-WL55JC/Applications/OpenBootloader/OpenBootloader/Target/i2c_interface.c:161:9:OPENBL_I2C_ReadByte	16	static
K:/dev/work/object-spectrum/ethos/firmware/examples/stm32wl-openbl-apps/Projects/NUCLEO-WL55JC/Applications/OpenBootloader/OpenBootloader/Target/i2c_interface.c:184:6:OPENBL_I2C_SendByte	24	static
K:/dev/work/object-spectrum/ethos/firmware/examples/stm32wl-openbl-apps/Projects/NUCLEO-WL55JC/Applications/OpenBootloader/OpenBootloader/Target/i2c_interface.c:209:6:OPENBL_I2C_WaitAddress	16	static
K:/dev/work/object-spectrum/ethos/firmware/examples/stm32wl-openbl-apps/Projects/NUCLEO-WL55JC/Applications/OpenBootloader/OpenBootloader/Target/i2c_interface.c:295:6:OPENBL_I2C_SendAcknowledgeByte	16	static
K:/dev/work/object-spectrum/ethos/firmware/examples/stm32wl-openbl-apps/Projects/NUCLEO-WL55JC/Applications/OpenBootloader/OpenBootloader/Target/i2c_interface.c:361:6:OPENBL_I2C_SpecialCommandProcess	16	static
K:/dev/work/object-spectrum/ethos/firmware/examples/stm32wl-openbl-apps/Projects/NUCLEO-WL55JC/Applications/OpenBootloader/OpenBootloader/Target/i2c_interface.c:395:6:OPENBL_Enable_BusyState_Sending	8	static
K:/dev/work/object-spectrum/ethos/firmware/examples/stm32wl-openbl-apps/Projects/NUCLEO-WL55JC/Applications/OpenBootloader/OpenBootloader/Target/i2c_interface.c:405:6:OPENBL_Disable_BusyState_Sending	8	static
