../../../../../../Drivers/STM32WLxx_HAL_Driver/Inc/stm32wlxx_ll_bus.h:449:22:LL_AHB2_GRP1_EnableClock	24	static
../../../../../../Drivers/STM32WLxx_HAL_Driver/Inc/stm32wlxx_ll_bus.h:1303:22:LL_APB2_GRP1_EnableClock	24	static
../../../../../../Drivers/STM32WLxx_HAL_Driver/Inc/stm32wlxx_ll_bus.h:1351:22:LL_APB2_GRP1_DisableClock	16	static
../../../../../../Drivers/STM32WLxx_HAL_Driver/Inc/stm32wlxx_ll_spi.h:359:22:LL_SPI_Enable	16	static
../../../../../../Drivers/STM32WLxx_HAL_Driver/Inc/stm32wlxx_ll_spi.h:371:22:LL_SPI_Disable	16	static
../../../../../../Drivers/STM32WLxx_HAL_Driver/Inc/stm32wlxx_ll_spi.h:666:22:LL_SPI_SetRxFIFOThreshold	16	static
../../../../../../Drivers/STM32WLxx_HAL_Driver/Inc/stm32wlxx_ll_spi.h:906:26:LL_SPI_IsActiveFlag_RXNE	16	static
../../../../../../Drivers/STM32WLxx_HAL_Driver/Inc/stm32wlxx_ll_spi.h:1098:22:LL_SPI_EnableIT_RXNE	16	static
../../../../../../Drivers/STM32WLxx_HAL_Driver/Inc/stm32wlxx_ll_spi.h:1334:25:LL_SPI_ReceiveData8	16	static
K:/dev/work/object-spectrum/ethos/firmware/examples/stm32wl-openbl-apps/Projects/NUCLEO-WL55JC/Applications/OpenBootloader/OpenBootloader/Target/spi_interface.c:222:46:OPENBL_SPI_ReadByte	16	static
K:/dev/work/object-spectrum/ethos/firmware/examples/stm32wl-openbl-apps/Projects/NUCLEO-WL55JC/Applications/OpenBootloader/OpenBootloader/Target/spi_interface.c:284:43:OPENBL_SPI_SendByte	16	static
K:/dev/work/object-spectrum/ethos/firmware/examples/stm32wl-openbl-apps/Projects/NUCLEO-WL55JC/Applications/OpenBootloader/OpenBootloader/Target/spi_interface.c:320:43:OPENBL_SPI_IRQHandler	8	static
K:/dev/work/object-spectrum/ethos/firmware/examples/stm32wl-openbl-apps/Projects/NUCLEO-WL55JC/Applications/OpenBootloader/OpenBootloader/Target/spi_interface.c:254:43:OPENBL_SPI_SendBusyByte	8	static
K:/dev/work/object-spectrum/ethos/firmware/examples/stm32wl-openbl-apps/Projects/NUCLEO-WL55JC/Applications/OpenBootloader/OpenBootloader/Target/spi_interface.c:385:43:OPENBL_SPI_ClearFlag_OVR	16	static
K:/dev/work/object-spectrum/ethos/firmware/examples/stm32wl-openbl-apps/Projects/NUCLEO-WL55JC/Applications/OpenBootloader/OpenBootloader/Target/spi_interface.c:54:13:OPENBL_SPI_Init	48	static
K:/dev/work/object-spectrum/ethos/firmware/examples/stm32wl-openbl-apps/Projects/NUCLEO-WL55JC/Applications/OpenBootloader/OpenBootloader/Target/spi_interface.c:84:6:OPENBL_SPI_Configuration	32	static
K:/dev/work/object-spectrum/ethos/firmware/examples/stm32wl-openbl-apps/Projects/NUCLEO-WL55JC/Applications/OpenBootloader/OpenBootloader/Target/spi_interface.c:140:6:OPENBL_SPI_DeInit	8	static
K:/dev/work/object-spectrum/ethos/firmware/examples/stm32wl-openbl-apps/Projects/NUCLEO-WL55JC/Applications/OpenBootloader/OpenBootloader/Target/spi_interface.c:155:9:OPENBL_SPI_ProtocolDetection	8	static
K:/dev/work/object-spectrum/ethos/firmware/examples/stm32wl-openbl-apps/Projects/NUCLEO-WL55JC/Applications/OpenBootloader/OpenBootloader/Target/spi_interface.c:191:9:OPENBL_SPI_GetCommandOpcode	16	static
K:/dev/work/object-spectrum/ethos/firmware/examples/stm32wl-openbl-apps/Projects/NUCLEO-WL55JC/Applications/OpenBootloader/OpenBootloader/Target/spi_interface.c:299:6:OPENBL_SPI_SendAcknowledgeByte	16	static
K:/dev/work/object-spectrum/ethos/firmware/examples/stm32wl-openbl-apps/Projects/NUCLEO-WL55JC/Applications/OpenBootloader/OpenBootloader/Target/spi_interface.c:362:6:OPENBL_SPI_EnableBusyState	4	static
K:/dev/work/object-spectrum/ethos/firmware/examples/stm32wl-openbl-apps/Projects/NUCLEO-WL55JC/Applications/OpenBootloader/OpenBootloader/Target/spi_interface.c:371:6:OPENBL_SPI_DisableBusyState	4	static
K:/dev/work/object-spectrum/ethos/firmware/examples/stm32wl-openbl-apps/Projects/NUCLEO-WL55JC/Applications/OpenBootloader/OpenBootloader/Target/spi_interface.c:402:6:OPENBL_SPI_SpecialCommandProcess	16	static
