../../../../../../Drivers/STM32WLxx_HAL_Driver/Inc/stm32wlxx_ll_bus.h:449:22:LL_AHB2_GRP1_EnableClock	24	static
../../../../../../Drivers/STM32WLxx_HAL_Driver/Inc/stm32wlxx_ll_bus.h:1303:22:LL_APB2_GRP1_EnableClock	24	static
../../../../../../Drivers/STM32WLxx_HAL_Driver/Inc/stm32wlxx_ll_bus.h:1351:22:LL_APB2_GRP1_DisableClock	16	static
../../../../../../Drivers/STM32WLxx_HAL_Driver/Inc/stm32wlxx_ll_usart.h:627:22:LL_USART_Enable	16	static
../../../../../../Drivers/STM32WLxx_HAL_Driver/Inc/stm32wlxx_ll_usart.h:641:22:LL_USART_Disable	16	static
../../../../../../Drivers/STM32WLxx_HAL_Driver/Inc/stm32wlxx_ll_usart.h:1501:22:LL_USART_EnableAutoBaudRate	16	static
../../../../../../Drivers/STM32WLxx_HAL_Driver/Inc/stm32wlxx_ll_usart.h:1545:22:LL_USART_SetAutoBaudRateMode	16	static
../../../../../../Drivers/STM32WLxx_HAL_Driver/Inc/stm32wlxx_ll_usart.h:2984:26:LL_USART_IsActiveFlag_RXNE_RXFNE	16	static
../../../../../../Drivers/STM32WLxx_HAL_Driver/Inc/stm32wlxx_ll_usart.h:2995:26:LL_USART_IsActiveFlag_TC	16	static
../../../../../../Drivers/STM32WLxx_HAL_Driver/Inc/stm32wlxx_ll_usart.h:4245:25:LL_USART_ReceiveData8	16	static
../../../../../../Drivers/STM32WLxx_HAL_Driver/Inc/stm32wlxx_ll_usart.h:4268:22:LL_USART_TransmitData8	16	static
K:/dev/work/object-spectrum/ethos/firmware/examples/stm32wl-openbl-apps/Projects/NUCLEO-WL55JC/Applications/OpenBootloader/OpenBootloader/Target/usart_interface.c:43:13:OPENBL_USART_Init	40	static
K:/dev/work/object-spectrum/ethos/firmware/examples/stm32wl-openbl-apps/Projects/NUCLEO-WL55JC/Applications/OpenBootloader/OpenBootloader/Target/usart_interface.c:77:6:OPENBL_USART_Configuration	32	static
K:/dev/work/object-spectrum/ethos/firmware/examples/stm32wl-openbl-apps/Projects/NUCLEO-WL55JC/Applications/OpenBootloader/OpenBootloader/Target/usart_interface.c:115:6:OPENBL_USART_DeInit	8	static
K:/dev/work/object-spectrum/ethos/firmware/examples/stm32wl-openbl-apps/Projects/NUCLEO-WL55JC/Applications/OpenBootloader/OpenBootloader/Target/usart_interface.c:130:9:OPENBL_USART_ProtocolDetection	8	static
K:/dev/work/object-spectrum/ethos/firmware/examples/stm32wl-openbl-apps/Projects/NUCLEO-WL55JC/Applications/OpenBootloader/OpenBootloader/Target/usart_interface.c:155:9:OPENBL_USART_GetCommandOpcode	16	static
K:/dev/work/object-spectrum/ethos/firmware/examples/stm32wl-openbl-apps/Projects/NUCLEO-WL55JC/Applications/OpenBootloader/OpenBootloader/Target/usart_interface.c:175:9:OPENBL_USART_ReadByte	8	static
K:/dev/work/object-spectrum/ethos/firmware/examples/stm32wl-openbl-apps/Projects/NUCLEO-WL55JC/Applications/OpenBootloader/OpenBootloader/Target/usart_interface.c:190:6:OPENBL_USART_SendByte	16	static
K:/dev/work/object-spectrum/ethos/firmware/examples/stm32wl-openbl-apps/Projects/NUCLEO-WL55JC/Applications/OpenBootloader/OpenBootloader/Target/usart_interface.c:205:6:OPENBL_USART_SpecialCommandProcess	16	static
