K:/dev/work/object-spectrum/ethos/firmware/examples/stm32wl-openbl-apps/Projects/NUCLEO-WL55JC/Applications/OpenBootloader/OpenBootloader/App/app_openbootloader.c:96:6:OpenBootloader_Init	8	static
K:/dev/work/object-spectrum/ethos/firmware/examples/stm32wl-openbl-apps/Projects/NUCLEO-WL55JC/Applications/OpenBootloader/OpenBootloader/App/app_openbootloader.c:134:6:OpenBootloader_DeInit	8	static
K:/dev/work/object-spectrum/ethos/firmware/examples/stm32wl-openbl-apps/Projects/NUCLEO-WL55JC/Applications/OpenBootloader/OpenBootloader/App/app_openbootloader.c:144:6:OpenBootloader_ProtocolDetection	8	static
