K:/dev/work/object-spectrum/ethos/firmware/examples/stm32wl-openbl-apps/Projects/NUCLEO-WL55JC/Applications/OpenBootloader/Core/Src/main.c:39:5:main	1
K:/dev/work/object-spectrum/ethos/firmware/examples/stm32wl-openbl-apps/Projects/NUCLEO-WL55JC/Applications/OpenBootloader/Core/Src/main.c:85:6:SystemClock_Config	3
K:/dev/work/object-spectrum/ethos/firmware/examples/stm32wl-openbl-apps/Projects/NUCLEO-WL55JC/Applications/OpenBootloader/Core/Src/main.c:131:6:System_DeInit	1
K:/dev/work/object-spectrum/ethos/firmware/examples/stm32wl-openbl-apps/Projects/NUCLEO-WL55JC/Applications/OpenBootloader/Core/Src/main.c:143:6:Error_Handler	1
