K:/dev/work/object-spectrum/ethos/firmware/examples/stm32wl-openbl-apps/Projects/NUCLEO-WL55JC/Applications/OpenBootloader/Core/Src/main.c:39:5:main	32	static
K:/dev/work/object-spectrum/ethos/firmware/examples/stm32wl-openbl-apps/Projects/NUCLEO-WL55JC/Applications/OpenBootloader/Core/Src/main.c:93:6:SystemClock_Config	112	static
K:/dev/work/object-spectrum/ethos/firmware/examples/stm32wl-openbl-apps/Projects/NUCLEO-WL55JC/Applications/OpenBootloader/Core/Src/main.c:139:6:System_DeInit	8	static
K:/dev/work/object-spectrum/ethos/firmware/examples/stm32wl-openbl-apps/Projects/NUCLEO-WL55JC/Applications/OpenBootloader/Core/Src/main.c:151:6:Error_Handler	4	static
