K:/dev/work/object-spectrum/ethos/firmware/examples/stm32wl-openbl-apps/Projects/NUCLEO-WL55JC/Applications/OpenBootloader/Core/Src/stm32wlxx_it.c:41:6:NMI_Handler	4	static
K:/dev/work/object-spectrum/ethos/firmware/examples/stm32wl-openbl-apps/Projects/NUCLEO-WL55JC/Applications/OpenBootloader/Core/Src/stm32wlxx_it.c:51:6:HardFault_Handler	4	static
K:/dev/work/object-spectrum/ethos/firmware/examples/stm32wl-openbl-apps/Projects/NUCLEO-WL55JC/Applications/OpenBootloader/Core/Src/stm32wlxx_it.c:61:6:MemManage_Handler	4	static
K:/dev/work/object-spectrum/ethos/firmware/examples/stm32wl-openbl-apps/Projects/NUCLEO-WL55JC/Applications/OpenBootloader/Core/Src/stm32wlxx_it.c:71:6:BusFault_Handler	4	static
K:/dev/work/object-spectrum/ethos/firmware/examples/stm32wl-openbl-apps/Projects/NUCLEO-WL55JC/Applications/OpenBootloader/Core/Src/stm32wlxx_it.c:81:6:UsageFault_Handler	4	static
K:/dev/work/object-spectrum/ethos/firmware/examples/stm32wl-openbl-apps/Projects/NUCLEO-WL55JC/Applications/OpenBootloader/Core/Src/stm32wlxx_it.c:91:6:SVC_Handler	4	static
K:/dev/work/object-spectrum/ethos/firmware/examples/stm32wl-openbl-apps/Projects/NUCLEO-WL55JC/Applications/OpenBootloader/Core/Src/stm32wlxx_it.c:98:6:DebugMon_Handler	4	static
K:/dev/work/object-spectrum/ethos/firmware/examples/stm32wl-openbl-apps/Projects/NUCLEO-WL55JC/Applications/OpenBootloader/Core/Src/stm32wlxx_it.c:105:6:PendSV_Handler	4	static
K:/dev/work/object-spectrum/ethos/firmware/examples/stm32wl-openbl-apps/Projects/NUCLEO-WL55JC/Applications/OpenBootloader/Core/Src/stm32wlxx_it.c:112:6:SysTick_Handler	8	static
